Archive member included to satisfy reference by file (symbol)

C:/ST/STM32CubeIDE_1.18.0/STM32CubeIDE/plugins/com.st.stm32cube.ide.mcu.externaltools.gnu-tools-for-stm32.13.3.rel1.win32_1.0.0.202411081344/tools/bin/../lib/gcc/arm-none-eabi/13.3.1/../../../../arm-none-eabi/lib/thumb/v7e-m+fp/hard\libc_nano.a(libc_a-exit.o)
                              C:/ST/STM32CubeIDE_1.18.0/STM32CubeIDE/plugins/com.st.stm32cube.ide.mcu.externaltools.gnu-tools-for-stm32.13.3.rel1.win32_1.0.0.202411081344/tools/bin/../lib/gcc/arm-none-eabi/13.3.1/../../../../arm-none-eabi/lib/thumb/v7e-m+fp/hard/crt0.o (exit)
C:/ST/STM32CubeIDE_1.18.0/STM32CubeIDE/plugins/com.st.stm32cube.ide.mcu.externaltools.gnu-tools-for-stm32.13.3.rel1.win32_1.0.0.202411081344/tools/bin/../lib/gcc/arm-none-eabi/13.3.1/../../../../arm-none-eabi/lib/thumb/v7e-m+fp/hard\libc_nano.a(libc_a-strtoul.o)
                              ./Core/Src/comport.o (strtoul)
C:/ST/STM32CubeIDE_1.18.0/STM32CubeIDE/plugins/com.st.stm32cube.ide.mcu.externaltools.gnu-tools-for-stm32.13.3.rel1.win32_1.0.0.202411081344/tools/bin/../lib/gcc/arm-none-eabi/13.3.1/../../../../arm-none-eabi/lib/thumb/v7e-m+fp/hard\libc_nano.a(libc_a-ctype_.o)
                              ./Core/Src/comport.o (_ctype_)
C:/ST/STM32CubeIDE_1.18.0/STM32CubeIDE/plugins/com.st.stm32cube.ide.mcu.externaltools.gnu-tools-for-stm32.13.3.rel1.win32_1.0.0.202411081344/tools/bin/../lib/gcc/arm-none-eabi/13.3.1/../../../../arm-none-eabi/lib/thumb/v7e-m+fp/hard\libc_nano.a(libc_a-findfp.o)
                              C:/ST/STM32CubeIDE_1.18.0/STM32CubeIDE/plugins/com.st.stm32cube.ide.mcu.externaltools.gnu-tools-for-stm32.13.3.rel1.win32_1.0.0.202411081344/tools/bin/../lib/gcc/arm-none-eabi/13.3.1/../../../../arm-none-eabi/lib/thumb/v7e-m+fp/hard\libc_nano.a(libc_a-exit.o) (__stdio_exit_handler)
C:/ST/STM32CubeIDE_1.18.0/STM32CubeIDE/plugins/com.st.stm32cube.ide.mcu.externaltools.gnu-tools-for-stm32.13.3.rel1.win32_1.0.0.202411081344/tools/bin/../lib/gcc/arm-none-eabi/13.3.1/../../../../arm-none-eabi/lib/thumb/v7e-m+fp/hard\libc_nano.a(libc_a-fwalk.o)
                              C:/ST/STM32CubeIDE_1.18.0/STM32CubeIDE/plugins/com.st.stm32cube.ide.mcu.externaltools.gnu-tools-for-stm32.13.3.rel1.win32_1.0.0.202411081344/tools/bin/../lib/gcc/arm-none-eabi/13.3.1/../../../../arm-none-eabi/lib/thumb/v7e-m+fp/hard\libc_nano.a(libc_a-findfp.o) (_fwalk_sglue)
C:/ST/STM32CubeIDE_1.18.0/STM32CubeIDE/plugins/com.st.stm32cube.ide.mcu.externaltools.gnu-tools-for-stm32.13.3.rel1.win32_1.0.0.202411081344/tools/bin/../lib/gcc/arm-none-eabi/13.3.1/../../../../arm-none-eabi/lib/thumb/v7e-m+fp/hard\libc_nano.a(libc_a-stdio.o)
                              C:/ST/STM32CubeIDE_1.18.0/STM32CubeIDE/plugins/com.st.stm32cube.ide.mcu.externaltools.gnu-tools-for-stm32.13.3.rel1.win32_1.0.0.202411081344/tools/bin/../lib/gcc/arm-none-eabi/13.3.1/../../../../arm-none-eabi/lib/thumb/v7e-m+fp/hard\libc_nano.a(libc_a-findfp.o) (__sread)
C:/ST/STM32CubeIDE_1.18.0/STM32CubeIDE/plugins/com.st.stm32cube.ide.mcu.externaltools.gnu-tools-for-stm32.13.3.rel1.win32_1.0.0.202411081344/tools/bin/../lib/gcc/arm-none-eabi/13.3.1/../../../../arm-none-eabi/lib/thumb/v7e-m+fp/hard\libc_nano.a(libc_a-vsnprintf.o)
                              ./Core/Src/comport.o (vsnprintf)
C:/ST/STM32CubeIDE_1.18.0/STM32CubeIDE/plugins/com.st.stm32cube.ide.mcu.externaltools.gnu-tools-for-stm32.13.3.rel1.win32_1.0.0.202411081344/tools/bin/../lib/gcc/arm-none-eabi/13.3.1/../../../../arm-none-eabi/lib/thumb/v7e-m+fp/hard\libc_nano.a(libc_a-memcmp.o)
                              ./Core/Src/protocol.o (memcmp)
C:/ST/STM32CubeIDE_1.18.0/STM32CubeIDE/plugins/com.st.stm32cube.ide.mcu.externaltools.gnu-tools-for-stm32.13.3.rel1.win32_1.0.0.202411081344/tools/bin/../lib/gcc/arm-none-eabi/13.3.1/../../../../arm-none-eabi/lib/thumb/v7e-m+fp/hard\libc_nano.a(libc_a-memset.o)
                              C:/ST/STM32CubeIDE_1.18.0/STM32CubeIDE/plugins/com.st.stm32cube.ide.mcu.externaltools.gnu-tools-for-stm32.13.3.rel1.win32_1.0.0.202411081344/tools/bin/../lib/gcc/arm-none-eabi/13.3.1/../../../../arm-none-eabi/lib/thumb/v7e-m+fp/hard/crt0.o (memset)
C:/ST/STM32CubeIDE_1.18.0/STM32CubeIDE/plugins/com.st.stm32cube.ide.mcu.externaltools.gnu-tools-for-stm32.13.3.rel1.win32_1.0.0.202411081344/tools/bin/../lib/gcc/arm-none-eabi/13.3.1/../../../../arm-none-eabi/lib/thumb/v7e-m+fp/hard\libc_nano.a(libc_a-strncpy.o)
                              ./USB_DEVICE/App/usbd_cdc_if.o (strncpy)
C:/ST/STM32CubeIDE_1.18.0/STM32CubeIDE/plugins/com.st.stm32cube.ide.mcu.externaltools.gnu-tools-for-stm32.13.3.rel1.win32_1.0.0.202411081344/tools/bin/../lib/gcc/arm-none-eabi/13.3.1/../../../../arm-none-eabi/lib/thumb/v7e-m+fp/hard\libc_nano.a(libc_a-strtok.o)
                              ./Core/Src/comport.o (strtok)
[...]
Memory Configuration

Name             Origin             Length             Attributes
RAM              0x20000000         0x00020000         xrw
FLASH            0x08000000         0x00080000         xr
*default*        0x00000000         0xffffffff

Linker script and memory map

LOAD C:/ST/STM32CubeIDE_1.18.0/STM32CubeIDE/plugins/com.st.stm32cube.ide.mcu.externaltools.gnu-tools-for-stm32.13.3.rel1.win32_1.0.0.202411081344/tools/bin/../lib/gcc/arm-none-eabi/13.3.1/thumb/v7e-m+fp/hard/crti.o
LOAD C:/ST/STM32CubeIDE_1.18.0/STM32CubeIDE/plugins/com.st.stm32cube.ide.mcu.externaltools.gnu-tools-for-stm32.13.3.rel1.win32_1.0.0.202411081344/tools/bin/../lib/gcc/arm-none-eabi/13.3.1/thumb/v7e-m+fp/hard/crtbegin.o
LOAD C:/ST/STM32CubeIDE_1.18.0/STM32CubeIDE/plugins/com.st.stm32cube.ide.mcu.externaltools.gnu-tools-for-stm32.13.3.rel1.win32_1.0.0.202411081344/tools/bin/../lib/gcc/arm-none-eabi/13.3.1/../../../../arm-none-eabi/lib/thumb/v7e-m+fp/hard/crt0.o
LOAD ./Core/Src/comport.o
LOAD ./Core/Src/main.o
LOAD ./Core/Src/protocol.o
LOAD ./Core/Src/stm32f4xx_hal_msp.o
LOAD ./Core/Src/stm32f4xx_it.o
LOAD ./Core/Src/syscalls.o
LOAD ./Core/Src/sysmem.o
LOAD ./Core/Src/system_stm32f4xx.o
LOAD ./Core/Startup/startup_stm32f411ceux.o
LOAD ./Drivers/STM32F4xx_HAL_Driver/Src/stm32f4xx_hal.o
LOAD ./Drivers/STM32F4xx_HAL_Driver/Src/stm32f4xx_hal_cortex.o
LOAD ./Drivers/STM32F4xx_HAL_Driver/Src/stm32f4xx_hal_dma.o
LOAD ./Drivers/STM32F4xx_HAL_Driver/Src/stm32f4xx_hal_dma_ex.o
LOAD ./Drivers/STM32F4xx_HAL_Driver/Src/stm32f4xx_hal_exti.o
LOAD ./Drivers/STM32F4xx_HAL_Driver/Src/stm32f4xx_hal_flash.o
LOAD ./Drivers/STM32F4xx_HAL_Driver/Src/stm32f4xx_hal_flash_ex.o
LOAD ./Drivers/STM32F4xx_HAL_Driver/Src/stm32f4xx_hal_flash_ramfunc.o
LOAD ./Drivers/STM32F4xx_HAL_Driver/Src/stm32f4xx_hal_gpio.o
LOAD ./Drivers/STM32F4xx_HAL_Driver/Src/stm32f4xx_hal_pcd.o
LOAD ./Drivers/STM32F4xx_HAL_Driver/Src/stm32f4xx_hal_pcd_ex.o
LOAD ./Drivers/STM32F4xx_HAL_Driver/Src/stm32f4xx_hal_pwr.o
LOAD ./Drivers/STM32F4xx_HAL_Driver/Src/stm32f4xx_hal_pwr_ex.o
LOAD ./Drivers/STM32F4xx_HAL_Driver/Src/stm32f4xx_hal_rcc.o
LOAD ./Drivers/STM32F4xx_HAL_Driver/Src/stm32f4xx_hal_rcc_ex.o
LOAD ./Drivers/STM32F4xx_HAL_Driver/Src/stm32f4xx_hal_tim.o
LOAD ./Drivers/STM32F4xx_HAL_Driver/Src/stm32f4xx_hal_tim_ex.o
LOAD ./Drivers/STM32F4xx_HAL_Driver/Src/stm32f4xx_ll_usb.o
LOAD ./Middlewares/ST/STM32_USB_Device_Library/Class/CDC/Src/usbd_cdc.o
LOAD ./Middlewares/ST/STM32_USB_Device_Library/Core/Src/usbd_core.o
LOAD ./Middlewares/ST/STM32_USB_Device_Library/Core/Src/usbd_ctlreq.o
LOAD ./Middlewares/ST/STM32_USB_Device_Library/Core/Src/usbd_ioreq.o
LOAD ./USB_DEVICE/App/usb_device.o
LOAD ./USB_DEVICE/App/usbd_cdc_if.o
LOAD ./USB_DEVICE/App/usbd_desc.o
LOAD ./USB_DEVICE/Target/usbd_conf.o
START GROUP
LOAD C:/ST/STM32CubeIDE_1.18.0/STM32CubeIDE/plugins/com.st.stm32cube.ide.mcu.externaltools.gnu-tools-for-stm32.13.3.rel1.win32_1.0.0.202411081344/tools/bin/../lib/gcc/arm-none-eabi/13.3.1/../../../../arm-none-eabi/lib/thumb/v7e-m+fp/hard\libstdc++_nano.a
LOAD C:/ST/STM32CubeIDE_1.18.0/STM32CubeIDE/plugins/com.st.stm32cube.ide.mcu.externaltools.gnu-tools-for-stm32.13.3.rel1.win32_1.0.0.202411081344/tools/bin/../lib/gcc/arm-none-eabi/13.3.1/../../../../arm-none-eabi/lib/thumb/v7e-m+fp/hard\libsupc++_nano.a
END GROUP
LOAD C:/ST/STM32CubeIDE_1.18.0/STM32CubeIDE/plugins/com.st.stm32cube.ide.mcu.externaltools.gnu-tools-for-stm32.13.3.rel1.win32_1.0.0.202411081344/tools/bin/../lib/gcc/arm-none-eabi/13.3.1/../../../../arm-none-eabi/lib/thumb/v7e-m+fp/hard\libstdc++_nano.a
LOAD C:/ST/STM32CubeIDE_1.18.0/STM32CubeIDE/plugins/com.st.stm32cube.ide.mcu.externaltools.gnu-tools-for-stm32.13.3.rel1.win32_1.0.0.202411081344/tools/bin/../lib/gcc/arm-none-eabi/13.3.1/../../../../arm-none-eabi/lib/thumb/v7e-m+fp/hard\libm.a
LOAD C:/ST/STM32CubeIDE_1.18.0/STM32CubeIDE/plugins/com.st.stm32cube.ide.mcu.externaltools.gnu-tools-for-stm32.13.3.rel1.win32_1.0.0.202411081344/tools/bin/../lib/gcc/arm-none-eabi/13.3.1/../../../../arm-none-eabi/lib/thumb/v7e-m+fp/hard\libc_nano.a
START GROUP
LOAD C:/ST/STM32CubeIDE_1.18.0/STM32CubeIDE/plugins/com.st.stm32cube.ide.mcu.externaltools.gnu-tools-for-stm32.13.3.rel1.win32_1.0.0.202411081344/tools/bin/../lib/gcc/arm-none-eabi/13.3.1/thumb/v7e-m+fp/hard\libgcc.a
LOAD C:/ST/STM32CubeIDE_1.18.0/STM32CubeIDE/plugins/com.st.stm32cube.ide.mcu.externaltools.gnu-tools-for-stm32.13.3.rel1.win32_1.0.0.202411081344/tools/bin/../lib/gcc/arm-none-eabi/13.3.1/../../../../arm-none-eabi/lib/thumb/v7e-m+fp/hard\libc_nano.a
END GROUP
START GROUP
LOAD C:/ST/STM32CubeIDE_1.18.0/STM32CubeIDE/plugins/com.st.stm32cube.ide.mcu.externaltools.gnu-tools-for-stm32.13.3.rel1.win32_1.0.0.202411081344/tools/bin/../lib/gcc/arm-none-eabi/13.3.1/thumb/v7e-m+fp/hard\libgcc.a
LOAD C:/ST/STM32CubeIDE_1.18.0/STM32CubeIDE/plugins/com.st.stm32cube.ide.mcu.externaltools.gnu-tools-for-stm32.13.3.rel1.win32_1.0.0.202411081344/tools/bin/../lib/gcc/arm-none-eabi/13.3.1/../../../../arm-none-eabi/lib/thumb/v7e-m+fp/hard\libc_nano.a
LOAD C:/ST/STM32CubeIDE_1.18.0/STM32CubeIDE/plugins/com.st.stm32cube.ide.mcu.externaltools.gnu-tools-for-stm32.13.3.rel1.win32_1.0.0.202411081344/tools/bin/../lib/gcc/arm-none-eabi/13.3.1/../../../../arm-none-eabi/lib/thumb/v7e-m+fp/hard\libnosys.a
END GROUP
START GROUP
LOAD C:/ST/STM32CubeIDE_1.18.0/STM32CubeIDE/plugins/com.st.stm32cube.ide.mcu.externaltools.gnu-tools-for-stm32.13.3.rel1.win32_1.0.0.202411081344/tools/bin/../lib/gcc/arm-none-eabi/13.3.1/thumb/v7e-m+fp/hard\libgcc.a
LOAD C:/ST/STM32CubeIDE_1.18.0/STM32CubeIDE/plugins/com.st.stm32cube.ide.mcu.externaltools.gnu-tools-for-stm32.13.3.rel1.win32_1.0.0.202411081344/tools/bin/../lib/gcc/arm-none-eabi/13.3.1/../../../../arm-none-eabi/lib/thumb/v7e-m+fp/hard\libc_nano.a
LOAD C:/ST/STM32CubeIDE_1.18.0/STM32CubeIDE/plugins/com.st.stm32cube.ide.mcu.externaltools.gnu-tools-for-stm32.13.3.rel1.win32_1.0.0.202411081344/tools/bin/../lib/gcc/arm-none-eabi/13.3.1/../../../../arm-none-eabi/lib/thumb/v7e-m+fp/hard\libnosys.a
END GROUP
LOAD C:/ST/STM32CubeIDE_1.18.0/STM32CubeIDE/plugins/com.st.stm32cube.ide.mcu.externaltools.gnu-tools-for-stm32.13.3.rel1.win32_1.0.0.202411081344/tools/bin/../lib/gcc/arm-none-eabi/13.3.1/thumb/v7e-m+fp/hard/crtend.o
LOAD C:/ST/STM32CubeIDE_1.18.0/STM32CubeIDE/plugins/com.st.stm32cube.ide.mcu.externaltools.gnu-tools-for-stm32.13.3.rel1.win32_1.0.0.202411081344/tools/bin/../lib/gcc/arm-none-eabi/13.3.1/thumb/v7e-m+fp/hard/crtn.o
                0x20020000                        _estack = (ORIGIN (RAM) + LENGTH (RAM))
                0x00000200                        _Min_Heap_Size = 0x200
                0x00000400                        _Min_Stack_Size = 0x400

.isr_vector     0x08000000      0x198
                0x08000000                        . = ALIGN (0x4)
 *(.isr_vector)
 .isr_vector    0x08000000      0x198 ./Core/Startup/startup_stm32f411ceux.o
                0x08000000                g_pfnVectors
                0x08000198                        . = ALIGN (0x4)

.text           0x080001a0     0xc064
                0x080001a0                        . = ALIGN (0x4)
 *(.text)
 .text          0x080001a0       0x40 C:/ST/STM32CubeIDE_1.18.0/STM32CubeIDE/plugins/com.st.stm32cube.ide.mcu.externaltools.gnu-tools-for-stm32.13.3.rel1.win32_1.0.0.202411081344/tools/bin/../lib/gcc/arm-none-eabi/13.3.1/thumb/v7e-m+fp/hard/crtbegin.o
 .text          0x080001e0       0x14 C:/ST/STM32CubeIDE_1.18.0/STM32CubeIDE/plugins/com.st.stm32cube.ide.mcu.externaltools.gnu-tools-for-stm32.13.3.rel1.win32_1.0.0.202411081344/tools/bin/../lib/gcc/arm-none-eabi/13.3.1/../../../../arm-none-eabi/lib/thumb/v7e-m+fp/hard\libc_nano.a(libc_a-strcmp.o)
                0x080001e0                strcmp
 .text          0x080001f4       0x10 C:/ST/STM32CubeIDE_1.18.0/STM32CubeIDE/plugins/com.st.stm32cube.ide.mcu.externaltools.gnu-tools-for-stm32.13.3.rel1.win32_1.0.0.202411081344/tools/bin/../lib/gcc/arm-none-eabi/13.3.1/../../../../arm-none-eabi/lib/thumb/v7e-m+fp/hard\libc_nano.a(libc_a-strlen.o)
                0x080001f4                strlen
 *fill*         0x08000204        0xc 
 .text          0x08000210       0xa0 C:/ST/STM32CubeIDE_1.18.0/STM32CubeIDE/plugins/com.st.stm32cube.ide.mcu.externaltools.gnu-tools-for-stm32.13.3.rel1.win32_1.0.0.202411081344/tools/bin/../lib/gcc/arm-none-eabi/13.3.1/../../../../arm-none-eabi/lib/thumb/v7e-m+fp/hard\libc_nano.a(libc_a-memchr.o)
                0x08000210                memchr
 .text          0x080002b0       0x30 C:/ST/STM32CubeIDE_1.18.0/STM32CubeIDE/plugins/com.st.stm32cube.ide.mcu.externaltools.gnu-tools-for-stm32.13.3.rel1.win32_1.0.0.202411081344/tools/bin/../lib/gcc/arm-none-eabi/13.3.1/thumb/v7e-m+fp/hard\libgcc.a(_aeabi_uldivmod.o)
                0x080002b0                __aeabi_uldivmod
 .text          0x080002e0      0x2f8 C:/ST/STM32CubeIDE_1.18.0/STM32CubeIDE/plugins/com.st.stm32cube.ide.mcu.externaltools.gnu-tools-for-stm32.13.3.rel1.win32_1.0.0.202411081344/tools/bin/../lib/gcc/arm-none-eabi/13.3.1/thumb/v7e-m+fp/hard\libgcc.a(_udivmoddi4.o)
                0x080002e0                __udivmoddi4
 .text          0x080005d8        0x4 C:/ST/STM32CubeIDE_1.18.0/STM32CubeIDE/plugins/com.st.stm32cube.ide.mcu.externaltools.gnu-tools-for-stm32.13.3.rel1.win32_1.0.0.202411081344/tools/bin/../lib/gcc/arm-none-eabi/13.3.1/thumb/v7e-m+fp/hard\libgcc.a(_dvmd_tls.o)
                0x080005d8                __aeabi_idiv0
                0x080005d8                __aeabi_ldiv0
 *(.text*)
 .text.comport_send_response
                0x080005dc       0x92 ./Core/Src/comport.o
                0x080005dc                comport_send_response
 .text.comport_poll
                0x0800066e       0x2e ./Core/Src/comport.o
                0x0800066e                comport_poll
 .text.comport_clear_command
                0x0800069c       0x18 ./Core/Src/comport.o
                0x0800069c                comport_clear_command
 .text.comport_process_line
                0x080006b4      0x7d0 ./Core/Src/comport.o
                0x080006b4                comport_process_line
 .text.comport_print_found_roms
                0x08000e84       0x80 ./Core/Src/comport.o
                0x08000e84                comport_print_found_roms
 .text.comport_print_received_data
                0x08000f04       0x58 ./Core/Src/comport.o
                0x08000f04                comport_print_received_data
 .text.str_eq_ci
                0x08000f5c       0xa4 ./Core/Src/comport.o
 .text.token_has_hex_letters
                0x08001000       0x48 ./Core/Src/comport.o
 .text.token_is_hex_string
                0x08001048       0x54 ./Core/Src/comport.o
 .text.parse_size_token
                0x0800109c       0x8e ./Core/Src/comport.o
 .text.parse_byte_token
                0x0800112a       0xb4 ./Core/Src/comport.o
 *fill*         0x080011de        0x2 
 .text.parse_packet_type_token
                0x080011e0       0xd4 ./Core/Src/comport.o
 .text.parse_rom_token
                0x080012b4       0xc4 ./Core/Src/comport.o
 .text.parse_func_token
                0x08001378       0xe0 ./Core/Src/comport.o
 .text.rom_requires_address
                0x08001458       0x22 ./Core/Src/comport.o
 *fill*         0x0800147a        0x2 
 .text.parse_address_tokens
                0x0800147c      0x128 ./Core/Src/comport.o
 .text.print_help
                0x080015a4       0x9c ./Core/Src/comport.o
 .text.HAL_TIM_PeriodElapsedCallback
                0x08001640       0x16 ./Core/Src/main.o
                0x08001640                HAL_TIM_PeriodElapsedCallback
 *fill*         0x08001656        0x2 
 .text.main     0x08001658      0x2e4 ./Core/Src/main.o
                0x08001658                main
 .text.SystemClock_Config
                0x0800193c       0xd8 ./Core/Src/main.o
                0x0800193c                SystemClock_Config
 .text.MX_TIM2_Init
                0x08001a14       0x98 ./Core/Src/main.o
 .text.MX_GPIO_Init
                0x08001aac       0xec ./Core/Src/main.o
 .text.Error_Handler
                0x08001b98        0xc ./Core/Src/main.o
                0x08001b98                Error_Handler
 .text.start_timer
                0x08001ba4       0x1c ./Core/Src/protocol.o
 .text.stop_timer
                0x08001bc0       0x14 ./Core/Src/protocol.o
 .text.rom_cmd_has_address
                0x08001bd4       0x22 ./Core/Src/protocol.o
 *fill*         0x08001bf6        0x2 
 .text.start_power_phase
                0x08001bf8       0x58 ./Core/Src/protocol.o
 .text.crc5     0x08001c50       0x70 ./Core/Src/protocol.o
                0x08001c50                crc5
 .text.check_crc5
                0x08001cc0       0x32 ./Core/Src/protocol.o
                0x08001cc0                check_crc5
 *fill*         0x08001cf2        0x2 
 .text.clear_received_data
                0x08001cf4       0x54 ./Core/Src/protocol.o
                0x08001cf4                clear_received_data
 .text.rom_get_bit
                0x08001d48       0x3e ./Core/Src/protocol.o
 .text.rom_set_bit
                0x08001d86       0x72 ./Core/Src/protocol.o
 .text.clear_search_active_flags
                0x08001df8       0x2c ./Core/Src/protocol.o
 .text.clear_rom_list
                0x08001e24       0x22 ./Core/Src/protocol.o
 .text.rom_is_equal
                0x08001e46       0x28 ./Core/Src/protocol.o
 .text.append_unique_rom
                0x08001e6e       0x66 ./Core/Src/protocol.o
 .text.search_get_current_result_count
                0x08001ed4       0x40 ./Core/Src/protocol.o
 .text.handle_service_flags_after_segment
                0x08001f14       0x94 ./Core/Src/protocol.o
 .text.search_engine_reset
                0x08001fa8       0xdc ./Core/Src/protocol.o
 .text.search_rom_packet_reset
                0x08002084       0x48 ./Core/Src/protocol.o
                0x08002084                search_rom_packet_reset
 .text.search_prepare_next_device
                0x080020cc       0x78 ./Core/Src/protocol.o
 .text.search_choose_direction
                0x08002144       0xb8 ./Core/Src/protocol.o
 .text.search_store_found_device
                0x080021fc       0x88 ./Core/Src/protocol.o
 .text.start_search_segment
                0x08002284       0x34 ./Core/Src/protocol.o
 .text.on_search_segment_done
                0x080022b8       0x44 ./Core/Src/protocol.o
 .text.search_packet_async_with_cmd
                0x080022fc      0x118 ./Core/Src/protocol.o
 .text.search_rom_packet_async
                0x08002414       0x14 ./Core/Src/protocol.o
                0x08002414                search_rom_packet_async
 .text.search_new_devices_packet_async
                0x08002428       0x14 ./Core/Src/protocol.o
 .text.search_interrupt_packet_async
                0x0800243c       0x14 ./Core/Src/protocol.o
                0x0800243c                search_interrupt_packet_async
 .text.search_alarm_packet_async
                0x08002450       0x14 ./Core/Src/protocol.o
                0x08002450                search_alarm_packet_async
 .text.start_segment
                0x08002464       0x78 ./Core/Src/protocol.o
 .text.start_received_segment
                0x080024dc       0x68 ./Core/Src/protocol.o
 .text.on_segment_done
                0x08002544       0xfc ./Core/Src/protocol.o
 .text.on_received_segment_done
                0x08002640       0x8c ./Core/Src/protocol.o
 .text.next_step
                0x080026cc      0x30c ./Core/Src/protocol.o
 .text.send_pack_async
                0x080029d8       0xc0 ./Core/Src/protocol.o
                0x080029d8                send_pack_async
 .text.receive_pack_async
                0x08002a98       0xc8 ./Core/Src/protocol.o
                0x08002a98                receive_pack_async
 .text.receive_pack_skip_async
                0x08002b60       0xc0 ./Core/Src/protocol.o
                0x08002b60                receive_pack_skip_async
 .text.start_interrupt_processing
                0x08002c20       0x68 ./Core/Src/protocol.o
 .text.continue_interrupt_processing
                0x08002c88       0xf0 ./Core/Src/protocol.o
 .text.start_alarm_processing
                0x08002d78       0x6c ./Core/Src/protocol.o
 .text.continue_alarm_processing
                0x08002de4       0x5c ./Core/Src/protocol.o
 .text.protocol_poll
                0x08002e40       0x74 ./Core/Src/protocol.o
                0x08002e40                protocol_poll
 .text.protocol_clear_event
                0x08002eb4       0x18 ./Core/Src/protocol.o
                0x08002eb4                protocol_clear_event
 .text.protocol_clear_packet_abort_flag
                0x08002ecc       0x18 ./Core/Src/protocol.o
                0x08002ecc                protocol_clear_packet_abort_flag
 .text.protocol_timer_irq_handler
                0x08002ee4      0x6f8 ./Core/Src/protocol.o
                0x08002ee4                protocol_timer_irq_handler
 .text.protocol_init
                0x080035dc       0xac ./Core/Src/protocol.o
                0x080035dc                protocol_init
 .text.protocol_is_busy
                0x08003688       0x20 ./Core/Src/protocol.o
                0x08003688                protocol_is_busy
 .text.HAL_MspInit
                0x080036a8       0x8c ./Core/Src/stm32f4xx_hal_msp.o
                0x080036a8                HAL_MspInit
 .text.HAL_TIM_Base_MspInit
                0x08003734       0x4c ./Core/Src/stm32f4xx_hal_msp.o
                0x08003734                HAL_TIM_Base_MspInit
 .text.NMI_Handler
                0x08003780        0x8 ./Core/Src/stm32f4xx_it.o
                0x08003780                NMI_Handler
 .text.HardFault_Handler
                0x08003788        0x8 ./Core/Src/stm32f4xx_it.o
                0x08003788                HardFault_Handler
 .text.MemManage_Handler
                0x08003790        0x8 ./Core/Src/stm32f4xx_it.o
                0x08003790                MemManage_Handler
 .text.BusFault_Handler
                0x08003798        0x8 ./Core/Src/stm32f4xx_it.o
                0x08003798                BusFault_Handler
 .text.UsageFault_Handler
                0x080037a0        0x8 ./Core/Src/stm32f4xx_it.o
                0x080037a0                UsageFault_Handler
 .text.SVC_Handler
                0x080037a8        0xe ./Core/Src/stm32f4xx_it.o
                0x080037a8                SVC_Handler
 .text.DebugMon_Handler
                0x080037b6        0xe ./Core/Src/stm32f4xx_it.o
                0x080037b6                DebugMon_Handler
 .text.PendSV_Handler
                0x080037c4        0xe ./Core/Src/stm32f4xx_it.o
                0x080037c4                PendSV_Handler
 .text.SysTick_Handler
                0x080037d2        0xc ./Core/Src/stm32f4xx_it.o
                0x080037d2                SysTick_Handler
 .text.PVD_IRQHandler
                0x080037de        0xc ./Core/Src/stm32f4xx_it.o
                0x080037de                PVD_IRQHandler
 .text.FLASH_IRQHandler
                0x080037ea        0xc ./Core/Src/stm32f4xx_it.o
                0x080037ea                FLASH_IRQHandler
 .text.RCC_IRQHandler
                0x080037f6        0xe ./Core/Src/stm32f4xx_it.o
                0x080037f6                RCC_IRQHandler
 .text.TIM2_IRQHandler
                0x08003804       0x14 ./Core/Src/stm32f4xx_it.o
                0x08003804                TIM2_IRQHandler
 .text.OTG_FS_IRQHandler
                0x08003818       0x14 ./Core/Src/stm32f4xx_it.o
                0x08003818                OTG_FS_IRQHandler
 .text.FPU_IRQHandler
                0x0800382c        0xe ./Core/Src/stm32f4xx_it.o
                0x0800382c                FPU_IRQHandler
 .text._getpid  0x0800383a       0x10 ./Core/Src/syscalls.o
                0x0800383a                _getpid
 .text._kill    0x0800384a       0x20 ./Core/Src/syscalls.o
                0x0800384a                _kill
 .text._exit    0x0800386a       0x16 ./Core/Src/syscalls.o
                0x0800386a                _exit
 .text._read    0x08003880       0x3a ./Core/Src/syscalls.o
                0x08003880                _read
 .text._write   0x080038ba       0x38 ./Core/Src/syscalls.o
                0x080038ba                _write
 .text._close   0x080038f2       0x18 ./Core/Src/syscalls.o
                0x080038f2                _close
 .text._fstat   0x0800390a       0x20 ./Core/Src/syscalls.o
                0x0800390a                _fstat
 .text._isatty  0x0800392a       0x16 ./Core/Src/syscalls.o
                0x0800392a                _isatty
 .text._lseek   0x08003940       0x1a ./Core/Src/syscalls.o
                0x08003940                _lseek
 *fill*         0x0800395a        0x2 
 .text._sbrk    0x0800395c       0x6c ./Core/Src/sysmem.o
                0x0800395c                _sbrk
 .text.SystemInit
                0x080039c8       0x24 ./Core/Src/system_stm32f4xx.o
                0x080039c8                SystemInit
 .text.Reset_Handler
                0x080039ec       0x50 ./Core/Startup/startup_stm32f411ceux.o
                0x080039ec                Reset_Handler
 .text.Default_Handler
                0x08003a3c        0x2 ./Core/Startup/startup_stm32f411ceux.o
                0x08003a3c                RTC_Alarm_IRQHandler
                0x08003a3c                EXTI2_IRQHandler
                0x08003a3c                SPI4_IRQHandler
                0x08003a3c                TIM1_CC_IRQHandler
                0x08003a3c                DMA2_Stream5_IRQHandler
                0x08003a3c                DMA1_Stream5_IRQHandler
                0x08003a3c                SDIO_IRQHandler
                0x08003a3c                TAMP_STAMP_IRQHandler
                0x08003a3c                EXTI3_IRQHandler
                0x08003a3c                TIM1_UP_TIM10_IRQHandler
                0x08003a3c                I2C3_ER_IRQHandler
                0x08003a3c                EXTI0_IRQHandler
                0x08003a3c                I2C2_EV_IRQHandler
                0x08003a3c                DMA1_Stream2_IRQHandler
                0x08003a3c                DMA2_Stream2_IRQHandler
                0x08003a3c                SPI1_IRQHandler
                0x08003a3c                TIM1_BRK_TIM9_IRQHandler
                0x08003a3c                DMA2_Stream3_IRQHandler
                0x08003a3c                USART6_IRQHandler
                0x08003a3c                DMA2_Stream0_IRQHandler
                0x08003a3c                TIM4_IRQHandler
                0x08003a3c                I2C1_EV_IRQHandler
                0x08003a3c                DMA1_Stream6_IRQHandler
                0x08003a3c                DMA1_Stream1_IRQHandler
                0x08003a3c                TIM3_IRQHandler
                0x08003a3c                Default_Handler
                0x08003a3c                EXTI15_10_IRQHandler
                0x08003a3c                ADC_IRQHandler
                0x08003a3c                DMA1_Stream7_IRQHandler
                0x08003a3c                SPI5_IRQHandler
                0x08003a3c                TIM5_IRQHandler
                0x08003a3c                DMA2_Stream7_IRQHandler
                0x08003a3c                I2C3_EV_IRQHandler
                0x08003a3c                EXTI9_5_IRQHandler
                0x08003a3c                RTC_WKUP_IRQHandler
                0x08003a3c                SPI2_IRQHandler
                0x08003a3c                DMA1_Stream0_IRQHandler
                0x08003a3c                EXTI4_IRQHandler
                0x08003a3c                WWDG_IRQHandler
                0x08003a3c                OTG_FS_WKUP_IRQHandler
                0x08003a3c                TIM1_TRG_COM_TIM11_IRQHandler
                0x08003a3c                EXTI1_IRQHandler
                0x08003a3c                USART2_IRQHandler
                0x08003a3c                I2C2_ER_IRQHandler
                0x08003a3c                DMA2_Stream1_IRQHandler
                0x08003a3c                DMA2_Stream4_IRQHandler
                0x08003a3c                USART1_IRQHandler
                0x08003a3c                SPI3_IRQHandler
                0x08003a3c                DMA1_Stream4_IRQHandler
                0x08003a3c                I2C1_ER_IRQHandler
                0x08003a3c                DMA2_Stream6_IRQHandler
                0x08003a3c                DMA1_Stream3_IRQHandler
 *fill*         0x08003a3e        0x2 
 .text.HAL_Init
                0x08003a40       0x44 ./Drivers/STM32F4xx_HAL_Driver/Src/stm32f4xx_hal.o
                0x08003a40                HAL_Init
 .text.HAL_InitTick
                0x08003a84       0x60 ./Drivers/STM32F4xx_HAL_Driver/Src/stm32f4xx_hal.o
                0x08003a84                HAL_InitTick
 .text.HAL_IncTick
                0x08003ae4       0x28 ./Drivers/STM32F4xx_HAL_Driver/Src/stm32f4xx_hal.o
                0x08003ae4                HAL_IncTick
 .text.HAL_GetTick
                0x08003b0c       0x18 ./Drivers/STM32F4xx_HAL_Driver/Src/stm32f4xx_hal.o
                0x08003b0c                HAL_GetTick
 .text.HAL_Delay
                0x08003b24       0x48 ./Drivers/STM32F4xx_HAL_Driver/Src/stm32f4xx_hal.o
                0x08003b24                HAL_Delay
 .text.__NVIC_SetPriorityGrouping
                0x08003b6c       0x48 ./Drivers/STM32F4xx_HAL_Driver/Src/stm32f4xx_hal_cortex.o
 .text.__NVIC_GetPriorityGrouping
                0x08003bb4       0x1c ./Drivers/STM32F4xx_HAL_Driver/Src/stm32f4xx_hal_cortex.o
 .text.__NVIC_EnableIRQ
                0x08003bd0       0x3c ./Drivers/STM32F4xx_HAL_Driver/Src/stm32f4xx_hal_cortex.o
 .text.__NVIC_SetPriority
                0x08003c0c       0x54 ./Drivers/STM32F4xx_HAL_Driver/Src/stm32f4xx_hal_cortex.o
 .text.NVIC_EncodePriority
                0x08003c60       0x66 ./Drivers/STM32F4xx_HAL_Driver/Src/stm32f4xx_hal_cortex.o
 *fill*         0x08003cc6        0x2 
 .text.SysTick_Config
                0x08003cc8       0x44 ./Drivers/STM32F4xx_HAL_Driver/Src/stm32f4xx_hal_cortex.o
 .text.HAL_NVIC_SetPriorityGrouping
                0x08003d0c       0x16 ./Drivers/STM32F4xx_HAL_Driver/Src/stm32f4xx_hal_cortex.o
                0x08003d0c                HAL_NVIC_SetPriorityGrouping
 .text.HAL_NVIC_SetPriority
                0x08003d22       0x38 ./Drivers/STM32F4xx_HAL_Driver/Src/stm32f4xx_hal_cortex.o
                0x08003d22                HAL_NVIC_SetPriority
 .text.HAL_NVIC_EnableIRQ
                0x08003d5a       0x1c ./Drivers/STM32F4xx_HAL_Driver/Src/stm32f4xx_hal_cortex.o
                0x08003d5a                HAL_NVIC_EnableIRQ
 .text.HAL_SYSTICK_Config
                0x08003d76       0x18 ./Drivers/STM32F4xx_HAL_Driver/Src/stm32f4xx_hal_cortex.o
                0x08003d76                HAL_SYSTICK_Config
 *fill*         0x08003d8e        0x2 
 .text.HAL_FLASH_IRQHandler
                0x08003d90      0x138 ./Drivers/STM32F4xx_HAL_Driver/Src/stm32f4xx_hal_flash.o
                0x08003d90                HAL_FLASH_IRQHandler
 .text.HAL_FLASH_EndOfOperationCallback
                0x08003ec8       0x14 ./Drivers/STM32F4xx_HAL_Driver/Src/stm32f4xx_hal_flash.o
                0x08003ec8                HAL_FLASH_EndOfOperationCallback
 .text.HAL_FLASH_OperationErrorCallback
                0x08003edc       0x14 ./Drivers/STM32F4xx_HAL_Driver/Src/stm32f4xx_hal_flash.o
                0x08003edc                HAL_FLASH_OperationErrorCallback
 .text.FLASH_SetErrorCode
                0x08003ef0       0xcc ./Drivers/STM32F4xx_HAL_Driver/Src/stm32f4xx_hal_flash.o
 .text.FLASH_Erase_Sector
                0x08003fbc       0x90 ./Drivers/STM32F4xx_HAL_Driver/Src/stm32f4xx_hal_flash_ex.o
                0x08003fbc                FLASH_Erase_Sector
 .text.FLASH_FlushCaches
                0x0800404c       0x8c ./Drivers/STM32F4xx_HAL_Driver/Src/stm32f4xx_hal_flash_ex.o
                0x0800404c                FLASH_FlushCaches
 .text.HAL_GPIO_Init
                0x080040d8      0x308 ./Drivers/STM32F4xx_HAL_Driver/Src/stm32f4xx_hal_gpio.o
                0x080040d8                HAL_GPIO_Init
 .text.HAL_GPIO_ReadPin
                0x080043e0       0x30 ./Drivers/STM32F4xx_HAL_Driver/Src/stm32f4xx_hal_gpio.o
                0x080043e0                HAL_GPIO_ReadPin
 .text.HAL_GPIO_WritePin
                0x08004410       0x32 ./Drivers/STM32F4xx_HAL_Driver/Src/stm32f4xx_hal_gpio.o
                0x08004410                HAL_GPIO_WritePin
 .text.HAL_PCD_Init
                0x08004442      0x21e ./Drivers/STM32F4xx_HAL_Driver/Src/stm32f4xx_hal_pcd.o
                0x08004442                HAL_PCD_Init
 .text.HAL_PCD_Start
                0x08004660       0x6a ./Drivers/STM32F4xx_HAL_Driver/Src/stm32f4xx_hal_pcd.o
                0x08004660                HAL_PCD_Start
 .text.HAL_PCD_IRQHandler
                0x080046ca      0x942 ./Drivers/STM32F4xx_HAL_Driver/Src/stm32f4xx_hal_pcd.o
                0x080046ca                HAL_PCD_IRQHandler
 .text.HAL_PCD_SetAddress
                0x0800500c       0x48 ./Drivers/STM32F4xx_HAL_Driver/Src/stm32f4xx_hal_pcd.o
                0x0800500c                HAL_PCD_SetAddress
 .text.HAL_PCD_EP_Open
                0x08005054       0xd4 ./Drivers/STM32F4xx_HAL_Driver/Src/stm32f4xx_hal_pcd.o
                0x08005054                HAL_PCD_EP_Open
 .text.HAL_PCD_EP_Close
                0x08005128       0x94 ./Drivers/STM32F4xx_HAL_Driver/Src/stm32f4xx_hal_pcd.o
                0x08005128                HAL_PCD_EP_Close
 .text.HAL_PCD_EP_Receive
                0x080051bc       0x76 ./Drivers/STM32F4xx_HAL_Driver/Src/stm32f4xx_hal_pcd.o
                0x080051bc                HAL_PCD_EP_Receive
 .text.HAL_PCD_EP_GetRxCount
                0x08005232       0x30 ./Drivers/STM32F4xx_HAL_Driver/Src/stm32f4xx_hal_pcd.o
                0x08005232                HAL_PCD_EP_GetRxCount
 .text.HAL_PCD_EP_Transmit
                0x08005262       0x74 ./Drivers/STM32F4xx_HAL_Driver/Src/stm32f4xx_hal_pcd.o
                0x08005262                HAL_PCD_EP_Transmit
 .text.HAL_PCD_EP_SetStall
                0x080052d6       0xc6 ./Drivers/STM32F4xx_HAL_Driver/Src/stm32f4xx_hal_pcd.o
                0x080052d6                HAL_PCD_EP_SetStall
 .text.HAL_PCD_EP_ClrStall
                0x0800539c       0xac ./Drivers/STM32F4xx_HAL_Driver/Src/stm32f4xx_hal_pcd.o
                0x0800539c                HAL_PCD_EP_ClrStall
 .text.HAL_PCD_EP_Abort
                0x08005448       0x62 ./Drivers/STM32F4xx_HAL_Driver/Src/stm32f4xx_hal_pcd.o
                0x08005448                HAL_PCD_EP_Abort
 .text.PCD_WriteEmptyTxFifo
                0x080054aa      0x118 ./Drivers/STM32F4xx_HAL_Driver/Src/stm32f4xx_hal_pcd.o
 *fill*         0x080055c2        0x2 
 .text.PCD_EP_OutXfrComplete_int
                0x080055c4      0x1d0 ./Drivers/STM32F4xx_HAL_Driver/Src/stm32f4xx_hal_pcd.o
 .text.PCD_EP_OutSetupPacket_int
                0x08005794       0x8c ./Drivers/STM32F4xx_HAL_Driver/Src/stm32f4xx_hal_pcd.o
 .text.HAL_PCDEx_SetTxFiFo
                0x08005820       0x8e ./Drivers/STM32F4xx_HAL_Driver/Src/stm32f4xx_hal_pcd_ex.o
                0x08005820                HAL_PCDEx_SetTxFiFo
 .text.HAL_PCDEx_SetRxFiFo
                0x080058ae       0x22 ./Drivers/STM32F4xx_HAL_Driver/Src/stm32f4xx_hal_pcd_ex.o
                0x080058ae                HAL_PCDEx_SetRxFiFo
 .text.HAL_PCDEx_LPM_Callback
                0x080058d0       0x18 ./Drivers/STM32F4xx_HAL_Driver/Src/stm32f4xx_hal_pcd_ex.o
                0x080058d0                HAL_PCDEx_LPM_Callback
 .text.HAL_PWR_PVD_IRQHandler
                0x080058e8       0x24 ./Drivers/STM32F4xx_HAL_Driver/Src/stm32f4xx_hal_pwr.o
                0x080058e8                HAL_PWR_PVD_IRQHandler
 .text.HAL_PWR_PVDCallback
                0x0800590c        0xe ./Drivers/STM32F4xx_HAL_Driver/Src/stm32f4xx_hal_pwr.o
                0x0800590c                HAL_PWR_PVDCallback
 *fill*         0x0800591a        0x2 
 .text.HAL_RCC_OscConfig
                0x0800591c      0x4f0 ./Drivers/STM32F4xx_HAL_Driver/Src/stm32f4xx_hal_rcc.o
                0x0800591c                HAL_RCC_OscConfig
 .text.HAL_RCC_ClockConfig
                0x08005e0c      0x1cc ./Drivers/STM32F4xx_HAL_Driver/Src/stm32f4xx_hal_rcc.o
                0x08005e0c                HAL_RCC_ClockConfig
 .text.HAL_RCC_GetSysClockFreq
                0x08005fd8      0x18c ./Drivers/STM32F4xx_HAL_Driver/Src/stm32f4xx_hal_rcc.o
                0x08005fd8                HAL_RCC_GetSysClockFreq
 .text.HAL_RCC_GetHCLKFreq
                0x08006164       0x18 ./Drivers/STM32F4xx_HAL_Driver/Src/stm32f4xx_hal_rcc.o
                0x08006164                HAL_RCC_GetHCLKFreq
 .text.HAL_TIM_Base_Init
                0x0800617c       0x9e ./Drivers/STM32F4xx_HAL_Driver/Src/stm32f4xx_hal_tim.o
                0x0800617c                HAL_TIM_Base_Init
 *fill*         0x0800621a        0x2 
 .text.HAL_TIM_Base_Start_IT
                0x0800621c       0xc4 ./Drivers/STM32F4xx_HAL_Driver/Src/stm32f4xx_hal_tim.o
                0x0800621c                HAL_TIM_Base_Start_IT
 .text.HAL_TIM_Base_Stop_IT
                0x080062e0       0x5e ./Drivers/STM32F4xx_HAL_Driver/Src/stm32f4xx_hal_tim.o
                0x080062e0                HAL_TIM_Base_Stop_IT
 .text.HAL_TIM_IRQHandler
                0x0800633e      0x1e0 ./Drivers/STM32F4xx_HAL_Driver/Src/stm32f4xx_hal_tim.o
                0x0800633e                HAL_TIM_IRQHandler
 .text.HAL_TIM_ConfigClockSource
                0x0800651e      0x18e ./Drivers/STM32F4xx_HAL_Driver/Src/stm32f4xx_hal_tim.o
                0x0800651e                HAL_TIM_ConfigClockSource
 .text.HAL_TIM_OC_DelayElapsedCallback
                0x080066ac       0x14 ./Drivers/STM32F4xx_HAL_Driver/Src/stm32f4xx_hal_tim.o
                0x080066ac                HAL_TIM_OC_DelayElapsedCallback
 .text.HAL_TIM_IC_CaptureCallback
                0x080066c0       0x14 ./Drivers/STM32F4xx_HAL_Driver/Src/stm32f4xx_hal_tim.o
                0x080066c0                HAL_TIM_IC_CaptureCallback
 .text.HAL_TIM_PWM_PulseFinishedCallback
                0x080066d4       0x14 ./Drivers/STM32F4xx_HAL_Driver/Src/stm32f4xx_hal_tim.o
                0x080066d4                HAL_TIM_PWM_PulseFinishedCallback
 .text.HAL_TIM_TriggerCallback
                0x080066e8       0x14 ./Drivers/STM32F4xx_HAL_Driver/Src/stm32f4xx_hal_tim.o
                0x080066e8                HAL_TIM_TriggerCallback
 .text.TIM_Base_SetConfig
                0x080066fc      0x10c ./Drivers/STM32F4xx_HAL_Driver/Src/stm32f4xx_hal_tim.o
                0x080066fc                TIM_Base_SetConfig
 .text.TIM_TI1_ConfigInputStage
                0x08006808       0x5e ./Drivers/STM32F4xx_HAL_Driver/Src/stm32f4xx_hal_tim.o
 .text.TIM_TI2_ConfigInputStage
                0x08006866       0x60 ./Drivers/STM32F4xx_HAL_Driver/Src/stm32f4xx_hal_tim.o
 .text.TIM_ITRx_SetConfig
                0x080068c6       0x36 ./Drivers/STM32F4xx_HAL_Driver/Src/stm32f4xx_hal_tim.o
 .text.TIM_ETR_SetConfig
                0x080068fc       0x40 ./Drivers/STM32F4xx_HAL_Driver/Src/stm32f4xx_hal_tim.o
                0x080068fc                TIM_ETR_SetConfig
 .text.HAL_TIMEx_MasterConfigSynchronization
                0x0800693c       0xdc ./Drivers/STM32F4xx_HAL_Driver/Src/stm32f4xx_hal_tim_ex.o
                0x0800693c                HAL_TIMEx_MasterConfigSynchronization
 .text.HAL_TIMEx_CommutCallback
                0x08006a18       0x14 ./Drivers/STM32F4xx_HAL_Driver/Src/stm32f4xx_hal_tim_ex.o
                0x08006a18                HAL_TIMEx_CommutCallback
 .text.HAL_TIMEx_BreakCallback
                0x08006a2c       0x14 ./Drivers/STM32F4xx_HAL_Driver/Src/stm32f4xx_hal_tim_ex.o
                0x08006a2c                HAL_TIMEx_BreakCallback
 .text.USB_CoreInit
                0x08006a40       0xc8 ./Drivers/STM32F4xx_HAL_Driver/Src/stm32f4xx_ll_usb.o
                0x08006a40                USB_CoreInit
 .text.USB_SetTurnaroundTime
                0x08006b08      0x144 ./Drivers/STM32F4xx_HAL_Driver/Src/stm32f4xx_ll_usb.o
                0x08006b08                USB_SetTurnaroundTime
 .text.USB_EnableGlobalInt
                0x08006c4c       0x22 ./Drivers/STM32F4xx_HAL_Driver/Src/stm32f4xx_ll_usb.o
                0x08006c4c                USB_EnableGlobalInt
 .text.USB_DisableGlobalInt
                0x08006c6e       0x22 ./Drivers/STM32F4xx_HAL_Driver/Src/stm32f4xx_ll_usb.o
                0x08006c6e                USB_DisableGlobalInt
 .text.USB_SetCurrentMode
                0x08006c90       0x98 ./Drivers/STM32F4xx_HAL_Driver/Src/stm32f4xx_ll_usb.o
                0x08006c90                USB_SetCurrentMode
 .text.USB_DevInit
                0x08006d28      0x2c8 ./Drivers/STM32F4xx_HAL_Driver/Src/stm32f4xx_ll_usb.o
                0x08006d28                USB_DevInit
 .text.USB_FlushTxFifo
                0x08006ff0       0x64 ./Drivers/STM32F4xx_HAL_Driver/Src/stm32f4xx_ll_usb.o
                0x08006ff0                USB_FlushTxFifo
 .text.USB_FlushRxFifo
                0x08007054       0x5c ./Drivers/STM32F4xx_HAL_Driver/Src/stm32f4xx_ll_usb.o
                0x08007054                USB_FlushRxFifo
 .text.USB_SetDevSpeed
                0x080070b0       0x32 ./Drivers/STM32F4xx_HAL_Driver/Src/stm32f4xx_ll_usb.o
                0x080070b0                USB_SetDevSpeed
 .text.USB_GetDevSpeed
                0x080070e2       0x4a ./Drivers/STM32F4xx_HAL_Driver/Src/stm32f4xx_ll_usb.o
                0x080070e2                USB_GetDevSpeed
 .text.USB_ActivateEndpoint
                0x0800712c      0x10e ./Drivers/STM32F4xx_HAL_Driver/Src/stm32f4xx_ll_usb.o
                0x0800712c                USB_ActivateEndpoint
 *fill*         0x0800723a        0x2 
 .text.USB_DeactivateEndpoint
                0x0800723c      0x1b8 ./Drivers/STM32F4xx_HAL_Driver/Src/stm32f4xx_ll_usb.o
                0x0800723c                USB_DeactivateEndpoint
 .text.USB_EPStartXfer
                0x080073f4      0x53c ./Drivers/STM32F4xx_HAL_Driver/Src/stm32f4xx_ll_usb.o
                0x080073f4                USB_EPStartXfer
 .text.USB_EPStopXfer
                0x08007930      0x154 ./Drivers/STM32F4xx_HAL_Driver/Src/stm32f4xx_ll_usb.o
                0x08007930                USB_EPStopXfer
 .text.USB_WritePacket
                0x08007a84       0x7c ./Drivers/STM32F4xx_HAL_Driver/Src/stm32f4xx_ll_usb.o
                0x08007a84                USB_WritePacket
 .text.USB_ReadPacket
                0x08007b00       0xb0 ./Drivers/STM32F4xx_HAL_Driver/Src/stm32f4xx_ll_usb.o
                0x08007b00                USB_ReadPacket
 .text.USB_EPSetStall
                0x08007bb0       0xdc ./Drivers/STM32F4xx_HAL_Driver/Src/stm32f4xx_ll_usb.o
                0x08007bb0                USB_EPSetStall
 .text.USB_EPClearStall
                0x08007c8c       0xcc ./Drivers/STM32F4xx_HAL_Driver/Src/stm32f4xx_ll_usb.o
                0x08007c8c                USB_EPClearStall
 .text.USB_SetDevAddress
                0x08007d58       0x4c ./Drivers/STM32F4xx_HAL_Driver/Src/stm32f4xx_ll_usb.o
                0x08007d58                USB_SetDevAddress
 .text.USB_DevConnect
                0x08007da4       0x42 ./Drivers/STM32F4xx_HAL_Driver/Src/stm32f4xx_ll_usb.o
                0x08007da4                USB_DevConnect
 .text.USB_DevDisconnect
                0x08007de6       0x42 ./Drivers/STM32F4xx_HAL_Driver/Src/stm32f4xx_ll_usb.o
                0x08007de6                USB_DevDisconnect
 .text.USB_ReadInterrupts
                0x08007e28       0x26 ./Drivers/STM32F4xx_HAL_Driver/Src/stm32f4xx_ll_usb.o
                0x08007e28                USB_ReadInterrupts
 .text.USB_ReadDevAllOutEpInterrupt
                0x08007e4e       0x34 ./Drivers/STM32F4xx_HAL_Driver/Src/stm32f4xx_ll_usb.o
                0x08007e4e                USB_ReadDevAllOutEpInterrupt
 .text.USB_ReadDevAllInEpInterrupt
                0x08007e82       0x34 ./Drivers/STM32F4xx_HAL_Driver/Src/stm32f4xx_ll_usb.o
                0x08007e82                USB_ReadDevAllInEpInterrupt
 .text.USB_ReadDevOutEPInterrupt
                0x08007eb6       0x3c ./Drivers/STM32F4xx_HAL_Driver/Src/stm32f4xx_ll_usb.o
                0x08007eb6                USB_ReadDevOutEPInterrupt
 .text.USB_ReadDevInEPInterrupt
                0x08007ef2       0x5c ./Drivers/STM32F4xx_HAL_Driver/Src/stm32f4xx_ll_usb.o
                0x08007ef2                USB_ReadDevInEPInterrupt
 .text.USB_GetMode
                0x08007f4e       0x1c ./Drivers/STM32F4xx_HAL_Driver/Src/stm32f4xx_ll_usb.o
                0x08007f4e                USB_GetMode
 .text.USB_ActivateSetup
                0x08007f6a       0x46 ./Drivers/STM32F4xx_HAL_Driver/Src/stm32f4xx_ll_usb.o
                0x08007f6a                USB_ActivateSetup
 .text.USB_EP0_OutStart
                0x08007fb0       0xbc ./Drivers/STM32F4xx_HAL_Driver/Src/stm32f4xx_ll_usb.o
                0x08007fb0                USB_EP0_OutStart
 .text.USB_CoreReset
                0x0800806c       0x70 ./Drivers/STM32F4xx_HAL_Driver/Src/stm32f4xx_ll_usb.o
 .text.USBD_CDC_Init
                0x080080dc      0x1f0 ./Middlewares/ST/STM32_USB_Device_Library/Class/CDC/Src/usbd_cdc.o
 .text.USBD_CDC_DeInit
                0x080082cc      0x104 ./Middlewares/ST/STM32_USB_Device_Library/Class/CDC/Src/usbd_cdc.o
 .text.USBD_CDC_Setup
                0x080083d0      0x1b8 ./Middlewares/ST/STM32_USB_Device_Library/Class/CDC/Src/usbd_cdc.o
 .text.USBD_CDC_DataIn
                0x08008588       0xfe ./Middlewares/ST/STM32_USB_Device_Library/Class/CDC/Src/usbd_cdc.o
 .text.USBD_CDC_DataOut
                0x08008686       0x70 ./Middlewares/ST/STM32_USB_Device_Library/Class/CDC/Src/usbd_cdc.o
 .text.USBD_CDC_EP0_RxReady
                0x080086f6       0x74 ./Middlewares/ST/STM32_USB_Device_Library/Class/CDC/Src/usbd_cdc.o
 *fill*         0x0800876a        0x2 
 .text.USBD_CDC_GetFSCfgDesc
                0x0800876c       0x70 ./Middlewares/ST/STM32_USB_Device_Library/Class/CDC/Src/usbd_cdc.o
 .text.USBD_CDC_GetHSCfgDesc
                0x080087dc       0x70 ./Middlewares/ST/STM32_USB_Device_Library/Class/CDC/Src/usbd_cdc.o
 .text.USBD_CDC_GetOtherSpeedCfgDesc
                0x0800884c       0x70 ./Middlewares/ST/STM32_USB_Device_Library/Class/CDC/Src/usbd_cdc.o
 .text.USBD_CDC_GetDeviceQualifierDescriptor
                0x080088bc       0x20 ./Middlewares/ST/STM32_USB_Device_Library/Class/CDC/Src/usbd_cdc.o
                0x080088bc                USBD_CDC_GetDeviceQualifierDescriptor
 .text.USBD_CDC_RegisterInterface
                0x080088dc       0x34 ./Middlewares/ST/STM32_USB_Device_Library/Class/CDC/Src/usbd_cdc.o
                0x080088dc                USBD_CDC_RegisterInterface
 .text.USBD_CDC_SetTxBuffer
                0x08008910       0x44 ./Middlewares/ST/STM32_USB_Device_Library/Class/CDC/Src/usbd_cdc.o
                0x08008910                USBD_CDC_SetTxBuffer
 .text.USBD_CDC_SetRxBuffer
                0x08008954       0x3a ./Middlewares/ST/STM32_USB_Device_Library/Class/CDC/Src/usbd_cdc.o
                0x08008954                USBD_CDC_SetRxBuffer
 *fill*         0x0800898e        0x2 
 .text.USBD_CDC_TransmitPacket
                0x08008990       0x80 ./Middlewares/ST/STM32_USB_Device_Library/Class/CDC/Src/usbd_cdc.o
                0x08008990                USBD_CDC_TransmitPacket
 .text.USBD_CDC_ReceivePacket
                0x08008a10       0x6c ./Middlewares/ST/STM32_USB_Device_Library/Class/CDC/Src/usbd_cdc.o
                0x08008a10                USBD_CDC_ReceivePacket
 .text.USBD_Init
                0x08008a7c       0x60 ./Middlewares/ST/STM32_USB_Device_Library/Core/Src/usbd_core.o
                0x08008a7c                USBD_Init
 .text.USBD_RegisterClass
                0x08008adc       0x6c ./Middlewares/ST/STM32_USB_Device_Library/Core/Src/usbd_core.o
                0x08008adc                USBD_RegisterClass
 .text.USBD_Start
                0x08008b48       0x18 ./Middlewares/ST/STM32_USB_Device_Library/Core/Src/usbd_core.o
                0x08008b48                USBD_Start
 .text.USBD_RunTestMode
                0x08008b60       0x16 ./Middlewares/ST/STM32_USB_Device_Library/Core/Src/usbd_core.o
                0x08008b60                USBD_RunTestMode
 .text.USBD_SetClassConfig
                0x08008b76       0x38 ./Middlewares/ST/STM32_USB_Device_Library/Core/Src/usbd_core.o
                0x08008b76                USBD_SetClassConfig
 .text.USBD_ClrClassConfig
                0x08008bae       0x34 ./Middlewares/ST/STM32_USB_Device_Library/Core/Src/usbd_core.o
                0x08008bae                USBD_ClrClassConfig
 .text.USBD_LL_SetupStage
                0x08008be2       0xaa ./Middlewares/ST/STM32_USB_Device_Library/Core/Src/usbd_core.o
                0x08008be2                USBD_LL_SetupStage
 .text.USBD_LL_DataOutStage
                0x08008c8c      0x178 ./Middlewares/ST/STM32_USB_Device_Library/Core/Src/usbd_core.o
                0x08008c8c                USBD_LL_DataOutStage
 .text.USBD_LL_DataInStage
                0x08008e04      0x176 ./Middlewares/ST/STM32_USB_Device_Library/Core/Src/usbd_core.o
                0x08008e04                USBD_LL_DataInStage
 .text.USBD_LL_Reset
                0x08008f7a       0xa6 ./Middlewares/ST/STM32_USB_Device_Library/Core/Src/usbd_core.o
                0x08008f7a                USBD_LL_Reset
 .text.USBD_LL_SetSpeed
                0x08009020       0x20 ./Middlewares/ST/STM32_USB_Device_Library/Core/Src/usbd_core.o
                0x08009020                USBD_LL_SetSpeed
 .text.USBD_LL_Suspend
                0x08009040       0x38 ./Middlewares/ST/STM32_USB_Device_Library/Core/Src/usbd_core.o
                0x08009040                USBD_LL_Suspend
 .text.USBD_LL_Resume
                0x08009078       0x30 ./Middlewares/ST/STM32_USB_Device_Library/Core/Src/usbd_core.o
                0x08009078                USBD_LL_Resume
 .text.USBD_LL_SOF
                0x080090a8       0x40 ./Middlewares/ST/STM32_USB_Device_Library/Core/Src/usbd_core.o
                0x080090a8                USBD_LL_SOF
 .text.USBD_LL_IsoINIncomplete
                0x080090e8       0x64 ./Middlewares/ST/STM32_USB_Device_Library/Core/Src/usbd_core.o
                0x080090e8                USBD_LL_IsoINIncomplete
 .text.USBD_LL_IsoOUTIncomplete
                0x0800914c       0x64 ./Middlewares/ST/STM32_USB_Device_Library/Core/Src/usbd_core.o
                0x0800914c                USBD_LL_IsoOUTIncomplete
 .text.USBD_LL_DevConnected
                0x080091b0       0x16 ./Middlewares/ST/STM32_USB_Device_Library/Core/Src/usbd_core.o
                0x080091b0                USBD_LL_DevConnected
 .text.USBD_LL_DevDisconnected
                0x080091c6       0x46 ./Middlewares/ST/STM32_USB_Device_Library/Core/Src/usbd_core.o
                0x080091c6                USBD_LL_DevDisconnected
 .text.USBD_CoreFindIF
                0x0800920c       0x1a ./Middlewares/ST/STM32_USB_Device_Library/Core/Src/usbd_core.o
                0x0800920c                USBD_CoreFindIF
 .text.USBD_CoreFindEP
                0x08009226       0x1a ./Middlewares/ST/STM32_USB_Device_Library/Core/Src/usbd_core.o
                0x08009226                USBD_CoreFindEP
 .text.USBD_GetEpDesc
                0x08009240       0x70 ./Middlewares/ST/STM32_USB_Device_Library/Core/Src/usbd_core.o
                0x08009240                USBD_GetEpDesc
 .text.USBD_GetNextDesc
                0x080092b0       0x38 ./Middlewares/ST/STM32_USB_Device_Library/Core/Src/usbd_core.o
                0x080092b0                USBD_GetNextDesc
 .text.SWAPBYTE
                0x080092e8       0x3e ./Middlewares/ST/STM32_USB_Device_Library/Core/Src/usbd_ctlreq.o
 *fill*         0x08009326        0x2 
 .text.USBD_StdDevReq
                0x08009328       0xe4 ./Middlewares/ST/STM32_USB_Device_Library/Core/Src/usbd_ctlreq.o
                0x08009328                USBD_StdDevReq
 .text.USBD_StdItfReq
                0x0800940c       0xd8 ./Middlewares/ST/STM32_USB_Device_Library/Core/Src/usbd_ctlreq.o
                0x0800940c                USBD_StdItfReq
 .text.USBD_StdEPReq
                0x080094e4      0x33e ./Middlewares/ST/STM32_USB_Device_Library/Core/Src/usbd_ctlreq.o
                0x080094e4                USBD_StdEPReq
 *fill*         0x08009822        0x2 
 .text.USBD_GetDescriptor
                0x08009824      0x2d4 ./Middlewares/ST/STM32_USB_Device_Library/Core/Src/usbd_ctlreq.o
 .text.USBD_SetAddress
                0x08009af8       0x88 ./Middlewares/ST/STM32_USB_Device_Library/Core/Src/usbd_ctlreq.o
 .text.USBD_SetConfig
                0x08009b80      0x154 ./Middlewares/ST/STM32_USB_Device_Library/Core/Src/usbd_ctlreq.o
 .text.USBD_GetConfig
                0x08009cd4       0x6c ./Middlewares/ST/STM32_USB_Device_Library/Core/Src/usbd_ctlreq.o
 .text.USBD_GetStatus
                0x08009d40       0x68 ./Middlewares/ST/STM32_USB_Device_Library/Core/Src/usbd_ctlreq.o
 .text.USBD_SetFeature
                0x08009da8       0x52 ./Middlewares/ST/STM32_USB_Device_Library/Core/Src/usbd_ctlreq.o
 .text.USBD_ClrFeature
                0x08009dfa       0x44 ./Middlewares/ST/STM32_USB_Device_Library/Core/Src/usbd_ctlreq.o
 .text.USBD_ParseSetupRequest
                0x08009e3e       0x74 ./Middlewares/ST/STM32_USB_Device_Library/Core/Src/usbd_ctlreq.o
                0x08009e3e                USBD_ParseSetupRequest
 .text.USBD_CtlError
                0x08009eb2       0x22 ./Middlewares/ST/STM32_USB_Device_Library/Core/Src/usbd_ctlreq.o
                0x08009eb2                USBD_CtlError
 .text.USBD_GetString
                0x08009ed4       0xa4 ./Middlewares/ST/STM32_USB_Device_Library/Core/Src/usbd_ctlreq.o
                0x08009ed4                USBD_GetString
 .text.USBD_GetLen
                0x08009f78       0x34 ./Middlewares/ST/STM32_USB_Device_Library/Core/Src/usbd_ctlreq.o
 .text.USBD_CtlSendData
                0x08009fac       0x3c ./Middlewares/ST/STM32_USB_Device_Library/Core/Src/usbd_ioreq.o
                0x08009fac                USBD_CtlSendData
 .text.USBD_CtlContinueSendData
                0x08009fe8       0x22 ./Middlewares/ST/STM32_USB_Device_Library/Core/Src/usbd_ioreq.o
                0x08009fe8                USBD_CtlContinueSendData
 .text.USBD_CtlPrepareRx
                0x0800a00a       0x42 ./Middlewares/ST/STM32_USB_Device_Library/Core/Src/usbd_ioreq.o
                0x0800a00a                USBD_CtlPrepareRx
 .text.USBD_CtlContinueRx
                0x0800a04c       0x22 ./Middlewares/ST/STM32_USB_Device_Library/Core/Src/usbd_ioreq.o
                0x0800a04c                USBD_CtlContinueRx
 .text.USBD_CtlSendStatus
                0x0800a06e       0x26 ./Middlewares/ST/STM32_USB_Device_Library/Core/Src/usbd_ioreq.o
                0x0800a06e                USBD_CtlSendStatus
 .text.USBD_CtlReceiveStatus
                0x0800a094       0x26 ./Middlewares/ST/STM32_USB_Device_Library/Core/Src/usbd_ioreq.o
                0x0800a094                USBD_CtlReceiveStatus
 *fill*         0x0800a0ba        0x2 
 .text.MX_USB_DEVICE_Init
                0x0800a0bc       0x60 ./USB_DEVICE/App/usb_device.o
                0x0800a0bc                MX_USB_DEVICE_Init
 .text.CDC_Init_FS
                0x0800a11c       0x28 ./USB_DEVICE/App/usbd_cdc_if.o
 .text.CDC_DeInit_FS
                0x0800a144       0x10 ./USB_DEVICE/App/usbd_cdc_if.o
 .text.CDC_Control_FS
                0x0800a154      0x15c ./USB_DEVICE/App/usbd_cdc_if.o
 .text.CDC_Receive_FS
                0x0800a2b0       0xf0 ./USB_DEVICE/App/usbd_cdc_if.o
 .text.CDC_Transmit_FS
                0x0800a3a0       0x4c ./USB_DEVICE/App/usbd_cdc_if.o
                0x0800a3a0                CDC_Transmit_FS
 .text.CDC_TransmitCplt_FS
                0x0800a3ec       0x22 ./USB_DEVICE/App/usbd_cdc_if.o
 *fill*         0x0800a40e        0x2 
 .text.USBD_CDC_GetLine
                0x0800a410       0x88 ./USB_DEVICE/App/usbd_cdc_if.o
                0x0800a410                USBD_CDC_GetLine
 .text.USBD_FS_DeviceDescriptor
                0x0800a498       0x24 ./USB_DEVICE/App/usbd_desc.o
                0x0800a498                USBD_FS_DeviceDescriptor
 .text.USBD_FS_LangIDStrDescriptor
                0x0800a4bc       0x24 ./USB_DEVICE/App/usbd_desc.o
                0x0800a4bc                USBD_FS_LangIDStrDescriptor
 .text.USBD_FS_ProductStrDescriptor
                0x0800a4e0       0x3c ./USB_DEVICE/App/usbd_desc.o
                0x0800a4e0                USBD_FS_ProductStrDescriptor
 .text.USBD_FS_ManufacturerStrDescriptor
                0x0800a51c       0x28 ./USB_DEVICE/App/usbd_desc.o
                0x0800a51c                USBD_FS_ManufacturerStrDescriptor
 .text.USBD_FS_SerialStrDescriptor
                0x0800a544       0x24 ./USB_DEVICE/App/usbd_desc.o
                0x0800a544                USBD_FS_SerialStrDescriptor
 .text.USBD_FS_ConfigStrDescriptor
                0x0800a568       0x3c ./USB_DEVICE/App/usbd_desc.o
                0x0800a568                USBD_FS_ConfigStrDescriptor
 .text.USBD_FS_InterfaceStrDescriptor
                0x0800a5a4       0x3c ./USB_DEVICE/App/usbd_desc.o
                0x0800a5a4                USBD_FS_InterfaceStrDescriptor
 .text.Get_SerialNum
                0x0800a5e0       0x58 ./USB_DEVICE/App/usbd_desc.o
 .text.IntToUnicode
                0x0800a638       0x7e ./USB_DEVICE/App/usbd_desc.o
 *fill*         0x0800a6b6        0x2 
 .text.HAL_PCD_MspInit
                0x0800a6b8       0xa8 ./USB_DEVICE/Target/usbd_conf.o
                0x0800a6b8                HAL_PCD_MspInit
 .text.HAL_PCD_SetupStageCallback
                0x0800a760       0x24 ./USB_DEVICE/Target/usbd_conf.o
                0x0800a760                HAL_PCD_SetupStageCallback
 .text.HAL_PCD_DataOutStageCallback
                0x0800a784       0x36 ./USB_DEVICE/Target/usbd_conf.o
                0x0800a784                HAL_PCD_DataOutStageCallback
 .text.HAL_PCD_DataInStageCallback
                0x0800a7ba       0x34 ./USB_DEVICE/Target/usbd_conf.o
                0x0800a7ba                HAL_PCD_DataInStageCallback
 .text.HAL_PCD_SOFCallback
                0x0800a7ee       0x1c ./USB_DEVICE/Target/usbd_conf.o
                0x0800a7ee                HAL_PCD_SOFCallback
 .text.HAL_PCD_ResetCallback
                0x0800a80a       0x3c ./USB_DEVICE/Target/usbd_conf.o
                0x0800a80a                HAL_PCD_ResetCallback
 *fill*         0x0800a846        0x2 
 .text.HAL_PCD_SuspendCallback
                0x0800a848       0x4c ./USB_DEVICE/Target/usbd_conf.o
                0x0800a848                HAL_PCD_SuspendCallback
 .text.HAL_PCD_ResumeCallback
                0x0800a894       0x1c ./USB_DEVICE/Target/usbd_conf.o
                0x0800a894                HAL_PCD_ResumeCallback
 .text.HAL_PCD_ISOOUTIncompleteCallback
                0x0800a8b0       0x24 ./USB_DEVICE/Target/usbd_conf.o
                0x0800a8b0                HAL_PCD_ISOOUTIncompleteCallback
 .text.HAL_PCD_ISOINIncompleteCallback
                0x0800a8d4       0x24 ./USB_DEVICE/Target/usbd_conf.o
                0x0800a8d4                HAL_PCD_ISOINIncompleteCallback
 .text.HAL_PCD_ConnectCallback
                0x0800a8f8       0x1c ./USB_DEVICE/Target/usbd_conf.o
                0x0800a8f8                HAL_PCD_ConnectCallback
 .text.HAL_PCD_DisconnectCallback
                0x0800a914       0x1c ./USB_DEVICE/Target/usbd_conf.o
                0x0800a914                HAL_PCD_DisconnectCallback
 .text.USBD_LL_Init
                0x0800a930       0x98 ./USB_DEVICE/Target/usbd_conf.o
                0x0800a930                USBD_LL_Init
 .text.USBD_LL_Start
                0x0800a9c8       0x36 ./USB_DEVICE/Target/usbd_conf.o
                0x0800a9c8                USBD_LL_Start
 .text.USBD_LL_OpenEP
                0x0800a9fe       0x4c ./USB_DEVICE/Target/usbd_conf.o
                0x0800a9fe                USBD_LL_OpenEP
 .text.USBD_LL_CloseEP
                0x0800aa4a       0x3e ./USB_DEVICE/Target/usbd_conf.o
                0x0800aa4a                USBD_LL_CloseEP
 .text.USBD_LL_StallEP
                0x0800aa88       0x3e ./USB_DEVICE/Target/usbd_conf.o
                0x0800aa88                USBD_LL_StallEP
 .text.USBD_LL_ClearStallEP
                0x0800aac6       0x3e ./USB_DEVICE/Target/usbd_conf.o
                0x0800aac6                USBD_LL_ClearStallEP
 .text.USBD_LL_IsStallEP
                0x0800ab04       0x58 ./USB_DEVICE/Target/usbd_conf.o
                0x0800ab04                USBD_LL_IsStallEP
 .text.USBD_LL_SetUSBAddress
                0x0800ab5c       0x3e ./USB_DEVICE/Target/usbd_conf.o
                0x0800ab5c                USBD_LL_SetUSBAddress
 .text.USBD_LL_Transmit
                0x0800ab9a       0x42 ./USB_DEVICE/Target/usbd_conf.o
                0x0800ab9a                USBD_LL_Transmit
 .text.USBD_LL_PrepareReceive
                0x0800abdc       0x42 ./USB_DEVICE/Target/usbd_conf.o
                0x0800abdc                USBD_LL_PrepareReceive
 .text.USBD_LL_GetRxDataSize
                0x0800ac1e       0x26 ./USB_DEVICE/Target/usbd_conf.o
                0x0800ac1e                USBD_LL_GetRxDataSize
 .text.USBD_static_malloc
                0x0800ac44       0x1c ./USB_DEVICE/Target/usbd_conf.o
                0x0800ac44                USBD_static_malloc
 .text.USBD_static_free
                0x0800ac60       0x14 ./USB_DEVICE/Target/usbd_conf.o
                0x0800ac60                USBD_static_free
 .text.USBD_Get_USB_Status
                0x0800ac74       0x58 ./USB_DEVICE/Target/usbd_conf.o
                0x0800ac74                USBD_Get_USB_Status
 .text._strtoul_l.isra.0
                0x0800accc       0xdc C:/ST/STM32CubeIDE_1.18.0/STM32CubeIDE/plugins/com.st.stm32cube.ide.mcu.externaltools.gnu-tools-for-stm32.13.3.rel1.win32_1.0.0.202411081344/tools/bin/../lib/gcc/arm-none-eabi/13.3.1/../../../../arm-none-eabi/lib/thumb/v7e-m+fp/hard\libc_nano.a(libc_a-strtoul.o)
 .text.strtoul  0x0800ada8       0x14 C:/ST/STM32CubeIDE_1.18.0/STM32CubeIDE/plugins/com.st.stm32cube.ide.mcu.externaltools.gnu-tools-for-stm32.13.3.rel1.win32_1.0.0.202411081344/tools/bin/../lib/gcc/arm-none-eabi/13.3.1/../../../../arm-none-eabi/lib/thumb/v7e-m+fp/hard\libc_nano.a(libc_a-strtoul.o)
                0x0800ada8                strtoul
 .text.std      0x0800adbc       0x6c C:/ST/STM32CubeIDE_1.18.0/STM32CubeIDE/plugins/com.st.stm32cube.ide.mcu.externaltools.gnu-tools-for-stm32.13.3.rel1.win32_1.0.0.202411081344/tools/bin/../lib/gcc/arm-none-eabi/13.3.1/../../../../arm-none-eabi/lib/thumb/v7e-m+fp/hard\libc_nano.a(libc_a-findfp.o)
 .text.stdio_exit_handler
                0x0800ae28       0x18 C:/ST/STM32CubeIDE_1.18.0/STM32CubeIDE/plugins/com.st.stm32cube.ide.mcu.externaltools.gnu-tools-for-stm32.13.3.rel1.win32_1.0.0.202411081344/tools/bin/../lib/gcc/arm-none-eabi/13.3.1/../../../../arm-none-eabi/lib/thumb/v7e-m+fp/hard\libc_nano.a(libc_a-findfp.o)
 .text.cleanup_stdio
                0x0800ae40       0x40 C:/ST/STM32CubeIDE_1.18.0/STM32CubeIDE/plugins/com.st.stm32cube.ide.mcu.externaltools.gnu-tools-for-stm32.13.3.rel1.win32_1.0.0.202411081344/tools/bin/../lib/gcc/arm-none-eabi/13.3.1/../../../../arm-none-eabi/lib/thumb/v7e-m+fp/hard\libc_nano.a(libc_a-findfp.o)
 .text.global_stdio_init.part.0
                0x0800ae80       0x3c C:/ST/STM32CubeIDE_1.18.0/STM32CubeIDE/plugins/com.st.stm32cube.ide.mcu.externaltools.gnu-tools-for-stm32.13.3.rel1.win32_1.0.0.202411081344/tools/bin/../lib/gcc/arm-none-eabi/13.3.1/../../../../arm-none-eabi/lib/thumb/v7e-m+fp/hard\libc_nano.a(libc_a-findfp.o)
 .text.__sfp_lock_acquire
                0x0800aebc        0xc C:/ST/STM32CubeIDE_1.18.0/STM32CubeIDE/plugins/com.st.stm32cube.ide.mcu.externaltools.gnu-tools-for-stm32.13.3.rel1.win32_1.0.0.202411081344/tools/bin/../lib/gcc/arm-none-eabi/13.3.1/../../../../arm-none-eabi/lib/thumb/v7e-m+fp/hard\libc_nano.a(libc_a-findfp.o)
                0x0800aebc                __sfp_lock_acquire
 .text.__sfp_lock_release
                0x0800aec8        0xc C:/ST/STM32CubeIDE_1.18.0/STM32CubeIDE/plugins/com.st.stm32cube.ide.mcu.externaltools.gnu-tools-for-stm32.13.3.rel1.win32_1.0.0.202411081344/tools/bin/../lib/gcc/arm-none-eabi/13.3.1/../../../../arm-none-eabi/lib/thumb/v7e-m+fp/hard\libc_nano.a(libc_a-findfp.o)
                0x0800aec8                __sfp_lock_release
 .text.__sinit  0x0800aed4       0x30 C:/ST/STM32CubeIDE_1.18.0/STM32CubeIDE/plugins/com.st.stm32cube.ide.mcu.externaltools.gnu-tools-for-stm32.13.3.rel1.win32_1.0.0.202411081344/tools/bin/../lib/gcc/arm-none-eabi/13.3.1/../../../../arm-none-eabi/lib/thumb/v7e-m+fp/hard\libc_nano.a(libc_a-findfp.o)
                0x0800aed4                __sinit
 .text._fwalk_sglue
                0x0800af04       0x3c C:/ST/STM32CubeIDE_1.18.0/STM32CubeIDE/plugins/com.st.stm32cube.ide.mcu.externaltools.gnu-tools-for-stm32.13.3.rel1.win32_1.0.0.202411081344/tools/bin/../lib/gcc/arm-none-eabi/13.3.1/../../../../arm-none-eabi/lib/thumb/v7e-m+fp/hard\libc_nano.a(libc_a-fwalk.o)
                0x0800af04                _fwalk_sglue
 .text.__sread  0x0800af40       0x22 C:/ST/STM32CubeIDE_1.18.0/STM32CubeIDE/plugins/com.st.stm32cube.ide.mcu.externaltools.gnu-tools-for-stm32.13.3.rel1.win32_1.0.0.202411081344/tools/bin/../lib/gcc/arm-none-eabi/13.3.1/../../../../arm-none-eabi/lib/thumb/v7e-m+fp/hard\libc_nano.a(libc_a-stdio.o)
                0x0800af40                __sread
 .text.__swrite
                0x0800af62       0x38 C:/ST/STM32CubeIDE_1.18.0/STM32CubeIDE/plugins/com.st.stm32cube.ide.mcu.externaltools.gnu-tools-for-stm32.13.3.rel1.win32_1.0.0.202411081344/tools/bin/../lib/gcc/arm-none-eabi/13.3.1/../../../../arm-none-eabi/lib/thumb/v7e-m+fp/hard\libc_nano.a(libc_a-stdio.o)
                0x0800af62                __swrite
 .text.__sseek  0x0800af9a       0x24 C:/ST/STM32CubeIDE_1.18.0/STM32CubeIDE/plugins/com.st.stm32cube.ide.mcu.externaltools.gnu-tools-for-stm32.13.3.rel1.win32_1.0.0.202411081344/tools/bin/../lib/gcc/arm-none-eabi/13.3.1/../../../../arm-none-eabi/lib/thumb/v7e-m+fp/hard\libc_nano.a(libc_a-stdio.o)
                0x0800af9a                __sseek
 .text.__sclose
                0x0800afbe        0x8 C:/ST/STM32CubeIDE_1.18.0/STM32CubeIDE/plugins/com.st.stm32cube.ide.mcu.externaltools.gnu-tools-for-stm32.13.3.rel1.win32_1.0.0.202411081344/tools/bin/../lib/gcc/arm-none-eabi/13.3.1/../../../../arm-none-eabi/lib/thumb/v7e-m+fp/hard\libc_nano.a(libc_a-stdio.o)
                0x0800afbe                __sclose
 .text._vsnprintf_r
                0x0800afc6       0x5c C:/ST/STM32CubeIDE_1.18.0/STM32CubeIDE/plugins/com.st.stm32cube.ide.mcu.externaltools.gnu-tools-for-stm32.13.3.rel1.win32_1.0.0.202411081344/tools/bin/../lib/gcc/arm-none-eabi/13.3.1/../../../../arm-none-eabi/lib/thumb/v7e-m+fp/hard\libc_nano.a(libc_a-vsnprintf.o)
                0x0800afc6                _vsniprintf_r
                0x0800afc6                _vsnprintf_r
 *fill*         0x0800b022        0x2 
 .text.vsnprintf
                0x0800b024       0x1c C:/ST/STM32CubeIDE_1.18.0/STM32CubeIDE/plugins/com.st.stm32cube.ide.mcu.externaltools.gnu-tools-for-stm32.13.3.rel1.win32_1.0.0.202411081344/tools/bin/../lib/gcc/arm-none-eabi/13.3.1/../../../../arm-none-eabi/lib/thumb/v7e-m+fp/hard\libc_nano.a(libc_a-vsnprintf.o)
                0x0800b024                vsniprintf
                0x0800b024                vsnprintf
 .text.memcmp   0x0800b040       0x20 C:/ST/STM32CubeIDE_1.18.0/STM32CubeIDE/plugins/com.st.stm32cube.ide.mcu.externaltools.gnu-tools-for-stm32.13.3.rel1.win32_1.0.0.202411081344/tools/bin/../lib/gcc/arm-none-eabi/13.3.1/../../../../arm-none-eabi/lib/thumb/v7e-m+fp/hard\libc_nano.a(libc_a-memcmp.o)
                0x0800b040                memcmp
 .text.memset   0x0800b060       0x10 C:/ST/STM32CubeIDE_1.18.0/STM32CubeIDE/plugins/com.st.stm32cube.ide.mcu.externaltools.gnu-tools-for-stm32.13.3.rel1.win32_1.0.0.202411081344/tools/bin/../lib/gcc/arm-none-eabi/13.3.1/../../../../arm-none-eabi/lib/thumb/v7e-m+fp/hard\libc_nano.a(libc_a-memset.o)
                0x0800b060                memset
 .text.strncpy  0x0800b070       0x26 C:/ST/STM32CubeIDE_1.18.0/STM32CubeIDE/plugins/com.st.stm32cube.ide.mcu.externaltools.gnu-tools-for-stm32.13.3.rel1.win32_1.0.0.202411081344/tools/bin/../lib/gcc/arm-none-eabi/13.3.1/../../../../arm-none-eabi/lib/thumb/v7e-m+fp/hard\libc_nano.a(libc_a-strncpy.o)
                0x0800b070                strncpy
 *fill*         0x0800b096        0x2 
 .text.strtok   0x0800b098       0x68 C:/ST/STM32CubeIDE_1.18.0/STM32CubeIDE/plugins/com.st.stm32cube.ide.mcu.externaltools.gnu-tools-for-stm32.13.3.rel1.win32_1.0.0.202411081344/tools/bin/../lib/gcc/arm-none-eabi/13.3.1/../../../../arm-none-eabi/lib/thumb/v7e-m+fp/hard\libc_nano.a(libc_a-strtok.o)
                0x0800b098                strtok
 .text.__strtok_r
                0x0800b100       0x50 C:/ST/STM32CubeIDE_1.18.0/STM32CubeIDE/plugins/com.st.stm32cube.ide.mcu.externaltools.gnu-tools-for-stm32.13.3.rel1.win32_1.0.0.202411081344/tools/bin/../lib/gcc/arm-none-eabi/13.3.1/../../../../arm-none-eabi/lib/thumb/v7e-m+fp/hard\libc_nano.a(libc_a-strtok_r.o)
                0x0800b100                __strtok_r
 .text._close_r
                0x0800b150       0x20 C:/ST/STM32CubeIDE_1.18.0/STM32CubeIDE/plugins/com.st.stm32cube.ide.mcu.externaltools.gnu-tools-for-stm32.13.3.rel1.win32_1.0.0.202411081344/tools/bin/../lib/gcc/arm-none-eabi/13.3.1/../../../../arm-none-eabi/lib/thumb/v7e-m+fp/hard\libc_nano.a(libc_a-closer.o)
                0x0800b150                _close_r
 .text._lseek_r
                0x0800b170       0x24 C:/ST/STM32CubeIDE_1.18.0/STM32CubeIDE/plugins/com.st.stm32cube.ide.mcu.externaltools.gnu-tools-for-stm32.13.3.rel1.win32_1.0.0.202411081344/tools/bin/../lib/gcc/arm-none-eabi/13.3.1/../../../../arm-none-eabi/lib/thumb/v7e-m+fp/hard\libc_nano.a(libc_a-lseekr.o)
                0x0800b170                _lseek_r
 .text._read_r  0x0800b194       0x24 C:/ST/STM32CubeIDE_1.18.0/STM32CubeIDE/plugins/com.st.stm32cube.ide.mcu.externaltools.gnu-tools-for-stm32.13.3.rel1.win32_1.0.0.202411081344/tools/bin/../lib/gcc/arm-none-eabi/13.3.1/../../../../arm-none-eabi/lib/thumb/v7e-m+fp/hard\libc_nano.a(libc_a-readr.o)
                0x0800b194                _read_r
 .text._write_r
                0x0800b1b8       0x24 C:/ST/STM32CubeIDE_1.18.0/STM32CubeIDE/plugins/com.st.stm32cube.ide.mcu.externaltools.gnu-tools-for-stm32.13.3.rel1.win32_1.0.0.202411081344/tools/bin/../lib/gcc/arm-none-eabi/13.3.1/../../../../arm-none-eabi/lib/thumb/v7e-m+fp/hard\libc_nano.a(libc_a-writer.o)
                0x0800b1b8                _write_r
 .text.__errno  0x0800b1dc        0xc C:/ST/STM32CubeIDE_1.18.0/STM32CubeIDE/plugins/com.st.stm32cube.ide.mcu.externaltools.gnu-tools-for-stm32.13.3.rel1.win32_1.0.0.202411081344/tools/bin/../lib/gcc/arm-none-eabi/13.3.1/../../../../arm-none-eabi/lib/thumb/v7e-m+fp/hard\libc_nano.a(libc_a-errno.o)
                0x0800b1dc                __errno
 .text.__libc_init_array
                0x0800b1e8       0x48 C:/ST/STM32CubeIDE_1.18.0/STM32CubeIDE/plugins/com.st.stm32cube.ide.mcu.externaltools.gnu-tools-for-stm32.13.3.rel1.win32_1.0.0.202411081344/tools/bin/../lib/gcc/arm-none-eabi/13.3.1/../../../../arm-none-eabi/lib/thumb/v7e-m+fp/hard\libc_nano.a(libc_a-init.o)
                0x0800b1e8                __libc_init_array
 .text.__retarget_lock_init_recursive
                0x0800b230        0x2 C:/ST/STM32CubeIDE_1.18.0/STM32CubeIDE/plugins/com.st.stm32cube.ide.mcu.externaltools.gnu-tools-for-stm32.13.3.rel1.win32_1.0.0.202411081344/tools/bin/../lib/gcc/arm-none-eabi/13.3.1/../../../../arm-none-eabi/lib/thumb/v7e-m+fp/hard\libc_nano.a(libc_a-lock.o)
                0x0800b230                __retarget_lock_init_recursive
 .text.__retarget_lock_acquire_recursive
                0x0800b232        0x2 C:/ST/STM32CubeIDE_1.18.0/STM32CubeIDE/plugins/com.st.stm32cube.ide.mcu.externaltools.gnu-tools-for-stm32.13.3.rel1.win32_1.0.0.202411081344/tools/bin/../lib/gcc/arm-none-eabi/13.3.1/../../../../arm-none-eabi/lib/thumb/v7e-m+fp/hard\libc_nano.a(libc_a-lock.o)
                0x0800b232                __retarget_lock_acquire_recursive
 .text.__retarget_lock_release_recursive
                0x0800b234        0x2 C:/ST/STM32CubeIDE_1.18.0/STM32CubeIDE/plugins/com.st.stm32cube.ide.mcu.externaltools.gnu-tools-for-stm32.13.3.rel1.win32_1.0.0.202411081344/tools/bin/../lib/gcc/arm-none-eabi/13.3.1/../../../../arm-none-eabi/lib/thumb/v7e-m+fp/hard\libc_nano.a(libc_a-lock.o)
                0x0800b234                __retarget_lock_release_recursive
 .text.strcpy   0x0800b236       0x10 C:/ST/STM32CubeIDE_1.18.0/STM32CubeIDE/plugins/com.st.stm32cube.ide.mcu.externaltools.gnu-tools-for-stm32.13.3.rel1.win32_1.0.0.202411081344/tools/bin/../lib/gcc/arm-none-eabi/13.3.1/../../../../arm-none-eabi/lib/thumb/v7e-m+fp/hard\libc_nano.a(libc_a-strcpy.o)
                0x0800b236                strcpy
 *fill*         0x0800b246        0x2 
 .text.__assert_func
                0x0800b248       0x3c C:/ST/STM32CubeIDE_1.18.0/STM32CubeIDE/plugins/com.st.stm32cube.ide.mcu.externaltools.gnu-tools-for-stm32.13.3.rel1.win32_1.0.0.202411081344/tools/bin/../lib/gcc/arm-none-eabi/13.3.1/../../../../arm-none-eabi/lib/thumb/v7e-m+fp/hard\libc_nano.a(libc_a-assert.o)
                0x0800b248                __assert_func
 .text._free_r  0x0800b284       0x94 C:/ST/STM32CubeIDE_1.18.0/STM32CubeIDE/plugins/com.st.stm32cube.ide.mcu.externaltools.gnu-tools-for-stm32.13.3.rel1.win32_1.0.0.202411081344/tools/bin/../lib/gcc/arm-none-eabi/13.3.1/../../../../arm-none-eabi/lib/thumb/v7e-m+fp/hard\libc_nano.a(libc_a-freer.o)
                0x0800b284                _free_r
 .text.malloc   0x0800b318       0x10 C:/ST/STM32CubeIDE_1.18.0/STM32CubeIDE/plugins/com.st.stm32cube.ide.mcu.externaltools.gnu-tools-for-stm32.13.3.rel1.win32_1.0.0.202411081344/tools/bin/../lib/gcc/arm-none-eabi/13.3.1/../../../../arm-none-eabi/lib/thumb/v7e-m+fp/hard\libc_nano.a(libc_a-malloc.o)
                0x0800b318                malloc
 .text.sbrk_aligned
                0x0800b328       0x44 C:/ST/STM32CubeIDE_1.18.0/STM32CubeIDE/plugins/com.st.stm32cube.ide.mcu.externaltools.gnu-tools-for-stm32.13.3.rel1.win32_1.0.0.202411081344/tools/bin/../lib/gcc/arm-none-eabi/13.3.1/../../../../arm-none-eabi/lib/thumb/v7e-m+fp/hard\libc_nano.a(libc_a-mallocr.o)
 .text._malloc_r
                0x0800b36c      0x100 C:/ST/STM32CubeIDE_1.18.0/STM32CubeIDE/plugins/com.st.stm32cube.ide.mcu.externaltools.gnu-tools-for-stm32.13.3.rel1.win32_1.0.0.202411081344/tools/bin/../lib/gcc/arm-none-eabi/13.3.1/../../../../arm-none-eabi/lib/thumb/v7e-m+fp/hard\libc_nano.a(libc_a-mallocr.o)
                0x0800b36c                _malloc_r
 .text.__malloc_lock
                0x0800b46c        0xc C:/ST/STM32CubeIDE_1.18.0/STM32CubeIDE/plugins/com.st.stm32cube.ide.mcu.externaltools.gnu-tools-for-stm32.13.3.rel1.win32_1.0.0.202411081344/tools/bin/../lib/gcc/arm-none-eabi/13.3.1/../../../../arm-none-eabi/lib/thumb/v7e-m+fp/hard\libc_nano.a(libc_a-mlock.o)
                0x0800b46c                __malloc_lock
 .text.__malloc_unlock
                0x0800b478        0xc C:/ST/STM32CubeIDE_1.18.0/STM32CubeIDE/plugins/com.st.stm32cube.ide.mcu.externaltools.gnu-tools-for-stm32.13.3.rel1.win32_1.0.0.202411081344/tools/bin/../lib/gcc/arm-none-eabi/13.3.1/../../../../arm-none-eabi/lib/thumb/v7e-m+fp/hard\libc_nano.a(libc_a-mlock.o)
                0x0800b478                __malloc_unlock
 .text.__ssputs_r
                0x0800b484       0xb6 C:/ST/STM32CubeIDE_1.18.0/STM32CubeIDE/plugins/com.st.stm32cube.ide.mcu.externaltools.gnu-tools-for-stm32.13.3.rel1.win32_1.0.0.202411081344/tools/bin/../lib/gcc/arm-none-eabi/13.3.1/../../../../arm-none-eabi/lib/thumb/v7e-m+fp/hard\libc_nano.a(libc_a-nano-svfprintf.o)
                0x0800b484                __ssputs_r
 *fill*         0x0800b53a        0x2 
 .text._svfprintf_r
                0x0800b53c      0x1f8 C:/ST/STM32CubeIDE_1.18.0/STM32CubeIDE/plugins/com.st.stm32cube.ide.mcu.externaltools.gnu-tools-for-stm32.13.3.rel1.win32_1.0.0.202411081344/tools/bin/../lib/gcc/arm-none-eabi/13.3.1/../../../../arm-none-eabi/lib/thumb/v7e-m+fp/hard\libc_nano.a(libc_a-nano-svfprintf.o)
                0x0800b53c                _svfiprintf_r
                0x0800b53c                _svfprintf_r
 .text._printf_common
                0x0800b734       0xda C:/ST/STM32CubeIDE_1.18.0/STM32CubeIDE/plugins/com.st.stm32cube.ide.mcu.externaltools.gnu-tools-for-stm32.13.3.rel1.win32_1.0.0.202411081344/tools/bin/../lib/gcc/arm-none-eabi/13.3.1/../../../../arm-none-eabi/lib/thumb/v7e-m+fp/hard\libc_nano.a(libc_a-nano-vfprintf_i.o)
                0x0800b734                _printf_common
 *fill*         0x0800b80e        0x2 
 .text._printf_i
                0x0800b810      0x23c C:/ST/STM32CubeIDE_1.18.0/STM32CubeIDE/plugins/com.st.stm32cube.ide.mcu.externaltools.gnu-tools-for-stm32.13.3.rel1.win32_1.0.0.202411081344/tools/bin/../lib/gcc/arm-none-eabi/13.3.1/../../../../arm-none-eabi/lib/thumb/v7e-m+fp/hard\libc_nano.a(libc_a-nano-vfprintf_i.o)
                0x0800b810                _printf_i
 .text.__sflush_r
                0x0800ba4c      0x108 C:/ST/STM32CubeIDE_1.18.0/STM32CubeIDE/plugins/com.st.stm32cube.ide.mcu.externaltools.gnu-tools-for-stm32.13.3.rel1.win32_1.0.0.202411081344/tools/bin/../lib/gcc/arm-none-eabi/13.3.1/../../../../arm-none-eabi/lib/thumb/v7e-m+fp/hard\libc_nano.a(libc_a-fflush.o)
                0x0800ba4c                __sflush_r
 .text._fflush_r
                0x0800bb54       0x50 C:/ST/STM32CubeIDE_1.18.0/STM32CubeIDE/plugins/com.st.stm32cube.ide.mcu.externaltools.gnu-tools-for-stm32.13.3.rel1.win32_1.0.0.202411081344/tools/bin/../lib/gcc/arm-none-eabi/13.3.1/../../../../arm-none-eabi/lib/thumb/v7e-m+fp/hard\libc_nano.a(libc_a-fflush.o)
                0x0800bb54                _fflush_r
 .text.fprintf  0x0800bba4       0x24 C:/ST/STM32CubeIDE_1.18.0/STM32CubeIDE/plugins/com.st.stm32cube.ide.mcu.externaltools.gnu-tools-for-stm32.13.3.rel1.win32_1.0.0.202411081344/tools/bin/../lib/gcc/arm-none-eabi/13.3.1/../../../../arm-none-eabi/lib/thumb/v7e-m+fp/hard\libc_nano.a(libc_a-fprintf.o)
                0x0800bba4                fiprintf
                0x0800bba4                fprintf
 .text.memmove  0x0800bbc8       0x34 C:/ST/STM32CubeIDE_1.18.0/STM32CubeIDE/plugins/com.st.stm32cube.ide.mcu.externaltools.gnu-tools-for-stm32.13.3.rel1.win32_1.0.0.202411081344/tools/bin/../lib/gcc/arm-none-eabi/13.3.1/../../../../arm-none-eabi/lib/thumb/v7e-m+fp/hard\libc_nano.a(libc_a-memmove.o)
                0x0800bbc8                memmove
 .text._sbrk_r  0x0800bbfc       0x20 C:/ST/STM32CubeIDE_1.18.0/STM32CubeIDE/plugins/com.st.stm32cube.ide.mcu.externaltools.gnu-tools-for-stm32.13.3.rel1.win32_1.0.0.202411081344/tools/bin/../lib/gcc/arm-none-eabi/13.3.1/../../../../arm-none-eabi/lib/thumb/v7e-m+fp/hard\libc_nano.a(libc_a-sbrkr.o)
                0x0800bbfc                _sbrk_r
 .text.memcpy   0x0800bc1c       0x1c C:/ST/STM32CubeIDE_1.18.0/STM32CubeIDE/plugins/com.st.stm32cube.ide.mcu.externaltools.gnu-tools-for-stm32.13.3.rel1.win32_1.0.0.202411081344/tools/bin/../lib/gcc/arm-none-eabi/13.3.1/../../../../arm-none-eabi/lib/thumb/v7e-m+fp/hard\libc_nano.a(libc_a-memcpy-stub.o)
                0x0800bc1c                memcpy
 .text.abort    0x0800bc38        0xe C:/ST/STM32CubeIDE_1.18.0/STM32CubeIDE/plugins/com.st.stm32cube.ide.mcu.externaltools.gnu-tools-for-stm32.13.3.rel1.win32_1.0.0.202411081344/tools/bin/../lib/gcc/arm-none-eabi/13.3.1/../../../../arm-none-eabi/lib/thumb/v7e-m+fp/hard\libc_nano.a(libc_a-abort.o)
                0x0800bc38                abort
 .text._realloc_r
                0x0800bc46       0x5c C:/ST/STM32CubeIDE_1.18.0/STM32CubeIDE/plugins/com.st.stm32cube.ide.mcu.externaltools.gnu-tools-for-stm32.13.3.rel1.win32_1.0.0.202411081344/tools/bin/../lib/gcc/arm-none-eabi/13.3.1/../../../../arm-none-eabi/lib/thumb/v7e-m+fp/hard\libc_nano.a(libc_a-reallocr.o)
                0x0800bc46                _realloc_r
 .text.__sfputc_r
                0x0800bca2       0x2e C:/ST/STM32CubeIDE_1.18.0/STM32CubeIDE/plugins/com.st.stm32cube.ide.mcu.externaltools.gnu-tools-for-stm32.13.3.rel1.win32_1.0.0.202411081344/tools/bin/../lib/gcc/arm-none-eabi/13.3.1/../../../../arm-none-eabi/lib/thumb/v7e-m+fp/hard\libc_nano.a(libc_a-nano-vfprintf.o)
 .text.__sfputs_r
                0x0800bcd0       0x24 C:/ST/STM32CubeIDE_1.18.0/STM32CubeIDE/plugins/com.st.stm32cube.ide.mcu.externaltools.gnu-tools-for-stm32.13.3.rel1.win32_1.0.0.202411081344/tools/bin/../lib/gcc/arm-none-eabi/13.3.1/../../../../arm-none-eabi/lib/thumb/v7e-m+fp/hard\libc_nano.a(libc_a-nano-vfprintf.o)
                0x0800bcd0                __sfputs_r
 .text._vfprintf_r
                0x0800bcf4      0x230 C:/ST/STM32CubeIDE_1.18.0/STM32CubeIDE/plugins/com.st.stm32cube.ide.mcu.externaltools.gnu-tools-for-stm32.13.3.rel1.win32_1.0.0.202411081344/tools/bin/../lib/gcc/arm-none-eabi/13.3.1/../../../../arm-none-eabi/lib/thumb/v7e-m+fp/hard\libc_nano.a(libc_a-nano-vfprintf.o)
                0x0800bcf4                _vfprintf_r
                0x0800bcf4                _vfiprintf_r
 .text.__swbuf_r
                0x0800bf24       0x7c C:/ST/STM32CubeIDE_1.18.0/STM32CubeIDE/plugins/com.st.stm32cube.ide.mcu.externaltools.gnu-tools-for-stm32.13.3.rel1.win32_1.0.0.202411081344/tools/bin/../lib/gcc/arm-none-eabi/13.3.1/../../../../arm-none-eabi/lib/thumb/v7e-m+fp/hard\libc_nano.a(libc_a-wbuf.o)
                0x0800bf24                __swbuf_r
 .text.__swsetup_r
                0x0800bfa0       0xac C:/ST/STM32CubeIDE_1.18.0/STM32CubeIDE/plugins/com.st.stm32cube.ide.mcu.externaltools.gnu-tools-for-stm32.13.3.rel1.win32_1.0.0.202411081344/tools/bin/../lib/gcc/arm-none-eabi/13.3.1/../../../../arm-none-eabi/lib/thumb/v7e-m+fp/hard\libc_nano.a(libc_a-wsetup.o)
                0x0800bfa0                __swsetup_r
 .text._raise_r
                0x0800c04c       0x50 C:/ST/STM32CubeIDE_1.18.0/STM32CubeIDE/plugins/com.st.stm32cube.ide.mcu.externaltools.gnu-tools-for-stm32.13.3.rel1.win32_1.0.0.202411081344/tools/bin/../lib/gcc/arm-none-eabi/13.3.1/../../../../arm-none-eabi/lib/thumb/v7e-m+fp/hard\libc_nano.a(libc_a-signal.o)
                0x0800c04c                _raise_r
 .text.raise    0x0800c09c       0x10 C:/ST/STM32CubeIDE_1.18.0/STM32CubeIDE/plugins/com.st.stm32cube.ide.mcu.externaltools.gnu-tools-for-stm32.13.3.rel1.win32_1.0.0.202411081344/tools/bin/../lib/gcc/arm-none-eabi/13.3.1/../../../../arm-none-eabi/lib/thumb/v7e-m+fp/hard\libc_nano.a(libc_a-signal.o)
                0x0800c09c                raise
 .text._kill_r  0x0800c0ac       0x24 C:/ST/STM32CubeIDE_1.18.0/STM32CubeIDE/plugins/com.st.stm32cube.ide.mcu.externaltools.gnu-tools-for-stm32.13.3.rel1.win32_1.0.0.202411081344/tools/bin/../lib/gcc/arm-none-eabi/13.3.1/../../../../arm-none-eabi/lib/thumb/v7e-m+fp/hard\libc_nano.a(libc_a-signalr.o)
                0x0800c0ac                _kill_r
 .text._getpid_r
                0x0800c0d0        0x4 C:/ST/STM32CubeIDE_1.18.0/STM32CubeIDE/plugins/com.st.stm32cube.ide.mcu.externaltools.gnu-tools-for-stm32.13.3.rel1.win32_1.0.0.202411081344/tools/bin/../lib/gcc/arm-none-eabi/13.3.1/../../../../arm-none-eabi/lib/thumb/v7e-m+fp/hard\libc_nano.a(libc_a-signalr.o)
                0x0800c0d0                _getpid_r
 .text._malloc_usable_size_r
                0x0800c0d4       0x10 C:/ST/STM32CubeIDE_1.18.0/STM32CubeIDE/plugins/com.st.stm32cube.ide.mcu.externaltools.gnu-tools-for-stm32.13.3.rel1.win32_1.0.0.202411081344/tools/bin/../lib/gcc/arm-none-eabi/13.3.1/../../../../arm-none-eabi/lib/thumb/v7e-m+fp/hard\libc_nano.a(libc_a-msizer.o)
                0x0800c0d4                _malloc_usable_size_r
 .text.__swhatbuf_r
                0x0800c0e4       0x4c C:/ST/STM32CubeIDE_1.18.0/STM32CubeIDE/plugins/com.st.stm32cube.ide.mcu.externaltools.gnu-tools-for-stm32.13.3.rel1.win32_1.0.0.202411081344/tools/bin/../lib/gcc/arm-none-eabi/13.3.1/../../../../arm-none-eabi/lib/thumb/v7e-m+fp/hard\libc_nano.a(libc_a-makebuf.o)
                0x0800c0e4                __swhatbuf_r
 .text.__smakebuf_r
                0x0800c130       0x78 C:/ST/STM32CubeIDE_1.18.0/STM32CubeIDE/plugins/com.st.stm32cube.ide.mcu.externaltools.gnu-tools-for-stm32.13.3.rel1.win32_1.0.0.202411081344/tools/bin/../lib/gcc/arm-none-eabi/13.3.1/../../../../arm-none-eabi/lib/thumb/v7e-m+fp/hard\libc_nano.a(libc_a-makebuf.o)
                0x0800c130                __smakebuf_r
 .text._fstat_r
                0x0800c1a8       0x24 C:/ST/STM32CubeIDE_1.18.0/STM32CubeIDE/plugins/com.st.stm32cube.ide.mcu.externaltools.gnu-tools-for-stm32.13.3.rel1.win32_1.0.0.202411081344/tools/bin/../lib/gcc/arm-none-eabi/13.3.1/../../../../arm-none-eabi/lib/thumb/v7e-m+fp/hard\libc_nano.a(libc_a-fstatr.o)
                0x0800c1a8                _fstat_r
 .text._isatty_r
                0x0800c1cc       0x20 C:/ST/STM32CubeIDE_1.18.0/STM32CubeIDE/plugins/com.st.stm32cube.ide.mcu.externaltools.gnu-tools-for-stm32.13.3.rel1.win32_1.0.0.202411081344/tools/bin/../lib/gcc/arm-none-eabi/13.3.1/../../../../arm-none-eabi/lib/thumb/v7e-m+fp/hard\libc_nano.a(libc_a-isattyr.o)
                0x0800c1cc                _isatty_r
 *(.glue_7)
 .glue_7        0x0800c1ec        0x0 linker stubs
 *(.glue_7t)
 .glue_7t       0x0800c1ec        0x0 linker stubs
 *(.eh_frame)
 .eh_frame      0x0800c1ec        0x0 C:/ST/STM32CubeIDE_1.18.0/STM32CubeIDE/plugins/com.st.stm32cube.ide.mcu.externaltools.gnu-tools-for-stm32.13.3.rel1.win32_1.0.0.202411081344/tools/bin/../lib/gcc/arm-none-eabi/13.3.1/thumb/v7e-m+fp/hard/crtbegin.o
 *(.init)
 .init          0x0800c1ec        0x4 C:/ST/STM32CubeIDE_1.18.0/STM32CubeIDE/plugins/com.st.stm32cube.ide.mcu.externaltools.gnu-tools-for-stm32.13.3.rel1.win32_1.0.0.202411081344/tools/bin/../lib/gcc/arm-none-eabi/13.3.1/thumb/v7e-m+fp/hard/crti.o
                0x0800c1ec                _init
 .init          0x0800c1f0        0x8 C:/ST/STM32CubeIDE_1.18.0/STM32CubeIDE/plugins/com.st.stm32cube.ide.mcu.externaltools.gnu-tools-for-stm32.13.3.rel1.win32_1.0.0.202411081344/tools/bin/../lib/gcc/arm-none-eabi/13.3.1/thumb/v7e-m+fp/hard/crtn.o
 *(.fini)
 .fini          0x0800c1f8        0x4 C:/ST/STM32CubeIDE_1.18.0/STM32CubeIDE/plugins/com.st.stm32cube.ide.mcu.externaltools.gnu-tools-for-stm32.13.3.rel1.win32_1.0.0.202411081344/tools/bin/../lib/gcc/arm-none-eabi/13.3.1/thumb/v7e-m+fp/hard/crti.o
                0x0800c1f8                _fini
 .fini          0x0800c1fc        0x8 C:/ST/STM32CubeIDE_1.18.0/STM32CubeIDE/plugins/com.st.stm32cube.ide.mcu.externaltools.gnu-tools-for-stm32.13.3.rel1.win32_1.0.0.202411081344/tools/bin/../lib/gcc/arm-none-eabi/13.3.1/thumb/v7e-m+fp/hard/crtn.o
                0x0800c204                        . = ALIGN (0x4)
                0x0800c204                        _etext = .

.vfp11_veneer   0x0800c204        0x0
 .vfp11_veneer  0x0800c204        0x0 linker stubs

.v4_bx          0x0800c204        0x0
 .v4_bx         0x0800c204        0x0 linker stubs

.iplt           0x0800c204        0x0
 .iplt          0x0800c204        0x0 C:/ST/STM32CubeIDE_1.18.0/STM32CubeIDE/plugins/com.st.stm32cube.ide.mcu.externaltools.gnu-tools-for-stm32.13.3.rel1.win32_1.0.0.202411081344/tools/bin/../lib/gcc/arm-none-eabi/13.3.1/thumb/v7e-m+fp/hard/crtbegin.o

.rodata         0x0800c204      0xa00
                0x0800c204                        . = ALIGN (0x4)
 *(.rodata)
 .rodata        0x0800c204      0x64b ./Core/Src/comport.o
 *fill*         0x0800c84f        0x1 
 .rodata        0x0800c850      0x178 ./Core/Src/main.o
 .rodata        0x0800c9c8       0x46 ./USB_DEVICE/App/usbd_desc.o
 *(.rodata*)
 *fill*         0x0800ca0e        0x2 
 .rodata.AHBPrescTable
                0x0800ca10       0x10 ./Core/Src/system_stm32f4xx.o
                0x0800ca10                AHBPrescTable
 .rodata._ctype_
                0x0800ca20      0x101 C:/ST/STM32CubeIDE_1.18.0/STM32CubeIDE/plugins/com.st.stm32cube.ide.mcu.externaltools.gnu-tools-for-stm32.13.3.rel1.win32_1.0.0.202411081344/tools/bin/../lib/gcc/arm-none-eabi/13.3.1/../../../../arm-none-eabi/lib/thumb/v7e-m+fp/hard\libc_nano.a(libc_a-ctype_.o)
                0x0800ca20                _ctype_
 .rodata.strtok.str1.1
                0x0800cb21       0xe0 C:/ST/STM32CubeIDE_1.18.0/STM32CubeIDE/plugins/com.st.stm32cube.ide.mcu.externaltools.gnu-tools-for-stm32.13.3.rel1.win32_1.0.0.202411081344/tools/bin/../lib/gcc/arm-none-eabi/13.3.1/../../../../arm-none-eabi/lib/thumb/v7e-m+fp/hard\libc_nano.a(libc_a-strtok.o)
                                 0x71 (size before relaxing)
 .rodata.__assert_func.str1.1
                0x0800cc01       0x3d C:/ST/STM32CubeIDE_1.18.0/STM32CubeIDE/plugins/com.st.stm32cube.ide.mcu.externaltools.gnu-tools-for-stm32.13.3.rel1.win32_1.0.0.202411081344/tools/bin/../lib/gcc/arm-none-eabi/13.3.1/../../../../arm-none-eabi/lib/thumb/v7e-m+fp/hard\libc_nano.a(libc_a-assert.o)
 .rodata._svfprintf_r.str1.1
                0x0800cc01       0x11 C:/ST/STM32CubeIDE_1.18.0/STM32CubeIDE/plugins/com.st.stm32cube.ide.mcu.externaltools.gnu-tools-for-stm32.13.3.rel1.win32_1.0.0.202411081344/tools/bin/../lib/gcc/arm-none-eabi/13.3.1/../../../../arm-none-eabi/lib/thumb/v7e-m+fp/hard\libc_nano.a(libc_a-nano-svfprintf.o)
 .rodata._printf_i.str1.1
                0x0800cc01       0x22 C:/ST/STM32CubeIDE_1.18.0/STM32CubeIDE/plugins/com.st.stm32cube.ide.mcu.externaltools.gnu-tools-for-stm32.13.3.rel1.win32_1.0.0.202411081344/tools/bin/../lib/gcc/arm-none-eabi/13.3.1/../../../../arm-none-eabi/lib/thumb/v7e-m+fp/hard\libc_nano.a(libc_a-nano-vfprintf_i.o)
 .rodata._vfprintf_r.str1.1
                0x0800cc01       0x11 C:/ST/STM32CubeIDE_1.18.0/STM32CubeIDE/plugins/com.st.stm32cube.ide.mcu.externaltools.gnu-tools-for-stm32.13.3.rel1.win32_1.0.0.202411081344/tools/bin/../lib/gcc/arm-none-eabi/13.3.1/../../../../arm-none-eabi/lib/thumb/v7e-m+fp/hard\libc_nano.a(libc_a-nano-vfprintf.o)
                0x0800cc40                        . = ALIGN (0x4)
 *fill*         0x0800cc01        0x3 

.ARM.extab      0x0800cc04        0x0
                0x0800cc04                        . = ALIGN (0x4)
 *(.ARM.extab* .gnu.linkonce.armextab.*)
                0x0800cc04                        . = ALIGN (0x4)

.ARM            0x0800cc04        0x8
                0x0800cc04                        . = ALIGN (0x4)
                0x0800cc04                        __exidx_start = .
 *(.ARM.exidx*)
 .ARM.exidx     0x0800cc04        0x8 C:/ST/STM32CubeIDE_1.18.0/STM32CubeIDE/plugins/com.st.stm32cube.ide.mcu.externaltools.gnu-tools-for-stm32.13.3.rel1.win32_1.0.0.202411081344/tools/bin/../lib/gcc/arm-none-eabi/13.3.1/../../../../arm-none-eabi/lib/thumb/v7e-m+fp/hard\libc_nano.a(libc_a-strcmp.o)
 .ARM.exidx     0x0800cc0c        0x0 C:/ST/STM32CubeIDE_1.18.0/STM32CubeIDE/plugins/com.st.stm32cube.ide.mcu.externaltools.gnu-tools-for-stm32.13.3.rel1.win32_1.0.0.202411081344/tools/bin/../lib/gcc/arm-none-eabi/13.3.1/../../../../arm-none-eabi/lib/thumb/v7e-m+fp/hard\libc_nano.a(libc_a-strlen.o)
                                  0x8 (size before relaxing)
 .ARM.exidx     0x0800cc0c        0x0 C:/ST/STM32CubeIDE_1.18.0/STM32CubeIDE/plugins/com.st.stm32cube.ide.mcu.externaltools.gnu-tools-for-stm32.13.3.rel1.win32_1.0.0.202411081344/tools/bin/../lib/gcc/arm-none-eabi/13.3.1/../../../../arm-none-eabi/lib/thumb/v7e-m+fp/hard\libc_nano.a(libc_a-memchr.o)
                                  0x8 (size before relaxing)
 .ARM.exidx     0x0800cc0c        0x0 C:/ST/STM32CubeIDE_1.18.0/STM32CubeIDE/plugins/com.st.stm32cube.ide.mcu.externaltools.gnu-tools-for-stm32.13.3.rel1.win32_1.0.0.202411081344/tools/bin/../lib/gcc/arm-none-eabi/13.3.1/thumb/v7e-m+fp/hard\libgcc.a(_udivmoddi4.o)
                                  0x8 (size before relaxing)
                0x0800cc0c                        __exidx_end = .
                0x0800cc0c                        . = ALIGN (0x4)

.preinit_array  0x0800cc0c        0x0
                0x0800cc0c                        . = ALIGN (0x4)
                0x0800cc0c                        PROVIDE (__preinit_array_start = .)
 *(.preinit_array*)
                0x0800cc0c                        PROVIDE (__preinit_array_end = .)
                0x0800cc0c                        . = ALIGN (0x4)

.init_array     0x0800cc0c        0x4
                0x0800cc0c                        . = ALIGN (0x4)
                0x0800cc0c                        PROVIDE (__init_array_start = .)
 *(SORT_BY_NAME(.init_array.*))
 *(.init_array*)
 .init_array    0x0800cc0c        0x4 C:/ST/STM32CubeIDE_1.18.0/STM32CubeIDE/plugins/com.st.stm32cube.ide.mcu.externaltools.gnu-tools-for-stm32.13.3.rel1.win32_1.0.0.202411081344/tools/bin/../lib/gcc/arm-none-eabi/13.3.1/thumb/v7e-m+fp/hard/crtbegin.o
                0x0800cc10                        PROVIDE (__init_array_end = .)
                0x0800cc10                        . = ALIGN (0x4)

.fini_array     0x0800cc10        0x4
                0x0800cc10                        . = ALIGN (0x4)
                [!provide]                        PROVIDE (__fini_array_start = .)
 *(SORT_BY_NAME(.fini_array.*))
 *(.fini_array*)
 .fini_array    0x0800cc10        0x4 C:/ST/STM32CubeIDE_1.18.0/STM32CubeIDE/plugins/com.st.stm32cube.ide.mcu.externaltools.gnu-tools-for-stm32.13.3.rel1.win32_1.0.0.202411081344/tools/bin/../lib/gcc/arm-none-eabi/13.3.1/thumb/v7e-m+fp/hard/crtbegin.o
                [!provide]                        PROVIDE (__fini_array_end = .)
                0x0800cc14                        . = ALIGN (0x4)
                0x0800cc14                        _sidata = LOADADDR (.data)

.rel.dyn        0x0800cc14        0x0
 .rel.iplt      0x0800cc14        0x0 C:/ST/STM32CubeIDE_1.18.0/STM32CubeIDE/plugins/com.st.stm32cube.ide.mcu.externaltools.gnu-tools-for-stm32.13.3.rel1.win32_1.0.0.202411081344/tools/bin/../lib/gcc/arm-none-eabi/13.3.1/thumb/v7e-m+fp/hard/crtbegin.o

.data           0x20000000      0x184 load address 0x0800cc14
                0x20000000                        . = ALIGN (0x4)
                0x20000000                        _sdata = .
 *(.data)
 *(.data*)
 .data.active_packet_type.0
                0x20000000        0x1 ./Core/Src/main.o
 .data.search_id_bit
                0x20000001        0x1 ./Core/Src/protocol.o
 .data.search_cmp_id_bit
                0x20000002        0x1 ./Core/Src/protocol.o
 .data.search_direction
                0x20000003        0x1 ./Core/Src/protocol.o
 .data.SystemCoreClock
                0x20000004        0x4 ./Core/Src/system_stm32f4xx.o
                0x20000004                SystemCoreClock
 .data.uwTickPrio
                0x20000008        0x4 ./Drivers/STM32F4xx_HAL_Driver/Src/stm32f4xx_hal.o
                0x20000008                uwTickPrio
 .data.uwTickFreq
                0x2000000c        0x1 ./Drivers/STM32F4xx_HAL_Driver/Src/stm32f4xx_hal.o
                0x2000000c                uwTickFreq
 *fill*         0x2000000d        0x3 
 .data.pFlash   0x20000010       0x20 ./Drivers/STM32F4xx_HAL_Driver/Src/stm32f4xx_hal_flash.o
                0x20000010                pFlash
 .data.USBD_CDC_DeviceQualifierDesc
                0x20000030        0xa ./Middlewares/ST/STM32_USB_Device_Library/Class/CDC/Src/usbd_cdc.o
 *fill*         0x2000003a        0x2 
 .data.USBD_CDC
                0x2000003c       0x38 ./Middlewares/ST/STM32_USB_Device_Library/Class/CDC/Src/usbd_cdc.o
                0x2000003c                USBD_CDC
 .data.USBD_CDC_CfgDesc
                0x20000074       0x43 ./Middlewares/ST/STM32_USB_Device_Library/Class/CDC/Src/usbd_cdc.o
 .data.CDCInEpAdd
                0x200000b7        0x1 ./Middlewares/ST/STM32_USB_Device_Library/Class/CDC/Src/usbd_cdc.o
 .data.CDCOutEpAdd
                0x200000b8        0x1 ./Middlewares/ST/STM32_USB_Device_Library/Class/CDC/Src/usbd_cdc.o
 .data.CDCCmdEpAdd
                0x200000b9        0x1 ./Middlewares/ST/STM32_USB_Device_Library/Class/CDC/Src/usbd_cdc.o
 *fill*         0x200000ba        0x2 
 .data.LineCoding
                0x200000bc        0x8 ./USB_DEVICE/App/usbd_cdc_if.o
                0x200000bc                LineCoding
 .data.USBD_Interface_fops_FS
                0x200000c4       0x14 ./USB_DEVICE/App/usbd_cdc_if.o
                0x200000c4                USBD_Interface_fops_FS
 .data.FS_Desc  0x200000d8       0x1c ./USB_DEVICE/App/usbd_desc.o
                0x200000d8                FS_Desc
 .data.USBD_FS_DeviceDesc
                0x200000f4       0x12 ./USB_DEVICE/App/usbd_desc.o
                0x200000f4                USBD_FS_DeviceDesc
 *fill*         0x20000106        0x2 
 .data.USBD_LangIDDesc
                0x20000108        0x4 ./USB_DEVICE/App/usbd_desc.o
                0x20000108                USBD_LangIDDesc
 .data.USBD_StringSerial
                0x2000010c       0x1a ./USB_DEVICE/App/usbd_desc.o
                0x2000010c                USBD_StringSerial
 *fill*         0x20000126        0x2 
 .data.__sglue  0x20000128        0xc C:/ST/STM32CubeIDE_1.18.0/STM32CubeIDE/plugins/com.st.stm32cube.ide.mcu.externaltools.gnu-tools-for-stm32.13.3.rel1.win32_1.0.0.202411081344/tools/bin/../lib/gcc/arm-none-eabi/13.3.1/../../../../arm-none-eabi/lib/thumb/v7e-m+fp/hard\libc_nano.a(libc_a-findfp.o)
                0x20000128                __sglue
 .data._impure_ptr
                0x20000134        0x4 C:/ST/STM32CubeIDE_1.18.0/STM32CubeIDE/plugins/com.st.stm32cube.ide.mcu.externaltools.gnu-tools-for-stm32.13.3.rel1.win32_1.0.0.202411081344/tools/bin/../lib/gcc/arm-none-eabi/13.3.1/../../../../arm-none-eabi/lib/thumb/v7e-m+fp/hard\libc_nano.a(libc_a-impure.o)
                0x20000134                _impure_ptr
 .data._impure_data
                0x20000138       0x4c C:/ST/STM32CubeIDE_1.18.0/STM32CubeIDE/plugins/com.st.stm32cube.ide.mcu.externaltools.gnu-tools-for-stm32.13.3.rel1.win32_1.0.0.202411081344/tools/bin/../lib/gcc/arm-none-eabi/13.3.1/../../../../arm-none-eabi/lib/thumb/v7e-m+fp/hard\libc_nano.a(libc_a-impure.o)
                0x20000138                _impure_data
 *(.RamFunc)
 *(.RamFunc*)
                0x20000184                        . = ALIGN (0x4)
                0x20000184                        _edata = .

.igot.plt       0x20000184        0x0 load address 0x0800cd98
 .igot.plt      0x20000184        0x0 C:/ST/STM32CubeIDE_1.18.0/STM32CubeIDE/plugins/com.st.stm32cube.ide.mcu.externaltools.gnu-tools-for-stm32.13.3.rel1.win32_1.0.0.202411081344/tools/bin/../lib/gcc/arm-none-eabi/13.3.1/thumb/v7e-m+fp/hard/crtbegin.o
                0x20000184                        . = ALIGN (0x4)

.bss            0x20000184     0x2548 load address 0x0800cd98
                0x20000184                        _sbss = .