Archive member included to satisfy reference by file (symbol)

C:/ST/STM32CubeIDE_1.18.0/STM32CubeIDE/plugins/com.st.stm32cube.ide.mcu.externaltools.gnu-tools-for-stm32.13.3.rel1.win32_1.0.0.202411081344/tools/bin/../lib/gcc/arm-none-eabi/13.3.1/../../../../arm-none-eabi/lib/thumb/v7e-m+fp/hard\libc_nano.a(libc_a-exit.o)
                              C:/ST/STM32CubeIDE_1.18.0/STM32CubeIDE/plugins/com.st.stm32cube.ide.mcu.externaltools.gnu-tools-for-stm32.13.3.rel1.win32_1.0.0.202411081344/tools/bin/../lib/gcc/arm-none-eabi/13.3.1/../../../../arm-none-eabi/lib/thumb/v7e-m+fp/hard/crt0.o (exit)
C:/ST/STM32CubeIDE_1.18.0/STM32CubeIDE/plugins/com.st.stm32cube.ide.mcu.externaltools.gnu-tools-for-stm32.13.3.rel1.win32_1.0.0.202411081344/tools/bin/../lib/gcc/arm-none-eabi/13.3.1/../../../../arm-none-eabi/lib/thumb/v7e-m+fp/hard\libc_nano.a(libc_a-strtoul.o)
                              ./Core/Src/comport.o (strtoul)
C:/ST/STM32CubeIDE_1.18.0/STM32CubeIDE/plugins/com.st.stm32cube.ide.mcu.externaltools.gnu-tools-for-stm32.13.3.rel1.win32_1.0.0.202411081344/tools/bin/../lib/gcc/arm-none-eabi/13.3.1/../../../../arm-none-eabi/lib/thumb/v7e-m+fp/hard\libc_nano.a(libc_a-ctype_.o)
                              ./Core/Src/comport.o (_ctype_)
C:/ST/STM32CubeIDE_1.18.0/STM32CubeIDE/plugins/com.st.stm32cube.ide.mcu.externaltools.gnu-tools-for-stm32.13.3.rel1.win32_1.0.0.202411081344/tools/bin/../lib/gcc/arm-none-eabi/13.3.1/../../../../arm-none-eabi/lib/thumb/v7e-m+fp/hard\libc_nano.a(libc_a-findfp.o)
                              C:/ST/STM32CubeIDE_1.18.0/STM32CubeIDE/plugins/com.st.stm32cube.ide.mcu.externaltools.gnu-tools-for-stm32.13.3.rel1.win32_1.0.0.202411081344/tools/bin/../lib/gcc/arm-none-eabi/13.3.1/../../../../arm-none-eabi/lib/thumb/v7e-m+fp/hard\libc_nano.a(libc_a-exit.o) (__stdio_exit_handler)
C:/ST/STM32CubeIDE_1.18.0/STM32CubeIDE/plugins/com.st.stm32cube.ide.mcu.externaltools.gnu-tools-for-stm32.13.3.rel1.win32_1.0.0.202411081344/tools/bin/../lib/gcc/arm-none-eabi/13.3.1/../../../../arm-none-eabi/lib/thumb/v7e-m+fp/hard\libc_nano.a(libc_a-fwalk.o)
                              C:/ST/STM32CubeIDE_1.18.0/STM32CubeIDE/plugins/com.st.stm32cube.ide.mcu.externaltools.gnu-tools-for-stm32.13.3.rel1.win32_1.0.0.202411081344/tools/bin/../lib/gcc/arm-none-eabi/13.3.1/../../../../arm-none-eabi/lib/thumb/v7e-m+fp/hard\libc_nano.a(libc_a-findfp.o) (_fwalk_sglue)
C:/ST/STM32CubeIDE_1.18.0/STM32CubeIDE/plugins/com.st.stm32cube.ide.mcu.externaltools.gnu-tools-for-stm32.13.3.rel1.win32_1.0.0.202411081344/tools/bin/../lib/gcc/arm-none-eabi/13.3.1/../../../../arm-none-eabi/lib/thumb/v7e-m+fp/hard\libc_nano.a(libc_a-snprintf.o)
                              ./Core/Src/ppe3323.o (snprintf)
C:/ST/STM32CubeIDE_1.18.0/STM32CubeIDE/plugins/com.st.stm32cube.ide.mcu.externaltools.gnu-tools-for-stm32.13.3.rel1.win32_1.0.0.202411081344/tools/bin/../lib/gcc/arm-none-eabi/13.3.1/../../../../arm-none-eabi/lib/thumb/v7e-m+fp/hard\libc_nano.a(libc_a-stdio.o)
                              C:/ST/STM32CubeIDE_1.18.0/STM32CubeIDE/plugins/com.st.stm32cube.ide.mcu.externaltools.gnu-tools-for-stm32.13.3.rel1.win32_1.0.0.202411081344/tools/bin/../lib/gcc/arm-none-eabi/13.3.1/../../../../arm-none-eabi/lib/thumb/v7e-m+fp/hard\libc_nano.a(libc_a-findfp.o) (__sread)
C:/ST/STM32CubeIDE_1.18.0/STM32CubeIDE/plugins/com.st.stm32cube.ide.mcu.externaltools.gnu-tools-for-stm32.13.3.rel1.win32_1.0.0.202411081344/tools/bin/../lib/gcc/arm-none-eabi/13.3.1/../../../../arm-none-eabi/lib/thumb/v7e-m+fp/hard\libc_nano.a(libc_a-vsnprintf.o)
                              ./Core/Src/comport.o (vsnprintf)
C:/ST/STM32CubeIDE_1.18.0/STM32CubeIDE/plugins/com.st.stm32cube.ide.mcu.externaltools.gnu-tools-for-stm32.13.3.rel1.win32_1.0.0.202411081344/tools/bin/../lib/gcc/arm-none-eabi/13.3.1/../../../../arm-none-eabi/lib/thumb/v7e-m+fp/hard\libc_nano.a(libc_a-memcmp.o)
                              ./Core/Src/protocol.o (memcmp)
C:/ST/STM32CubeIDE_1.18.0/STM32CubeIDE/plugins/com.st.stm32cube.ide.mcu.externaltools.gnu-tools-for-stm32.13.3.rel1.win32_1.0.0.202411081344/tools/bin/../lib/gcc/arm-none-eabi/13.3.1/../../../../arm-none-eabi/lib/thumb/v7e-m+fp/hard\libc_nano.a(libc_a-memset.o)
                              C:/ST/STM32CubeIDE_1.18.0/STM32CubeIDE/plugins/com.st.stm32cube.ide.mcu.externaltools.gnu-tools-for-stm32.13.3.rel1.win32_1.0.0.202411081344/tools/bin/../lib/gcc/arm-none-eabi/13.3.1/../../../../arm-none-eabi/lib/thumb/v7e-m+fp/hard/crt0.o (memset)
C:/ST/STM32CubeIDE_1.18.0/STM32CubeIDE/plugins/com.st.stm32cube.ide.mcu.externaltools.gnu-tools-for-stm32.13.3.rel1.win32_1.0.0.202411081344/tools/bin/../lib/gcc/arm-none-eabi/13.3.1/../../../../arm-none-eabi/lib/thumb/v7e-m+fp/hard\libc_nano.a(libc_a-strncpy.o)
                              ./USB_DEVICE/App/usbd_cdc_if.o (strncpy)
[...]
Memory Configuration

Name             Origin             Length             Attributes
RAM              0x20000000         0x00020000         xrw
FLASH            0x08000000         0x00080000         xr
*default*        0x00000000         0xffffffff

Linker script and memory map

LOAD C:/ST/STM32CubeIDE_1.18.0/STM32CubeIDE/plugins/com.st.stm32cube.ide.mcu.externaltools.gnu-tools-for-stm32.13.3.rel1.win32_1.0.0.202411081344/tools/bin/../lib/gcc/arm-none-eabi/13.3.1/thumb/v7e-m+fp/hard/crti.o
LOAD C:/ST/STM32CubeIDE_1.18.0/STM32CubeIDE/plugins/com.st.stm32cube.ide.mcu.externaltools.gnu-tools-for-stm32.13.3.rel1.win32_1.0.0.202411081344/tools/bin/../lib/gcc/arm-none-eabi/13.3.1/thumb/v7e-m+fp/hard/crtbegin.o
LOAD C:/ST/STM32CubeIDE_1.18.0/STM32CubeIDE/plugins/com.st.stm32cube.ide.mcu.externaltools.gnu-tools-for-stm32.13.3.rel1.win32_1.0.0.202411081344/tools/bin/../lib/gcc/arm-none-eabi/13.3.1/../../../../arm-none-eabi/lib/thumb/v7e-m+fp/hard/crt0.o
LOAD ./Core/Src/comport.o
LOAD ./Core/Src/main.o
LOAD ./Core/Src/power_control.o
LOAD ./Core/Src/ppe3323.o
LOAD ./Core/Src/protocol.o
LOAD ./Core/Src/stm32f4xx_hal_msp.o
LOAD ./Core/Src/stm32f4xx_it.o
LOAD ./Core/Src/syscalls.o
LOAD ./Core/Src/sysmem.o
LOAD ./Core/Src/system_stm32f4xx.o
LOAD ./Core/Startup/startup_stm32f411ceux.o
LOAD ./Drivers/STM32F4xx_HAL_Driver/Src/stm32f4xx_hal.o
LOAD ./Drivers/STM32F4xx_HAL_Driver/Src/stm32f4xx_hal_cortex.o
LOAD ./Drivers/STM32F4xx_HAL_Driver/Src/stm32f4xx_hal_dma.o
LOAD ./Drivers/STM32F4xx_HAL_Driver/Src/stm32f4xx_hal_dma_ex.o
LOAD ./Drivers/STM32F4xx_HAL_Driver/Src/stm32f4xx_hal_exti.o
LOAD ./Drivers/STM32F4xx_HAL_Driver/Src/stm32f4xx_hal_flash.o
LOAD ./Drivers/STM32F4xx_HAL_Driver/Src/stm32f4xx_hal_flash_ex.o
LOAD ./Drivers/STM32F4xx_HAL_Driver/Src/stm32f4xx_hal_flash_ramfunc.o
LOAD ./Drivers/STM32F4xx_HAL_Driver/Src/stm32f4xx_hal_gpio.o
LOAD ./Drivers/STM32F4xx_HAL_Driver/Src/stm32f4xx_hal_pcd.o
LOAD ./Drivers/STM32F4xx_HAL_Driver/Src/stm32f4xx_hal_pcd_ex.o
LOAD ./Drivers/STM32F4xx_HAL_Driver/Src/stm32f4xx_hal_pwr.o
LOAD ./Drivers/STM32F4xx_HAL_Driver/Src/stm32f4xx_hal_pwr_ex.o
LOAD ./Drivers/STM32F4xx_HAL_Driver/Src/stm32f4xx_hal_rcc.o
LOAD ./Drivers/STM32F4xx_HAL_Driver/Src/stm32f4xx_hal_rcc_ex.o
LOAD ./Drivers/STM32F4xx_HAL_Driver/Src/stm32f4xx_hal_tim.o
LOAD ./Drivers/STM32F4xx_HAL_Driver/Src/stm32f4xx_hal_tim_ex.o
LOAD ./Drivers/STM32F4xx_HAL_Driver/Src/stm32f4xx_hal_uart.o
LOAD ./Drivers/STM32F4xx_HAL_Driver/Src/stm32f4xx_ll_usb.o
LOAD ./Middlewares/ST/STM32_USB_Device_Library/Class/CDC/Src/usbd_cdc.o
LOAD ./Middlewares/ST/STM32_USB_Device_Library/Core/Src/usbd_core.o
LOAD ./Middlewares/ST/STM32_USB_Device_Library/Core/Src/usbd_ctlreq.o
LOAD ./Middlewares/ST/STM32_USB_Device_Library/Core/Src/usbd_ioreq.o
LOAD ./USB_DEVICE/App/usb_device.o
LOAD ./USB_DEVICE/App/usbd_cdc_if.o
LOAD ./USB_DEVICE/App/usbd_desc.o
LOAD ./USB_DEVICE/Target/usbd_conf.o
START GROUP
LOAD C:/ST/STM32CubeIDE_1.18.0/STM32CubeIDE/plugins/com.st.stm32cube.ide.mcu.externaltools.gnu-tools-for-stm32.13.3.rel1.win32_1.0.0.202411081344/tools/bin/../lib/gcc/arm-none-eabi/13.3.1/../../../../arm-none-eabi/lib/thumb/v7e-m+fp/hard\libstdc++_nano.a
LOAD C:/ST/STM32CubeIDE_1.18.0/STM32CubeIDE/plugins/com.st.stm32cube.ide.mcu.externaltools.gnu-tools-for-stm32.13.3.rel1.win32_1.0.0.202411081344/tools/bin/../lib/gcc/arm-none-eabi/13.3.1/../../../../arm-none-eabi/lib/thumb/v7e-m+fp/hard\libsupc++_nano.a
END GROUP
LOAD C:/ST/STM32CubeIDE_1.18.0/STM32CubeIDE/plugins/com.st.stm32cube.ide.mcu.externaltools.gnu-tools-for-stm32.13.3.rel1.win32_1.0.0.202411081344/tools/bin/../lib/gcc/arm-none-eabi/13.3.1/../../../../arm-none-eabi/lib/thumb/v7e-m+fp/hard\libstdc++_nano.a
LOAD C:/ST/STM32CubeIDE_1.18.0/STM32CubeIDE/plugins/com.st.stm32cube.ide.mcu.externaltools.gnu-tools-for-stm32.13.3.rel1.win32_1.0.0.202411081344/tools/bin/../lib/gcc/arm-none-eabi/13.3.1/../../../../arm-none-eabi/lib/thumb/v7e-m+fp/hard\libm.a
LOAD C:/ST/STM32CubeIDE_1.18.0/STM32CubeIDE/plugins/com.st.stm32cube.ide.mcu.externaltools.gnu-tools-for-stm32.13.3.rel1.win32_1.0.0.202411081344/tools/bin/../lib/gcc/arm-none-eabi/13.3.1/../../../../arm-none-eabi/lib/thumb/v7e-m+fp/hard\libc_nano.a
START GROUP
LOAD C:/ST/STM32CubeIDE_1.18.0/STM32CubeIDE/plugins/com.st.stm32cube.ide.mcu.externaltools.gnu-tools-for-stm32.13.3.rel1.win32_1.0.0.202411081344/tools/bin/../lib/gcc/arm-none-eabi/13.3.1/thumb/v7e-m+fp/hard\libgcc.a
LOAD C:/ST/STM32CubeIDE_1.18.0/STM32CubeIDE/plugins/com.st.stm32cube.ide.mcu.externaltools.gnu-tools-for-stm32.13.3.rel1.win32_1.0.0.202411081344/tools/bin/../lib/gcc/arm-none-eabi/13.3.1/../../../../arm-none-eabi/lib/thumb/v7e-m+fp/hard\libc_nano.a
END GROUP
START GROUP
LOAD C:/ST/STM32CubeIDE_1.18.0/STM32CubeIDE/plugins/com.st.stm32cube.ide.mcu.externaltools.gnu-tools-for-stm32.13.3.rel1.win32_1.0.0.202411081344/tools/bin/../lib/gcc/arm-none-eabi/13.3.1/thumb/v7e-m+fp/hard\libgcc.a
LOAD C:/ST/STM32CubeIDE_1.18.0/STM32CubeIDE/plugins/com.st.stm32cube.ide.mcu.externaltools.gnu-tools-for-stm32.13.3.rel1.win32_1.0.0.202411081344/tools/bin/../lib/gcc/arm-none-eabi/13.3.1/../../../../arm-none-eabi/lib/thumb/v7e-m+fp/hard\libc_nano.a
LOAD C:/ST/STM32CubeIDE_1.18.0/STM32CubeIDE/plugins/com.st.stm32cube.ide.mcu.externaltools.gnu-tools-for-stm32.13.3.rel1.win32_1.0.0.202411081344/tools/bin/../lib/gcc/arm-none-eabi/13.3.1/../../../../arm-none-eabi/lib/thumb/v7e-m+fp/hard\libnosys.a
END GROUP
START GROUP
LOAD C:/ST/STM32CubeIDE_1.18.0/STM32CubeIDE/plugins/com.st.stm32cube.ide.mcu.externaltools.gnu-tools-for-stm32.13.3.rel1.win32_1.0.0.202411081344/tools/bin/../lib/gcc/arm-none-eabi/13.3.1/thumb/v7e-m+fp/hard\libgcc.a
LOAD C:/ST/STM32CubeIDE_1.18.0/STM32CubeIDE/plugins/com.st.stm32cube.ide.mcu.externaltools.gnu-tools-for-stm32.13.3.rel1.win32_1.0.0.202411081344/tools/bin/../lib/gcc/arm-none-eabi/13.3.1/../../../../arm-none-eabi/lib/thumb/v7e-m+fp/hard\libc_nano.a
LOAD C:/ST/STM32CubeIDE_1.18.0/STM32CubeIDE/plugins/com.st.stm32cube.ide.mcu.externaltools.gnu-tools-for-stm32.13.3.rel1.win32_1.0.0.202411081344/tools/bin/../lib/gcc/arm-none-eabi/13.3.1/../../../../arm-none-eabi/lib/thumb/v7e-m+fp/hard\libnosys.a
END GROUP
LOAD C:/ST/STM32CubeIDE_1.18.0/STM32CubeIDE/plugins/com.st.stm32cube.ide.mcu.externaltools.gnu-tools-for-stm32.13.3.rel1.win32_1.0.0.202411081344/tools/bin/../lib/gcc/arm-none-eabi/13.3.1/thumb/v7e-m+fp/hard/crtend.o
LOAD C:/ST/STM32CubeIDE_1.18.0/STM32CubeIDE/plugins/com.st.stm32cube.ide.mcu.externaltools.gnu-tools-for-stm32.13.3.rel1.win32_1.0.0.202411081344/tools/bin/../lib/gcc/arm-none-eabi/13.3.1/thumb/v7e-m+fp/hard/crtn.o
                0x20020000                        _estack = (ORIGIN (RAM) + LENGTH (RAM))
                0x00000200                        _Min_Heap_Size = 0x200
                0x00000400                        _Min_Stack_Size = 0x400

.isr_vector     0x08000000      0x198
                0x08000000                        . = ALIGN (0x4)
 *(.isr_vector)
 .isr_vector    0x08000000      0x198 ./Core/Startup/startup_stm32f411ceux.o
                0x08000000                g_pfnVectors
                0x08000198                        . = ALIGN (0x4)

.text           0x080001a0     0xf624
                0x080001a0                        . = ALIGN (0x4)
 *(.text)
 .text          0x080001a0       0x40 C:/ST/STM32CubeIDE_1.18.0/STM32CubeIDE/plugins/com.st.stm32cube.ide.mcu.externaltools.gnu-tools-for-stm32.13.3.rel1.win32_1.0.0.202411081344/tools/bin/../lib/gcc/arm-none-eabi/13.3.1/thumb/v7e-m+fp/hard/crtbegin.o
 .text          0x080001e0       0x14 C:/ST/STM32CubeIDE_1.18.0/STM32CubeIDE/plugins/com.st.stm32cube.ide.mcu.externaltools.gnu-tools-for-stm32.13.3.rel1.win32_1.0.0.202411081344/tools/bin/../lib/gcc/arm-none-eabi/13.3.1/../../../../arm-none-eabi/lib/thumb/v7e-m+fp/hard\libc_nano.a(libc_a-strcmp.o)
                0x080001e0                strcmp
 .text          0x080001f4       0x10 C:/ST/STM32CubeIDE_1.18.0/STM32CubeIDE/plugins/com.st.stm32cube.ide.mcu.externaltools.gnu-tools-for-stm32.13.3.rel1.win32_1.0.0.202411081344/tools/bin/../lib/gcc/arm-none-eabi/13.3.1/../../../../arm-none-eabi/lib/thumb/v7e-m+fp/hard\libc_nano.a(libc_a-strlen.o)
                0x080001f4                strlen
 *fill*         0x08000204        0xc 
 .text          0x08000210       0xa0 C:/ST/STM32CubeIDE_1.18.0/STM32CubeIDE/plugins/com.st.stm32cube.ide.mcu.externaltools.gnu-tools-for-stm32.13.3.rel1.win32_1.0.0.202411081344/tools/bin/../lib/gcc/arm-none-eabi/13.3.1/../../../../arm-none-eabi/lib/thumb/v7e-m+fp/hard\libc_nano.a(libc_a-memchr.o)
                0x08000210                memchr
 .text          0x080002b0       0x30 C:/ST/STM32CubeIDE_1.18.0/STM32CubeIDE/plugins/com.st.stm32cube.ide.mcu.externaltools.gnu-tools-for-stm32.13.3.rel1.win32_1.0.0.202411081344/tools/bin/../lib/gcc/arm-none-eabi/13.3.1/thumb/v7e-m+fp/hard\libgcc.a(_aeabi_uldivmod.o)
                0x080002b0                __aeabi_uldivmod
 .text          0x080002e0      0x2f8 C:/ST/STM32CubeIDE_1.18.0/STM32CubeIDE/plugins/com.st.stm32cube.ide.mcu.externaltools.gnu-tools-for-stm32.13.3.rel1.win32_1.0.0.202411081344/tools/bin/../lib/gcc/arm-none-eabi/13.3.1/thumb/v7e-m+fp/hard\libgcc.a(_udivmoddi4.o)
                0x080002e0                __udivmoddi4
 .text          0x080005d8        0x4 C:/ST/STM32CubeIDE_1.18.0/STM32CubeIDE/plugins/com.st.stm32cube.ide.mcu.externaltools.gnu-tools-for-stm32.13.3.rel1.win32_1.0.0.202411081344/tools/bin/../lib/gcc/arm-none-eabi/13.3.1/thumb/v7e-m+fp/hard\libgcc.a(_dvmd_tls.o)
                0x080005d8                __aeabi_idiv0
                0x080005d8                __aeabi_ldiv0
 *(.text*)
 .text.comport_send_response
                0x080005dc       0x92 ./Core/Src/comport.o
                0x080005dc                comport_send_response
 *fill*         0x0800066e        0x2 
 .text.comport_poll
                0x08000670       0x34 ./Core/Src/comport.o
                0x08000670                comport_poll
 .text.comport_clear_command
                0x080006a4       0x18 ./Core/Src/comport.o
                0x080006a4                comport_clear_command
 .text.comport_clear_ppe_command
                0x080006bc       0x38 ./Core/Src/comport.o
                0x080006bc                comport_clear_ppe_command
 .text.comport_process_line
                0x080006f4      0x864 ./Core/Src/comport.o
                0x080006f4                comport_process_line
 .text.comport_print_found_roms
                0x08000f58       0x80 ./Core/Src/comport.o
                0x08000f58                comport_print_found_roms
 .text.comport_print_power_params
                0x08000fd8      0x144 ./Core/Src/comport.o
                0x08000fd8                comport_print_power_params
 .text.feed_plan_input_reset
                0x0800111c       0x64 ./Core/Src/comport.o
 .text.feed_plan_input_start
                0x08001180       0x38 ./Core/Src/comport.o
 .text.feed_plan_input_fail
                0x080011b8       0x18 ./Core/Src/comport.o
 .text.feed_plan_process_single_line
                0x080011d0      0x258 ./Core/Src/comport.o
 .text.parse_uint32_dec_token
                0x08001428       0x5a ./Core/Src/comport.o
 .text.parse_feed_plan_voltage_line
                0x08001482       0x8a ./Core/Src/comport.o
 .text.parse_feed_plan_current_line
                0x0800150c       0x90 ./Core/Src/comport.o
 .text.parse_feed_plan_mask_line
                0x0800159c       0x84 ./Core/Src/comport.o
 .text.feed_plan_process_input_line
                0x08001620      0x274 ./Core/Src/comport.o
 .text.comport_print_received_data
                0x08001894       0x58 ./Core/Src/comport.o
                0x08001894                comport_print_received_data
 .text.ppe_process_input_command
                0x080018ec      0x1c4 ./Core/Src/comport.o
 .text.str_eq_ci
                0x08001ab0       0xa4 ./Core/Src/comport.o
 .text.token_has_hex_letters
                0x08001b54       0x48 ./Core/Src/comport.o
 .text.token_is_hex_string
                0x08001b9c       0x54 ./Core/Src/comport.o
 .text.parse_size_token
                0x08001bf0       0x8e ./Core/Src/comport.o
 .text.parse_byte_token
                0x08001c7e       0xb4 ./Core/Src/comport.o
 *fill*         0x08001d32        0x2 
 .text.parse_packet_type_token
                0x08001d34       0xd4 ./Core/Src/comport.o
 .text.parse_rom_token
                0x08001e08       0xc4 ./Core/Src/comport.o
 .text.parse_func_token
                0x08001ecc       0xe0 ./Core/Src/comport.o
 .text.rom_requires_address
                0x08001fac       0x22 ./Core/Src/comport.o
 *fill*         0x08001fce        0x2 
 .text.parse_address_tokens
                0x08001fd0      0x128 ./Core/Src/comport.o
 .text.print_help
                0x080020f8      0x108 ./Core/Src/comport.o
 .text.HAL_TIM_PeriodElapsedCallback
                0x08002200       0x16 ./Core/Src/main.o
                0x08002200                HAL_TIM_PeriodElapsedCallback
 .text.HAL_UART_TxCpltCallback
                0x08002216       0x16 ./Core/Src/main.o
                0x08002216                HAL_UART_TxCpltCallback
 .text.HAL_UART_ErrorCallback
                0x0800222c       0x16 ./Core/Src/main.o
                0x0800222c                HAL_UART_ErrorCallback
 *fill*         0x08002242        0x2 
 .text.process_ppe_command
                0x08002244      0x120 ./Core/Src/main.o
 .text.main     0x08002364      0x394 ./Core/Src/main.o
                0x08002364                main
 .text.SystemClock_Config
                0x080026f8       0xd8 ./Core/Src/main.o
                0x080026f8                SystemClock_Config
 .text.MX_TIM2_Init
                0x080027d0       0x98 ./Core/Src/main.o
 .text.MX_USART1_UART_Init
                0x08002868       0x54 ./Core/Src/main.o
 .text.MX_GPIO_Init
                0x080028bc      0x110 ./Core/Src/main.o
 .text.Error_Handler
                0x080029cc        0xc ./Core/Src/main.o
                0x080029cc                Error_Handler
 .text.power_control_take_phase_request
                0x080029d8       0x88 ./Core/Src/power_control.o
 .text.power_control_set_fault
                0x08002a60       0x68 ./Core/Src/power_control.o
 .text.power_control_process_shutdown
                0x08002ac8       0x88 ./Core/Src/power_control.o
 .text.power_control_init
                0x08002b50       0xb8 ./Core/Src/power_control.o
                0x08002b50                power_control_init
 .text.power_control_arm_new_plan
                0x08002c08       0x68 ./Core/Src/power_control.o
                0x08002c08                power_control_arm_new_plan
 .text.power_control_disable
                0x08002c70       0x40 ./Core/Src/power_control.o
                0x08002c70                power_control_disable
 .text.power_control_poll
                0x08002cb0      0x1f4 ./Core/Src/power_control.o
                0x08002cb0                power_control_poll
 .text.power_control_is_automatic_mode
                0x08002ea4       0x24 ./Core/Src/power_control.o
                0x08002ea4                power_control_is_automatic_mode
 .text.power_control_take_fault_report
                0x08002ec8       0x4c ./Core/Src/power_control.o
                0x08002ec8                power_control_take_fault_report
 .text.ppe3323_queue_text
                0x08002f14       0x8c ./Core/Src/ppe3323.o
 .text.ppe3323_init
                0x08002fa0       0x88 ./Core/Src/ppe3323.o
                0x08002fa0                ppe3323_init
 .text.ppe3323_poll
                0x08003028       0xb8 ./Core/Src/ppe3323.o
                0x08003028                ppe3323_poll
 .text.ppe3323_queue_phase
                0x080030e0       0xa4 ./Core/Src/ppe3323.o
                0x080030e0                ppe3323_queue_phase
 .text.ppe3323_queue_output_on
                0x08003184       0x28 ./Core/Src/ppe3323.o
                0x08003184                ppe3323_queue_output_on
 .text.ppe3323_queue_output_off
                0x080031ac       0x18 ./Core/Src/ppe3323.o
                0x080031ac                ppe3323_queue_output_off
 .text.ppe3323_is_busy
                0x080031c4       0x38 ./Core/Src/ppe3323.o
                0x080031c4                ppe3323_is_busy
 .text.ppe3323_state_text
                0x080031fc       0x5c ./Core/Src/ppe3323.o
                0x080031fc                ppe3323_state_text
 .text.ppe3323_has_phase_configuration
                0x08003258       0x24 ./Core/Src/ppe3323.o
                0x08003258                ppe3323_has_phase_configuration
 .text.ppe3323_output_is_on
                0x0800327c       0x24 ./Core/Src/ppe3323.o
                0x0800327c                ppe3323_output_is_on
 .text.ppe3323_has_error
                0x080032a0       0x24 ./Core/Src/ppe3323.o
                0x080032a0                ppe3323_has_error
 .text.ppe3323_uart_tx_complete_callback
                0x080032c4       0x80 ./Core/Src/ppe3323.o
                0x080032c4                ppe3323_uart_tx_complete_callback
 .text.ppe3323_uart_error_callback
                0x08003344       0x6c ./Core/Src/ppe3323.o
                0x08003344                ppe3323_uart_error_callback
 .text.start_timer
                0x080033b0       0x1c ./Core/Src/protocol.o
 .text.stop_timer
                0x080033cc       0x14 ./Core/Src/protocol.o
 .text.power_key_off
                0x080033e0       0x18 ./Core/Src/protocol.o
 .text.power_key_on
                0x080033f8       0x18 ./Core/Src/protocol.o
 .text.rom_cmd_has_address
                0x08003410       0x22 ./Core/Src/protocol.o
 *fill*         0x08003432        0x2 
 .text.update_real_power_phase_enabled
                0x08003434       0x38 ./Core/Src/protocol.o
 .text.power_phase_us_to_timer_ticks
                0x0800346c       0x5c ./Core/Src/protocol.o
 .text.power_phase_execution_allowed
                0x080034c8       0x10 ./Core/Src/protocol.o
 .text.start_real_power_active_part
                0x080034d8       0x30 ./Core/Src/protocol.o
 .text.start_power_phase
                0x08003508      0x118 ./Core/Src/protocol.o
 .text.advance_real_power_phase
                0x08003620       0x80 ./Core/Src/protocol.o
 .text.crc5     0x080036a0       0x70 ./Core/Src/protocol.o
                0x080036a0                crc5
 .text.check_crc5
                0x08003710       0x32 ./Core/Src/protocol.o
                0x08003710                check_crc5
 *fill*         0x08003742        0x2 
 .text.clear_received_data
                0x08003744       0x54 ./Core/Src/protocol.o
                0x08003744                clear_received_data
 .text.rom_get_bit
                0x08003798       0x3e ./Core/Src/protocol.o
 .text.rom_set_bit
                0x080037d6       0x72 ./Core/Src/protocol.o
 .text.clear_search_active_flags
                0x08003848       0x2c ./Core/Src/protocol.o
 .text.clear_rom_list
                0x08003874       0x22 ./Core/Src/protocol.o
 .text.rom_is_equal
                0x08003896       0x28 ./Core/Src/protocol.o
 .text.append_unique_rom
                0x080038be       0x66 ./Core/Src/protocol.o
 .text.search_get_current_result_count
                0x08003924       0x40 ./Core/Src/protocol.o
 .text.handle_service_flags_after_segment
                0x08003964       0x98 ./Core/Src/protocol.o
 .text.search_engine_reset
                0x080039fc       0xdc ./Core/Src/protocol.o
 .text.search_rom_packet_reset
                0x08003ad8       0x5c ./Core/Src/protocol.o
                0x08003ad8                search_rom_packet_reset
 .text.search_prepare_next_device
                0x08003b34       0x78 ./Core/Src/protocol.o
 .text.search_choose_direction
                0x08003bac       0xb8 ./Core/Src/protocol.o
 .text.search_store_found_device
                0x08003c64       0x88 ./Core/Src/protocol.o
 .text.start_search_segment
                0x08003cec       0x34 ./Core/Src/protocol.o
 .text.on_search_segment_done
                0x08003d20       0x44 ./Core/Src/protocol.o
 .text.search_packet_async_with_cmd
                0x08003d64      0x12c ./Core/Src/protocol.o
 .text.search_rom_packet_async
                0x08003e90       0x14 ./Core/Src/protocol.o
                0x08003e90                search_rom_packet_async
 .text.search_new_devices_packet_async
                0x08003ea4       0x14 ./Core/Src/protocol.o
 .text.search_interrupt_packet_async
                0x08003eb8       0x14 ./Core/Src/protocol.o
                0x08003eb8                search_interrupt_packet_async
 .text.search_alarm_packet_async
                0x08003ecc       0x14 ./Core/Src/protocol.o
                0x08003ecc                search_alarm_packet_async
 .text.start_segment
                0x08003ee0       0x78 ./Core/Src/protocol.o
 .text.start_received_segment
                0x08003f58       0x68 ./Core/Src/protocol.o
 .text.on_segment_done
                0x08003fc0       0xfc ./Core/Src/protocol.o
 .text.on_received_segment_done
                0x080040bc       0x8c ./Core/Src/protocol.o
 .text.next_step
                0x08004148      0x330 ./Core/Src/protocol.o
 .text.send_pack_async
                0x08004478       0xc0 ./Core/Src/protocol.o
                0x08004478                send_pack_async
 .text.receive_pack_async
                0x08004538       0xc8 ./Core/Src/protocol.o
                0x08004538                receive_pack_async
 .text.receive_pack_skip_async
                0x08004600       0xc0 ./Core/Src/protocol.o
                0x08004600                receive_pack_skip_async
 .text.read_u32_be
                0x080046c0       0x36 ./Core/Src/protocol.o
 *fill*         0x080046f6        0x2 
 .text.power_params_count_valid
                0x080046f8       0x48 ./Core/Src/protocol.o
 .text.power_params_is_actual_for_index
                0x08004740       0x70 ./Core/Src/protocol.o
 .text.power_params_store_from_received
                0x080047b0       0xfc ./Core/Src/protocol.o
 .text.power_params_reset
                0x080048ac       0x40 ./Core/Src/protocol.o
                0x080048ac                power_params_reset
 .text.feed_plan_send_reset_state
                0x080048ec       0x34 ./Core/Src/protocol.o
 .text.feed_plan_reset
                0x08004920       0x58 ./Core/Src/protocol.o
                0x08004920                feed_plan_reset
 .text.feed_plan_store
                0x08004978      0x13c ./Core/Src/protocol.o
                0x08004978                feed_plan_store
 .text.feed_plan_get_mask_byte_count
                0x08004ab4       0x1e ./Core/Src/protocol.o
 *fill*         0x08004ad2        0x2 
 .text.feed_plan_prepare_slave_data
                0x08004ad4       0xd8 ./Core/Src/protocol.o
 .text.feed_plan_start_next_slave
                0x08004bac       0xa0 ./Core/Src/protocol.o
 .text.feed_plan_continue_sending
                0x08004c4c       0x9c ./Core/Src/protocol.o
 .text.feed_plan_send_all_async
                0x08004ce8       0xe0 ./Core/Src/protocol.o
                0x08004ce8                feed_plan_send_all_async
 .text.power_params_start_next_request
                0x08004dc8       0x94 ./Core/Src/protocol.o
 .text.power_params_continue_processing
                0x08004e5c       0x78 ./Core/Src/protocol.o
 .text.power_params_request_all_async
                0x08004ed4       0x58 ./Core/Src/protocol.o
                0x08004ed4                power_params_request_all_async
 .text.start_interrupt_processing
                0x08004f2c       0x68 ./Core/Src/protocol.o
 .text.continue_interrupt_processing
                0x08004f94       0xf4 ./Core/Src/protocol.o
 .text.start_alarm_processing
                0x08005088       0x6c ./Core/Src/protocol.o
 .text.continue_alarm_processing
                0x080050f4       0x5c ./Core/Src/protocol.o
 .text.protocol_start_idle_power_cycle
                0x08005150       0xb4 ./Core/Src/protocol.o
                0x08005150                protocol_start_idle_power_cycle
 .text.protocol_poll
                0x08005204       0xb0 ./Core/Src/protocol.o
                0x08005204                protocol_poll
 .text.protocol_clear_event
                0x080052b4       0x18 ./Core/Src/protocol.o
                0x080052b4                protocol_clear_event
 .text.protocol_clear_packet_abort_flag
                0x080052cc       0x18 ./Core/Src/protocol.o
                0x080052cc                protocol_clear_packet_abort_flag
 .text.protocol_timer_irq_handler
                0x080052e4      0x738 ./Core/Src/protocol.o
                0x080052e4                protocol_timer_irq_handler
 .text.protocol_init
                0x08005a1c       0xec ./Core/Src/protocol.o
                0x08005a1c                protocol_init
 .text.protocol_is_busy
                0x08005b08       0x20 ./Core/Src/protocol.o
                0x08005b08                protocol_is_busy
 .text.HAL_MspInit
                0x08005b28       0x8c ./Core/Src/stm32f4xx_hal_msp.o
                0x08005b28                HAL_MspInit
 .text.HAL_TIM_Base_MspInit
                0x08005bb4       0x4c ./Core/Src/stm32f4xx_hal_msp.o
                0x08005bb4                HAL_TIM_Base_MspInit
 .text.HAL_UART_MspInit
                0x08005c00       0xa0 ./Core/Src/stm32f4xx_hal_msp.o
                0x08005c00                HAL_UART_MspInit
 .text.NMI_Handler
                0x08005ca0        0x8 ./Core/Src/stm32f4xx_it.o
                0x08005ca0                NMI_Handler
 .text.HardFault_Handler
                0x08005ca8        0x8 ./Core/Src/stm32f4xx_it.o
                0x08005ca8                HardFault_Handler
 .text.MemManage_Handler
                0x08005cb0        0x8 ./Core/Src/stm32f4xx_it.o
                0x08005cb0                MemManage_Handler
 .text.BusFault_Handler
                0x08005cb8        0x8 ./Core/Src/stm32f4xx_it.o
                0x08005cb8                BusFault_Handler
 .text.UsageFault_Handler
                0x08005cc0        0x8 ./Core/Src/stm32f4xx_it.o
                0x08005cc0                UsageFault_Handler
 .text.SVC_Handler
                0x08005cc8        0xe ./Core/Src/stm32f4xx_it.o
                0x08005cc8                SVC_Handler
 .text.DebugMon_Handler
                0x08005cd6        0xe ./Core/Src/stm32f4xx_it.o
                0x08005cd6                DebugMon_Handler
 .text.PendSV_Handler
                0x08005ce4        0xe ./Core/Src/stm32f4xx_it.o
                0x08005ce4                PendSV_Handler
 .text.SysTick_Handler
                0x08005cf2        0xc ./Core/Src/stm32f4xx_it.o
                0x08005cf2                SysTick_Handler
 .text.PVD_IRQHandler
                0x08005cfe        0xc ./Core/Src/stm32f4xx_it.o
                0x08005cfe                PVD_IRQHandler
 .text.FLASH_IRQHandler
                0x08005d0a        0xc ./Core/Src/stm32f4xx_it.o
                0x08005d0a                FLASH_IRQHandler
 .text.RCC_IRQHandler
                0x08005d16        0xe ./Core/Src/stm32f4xx_it.o
                0x08005d16                RCC_IRQHandler
 .text.TIM2_IRQHandler
                0x08005d24       0x14 ./Core/Src/stm32f4xx_it.o
                0x08005d24                TIM2_IRQHandler
 .text.USART1_IRQHandler
                0x08005d38       0x14 ./Core/Src/stm32f4xx_it.o
                0x08005d38                USART1_IRQHandler
 .text.OTG_FS_IRQHandler
                0x08005d4c       0x14 ./Core/Src/stm32f4xx_it.o
                0x08005d4c                OTG_FS_IRQHandler
 .text.FPU_IRQHandler
                0x08005d60        0xe ./Core/Src/stm32f4xx_it.o
                0x08005d60                FPU_IRQHandler
 .text._getpid  0x08005d6e       0x10 ./Core/Src/syscalls.o
                0x08005d6e                _getpid
 .text._kill    0x08005d7e       0x20 ./Core/Src/syscalls.o
                0x08005d7e                _kill
 .text._exit    0x08005d9e       0x16 ./Core/Src/syscalls.o
                0x08005d9e                _exit
 .text._read    0x08005db4       0x3a ./Core/Src/syscalls.o
                0x08005db4                _read
 .text._write   0x08005dee       0x38 ./Core/Src/syscalls.o
                0x08005dee                _write
 .text._close   0x08005e26       0x18 ./Core/Src/syscalls.o
                0x08005e26                _close
 .text._fstat   0x08005e3e       0x20 ./Core/Src/syscalls.o
                0x08005e3e                _fstat
 .text._isatty  0x08005e5e       0x16 ./Core/Src/syscalls.o
                0x08005e5e                _isatty
 .text._lseek   0x08005e74       0x1a ./Core/Src/syscalls.o
                0x08005e74                _lseek
 *fill*         0x08005e8e        0x2 
 .text._sbrk    0x08005e90       0x6c ./Core/Src/sysmem.o
                0x08005e90                _sbrk
 .text.SystemInit
                0x08005efc       0x24 ./Core/Src/system_stm32f4xx.o
                0x08005efc                SystemInit
 .text.Reset_Handler
                0x08005f20       0x50 ./Core/Startup/startup_stm32f411ceux.o
                0x08005f20                Reset_Handler
 .text.Default_Handler
                0x08005f70        0x2 ./Core/Startup/startup_stm32f411ceux.o
                0x08005f70                RTC_Alarm_IRQHandler
                0x08005f70                EXTI2_IRQHandler
                0x08005f70                SPI4_IRQHandler
                0x08005f70                TIM1_CC_IRQHandler
                0x08005f70                DMA2_Stream5_IRQHandler
                0x08005f70                DMA1_Stream5_IRQHandler
                0x08005f70                SDIO_IRQHandler
                0x08005f70                TAMP_STAMP_IRQHandler
                0x08005f70                EXTI3_IRQHandler
                0x08005f70                TIM1_UP_TIM10_IRQHandler
                0x08005f70                I2C3_ER_IRQHandler
                0x08005f70                EXTI0_IRQHandler
                0x08005f70                I2C2_EV_IRQHandler
                0x08005f70                DMA1_Stream2_IRQHandler
                0x08005f70                DMA2_Stream2_IRQHandler
                0x08005f70                SPI1_IRQHandler
                0x08005f70                TIM1_BRK_TIM9_IRQHandler
                0x08005f70                DMA2_Stream3_IRQHandler
                0x08005f70                USART6_IRQHandler
                0x08005f70                DMA2_Stream0_IRQHandler
                0x08005f70                TIM4_IRQHandler
                0x08005f70                I2C1_EV_IRQHandler
                0x08005f70                DMA1_Stream6_IRQHandler
                0x08005f70                DMA1_Stream1_IRQHandler
                0x08005f70                TIM3_IRQHandler
                0x08005f70                Default_Handler
                0x08005f70                EXTI15_10_IRQHandler
                0x08005f70                ADC_IRQHandler
                0x08005f70                DMA1_Stream7_IRQHandler
                0x08005f70                SPI5_IRQHandler
                0x08005f70                TIM5_IRQHandler
                0x08005f70                DMA2_Stream7_IRQHandler
                0x08005f70                I2C3_EV_IRQHandler
                0x08005f70                EXTI9_5_IRQHandler
                0x08005f70                RTC_WKUP_IRQHandler
                0x08005f70                SPI2_IRQHandler
                0x08005f70                DMA1_Stream0_IRQHandler
                0x08005f70                EXTI4_IRQHandler
                0x08005f70                WWDG_IRQHandler
                0x08005f70                OTG_FS_WKUP_IRQHandler
                0x08005f70                TIM1_TRG_COM_TIM11_IRQHandler
                0x08005f70                EXTI1_IRQHandler
                0x08005f70                USART2_IRQHandler
                0x08005f70                I2C2_ER_IRQHandler
                0x08005f70                DMA2_Stream1_IRQHandler
                0x08005f70                DMA2_Stream4_IRQHandler
                0x08005f70                SPI3_IRQHandler
                0x08005f70                DMA1_Stream4_IRQHandler
                0x08005f70                I2C1_ER_IRQHandler
                0x08005f70                DMA2_Stream6_IRQHandler
                0x08005f70                DMA1_Stream3_IRQHandler
 *fill*         0x08005f72        0x2 
 .text.HAL_Init
                0x08005f74       0x44 ./Drivers/STM32F4xx_HAL_Driver/Src/stm32f4xx_hal.o
                0x08005f74                HAL_Init
 .text.HAL_InitTick
                0x08005fb8       0x60 ./Drivers/STM32F4xx_HAL_Driver/Src/stm32f4xx_hal.o
                0x08005fb8                HAL_InitTick
 .text.HAL_IncTick
                0x08006018       0x28 ./Drivers/STM32F4xx_HAL_Driver/Src/stm32f4xx_hal.o
                0x08006018                HAL_IncTick
 .text.HAL_GetTick
                0x08006040       0x18 ./Drivers/STM32F4xx_HAL_Driver/Src/stm32f4xx_hal.o
                0x08006040                HAL_GetTick
 .text.HAL_Delay
                0x08006058       0x48 ./Drivers/STM32F4xx_HAL_Driver/Src/stm32f4xx_hal.o
                0x08006058                HAL_Delay
 .text.__NVIC_SetPriorityGrouping
                0x080060a0       0x48 ./Drivers/STM32F4xx_HAL_Driver/Src/stm32f4xx_hal_cortex.o
 .text.__NVIC_GetPriorityGrouping
                0x080060e8       0x1c ./Drivers/STM32F4xx_HAL_Driver/Src/stm32f4xx_hal_cortex.o
 .text.__NVIC_EnableIRQ
                0x08006104       0x3c ./Drivers/STM32F4xx_HAL_Driver/Src/stm32f4xx_hal_cortex.o
 .text.__NVIC_SetPriority
                0x08006140       0x54 ./Drivers/STM32F4xx_HAL_Driver/Src/stm32f4xx_hal_cortex.o
 .text.NVIC_EncodePriority
                0x08006194       0x66 ./Drivers/STM32F4xx_HAL_Driver/Src/stm32f4xx_hal_cortex.o
 *fill*         0x080061fa        0x2 
 .text.SysTick_Config
                0x080061fc       0x44 ./Drivers/STM32F4xx_HAL_Driver/Src/stm32f4xx_hal_cortex.o
 .text.HAL_NVIC_SetPriorityGrouping
                0x08006240       0x16 ./Drivers/STM32F4xx_HAL_Driver/Src/stm32f4xx_hal_cortex.o
                0x08006240                HAL_NVIC_SetPriorityGrouping
 .text.HAL_NVIC_SetPriority
                0x08006256       0x38 ./Drivers/STM32F4xx_HAL_Driver/Src/stm32f4xx_hal_cortex.o
                0x08006256                HAL_NVIC_SetPriority
 .text.HAL_NVIC_EnableIRQ
                0x0800628e       0x1c ./Drivers/STM32F4xx_HAL_Driver/Src/stm32f4xx_hal_cortex.o
                0x0800628e                HAL_NVIC_EnableIRQ
 .text.HAL_SYSTICK_Config
                0x080062aa       0x18 ./Drivers/STM32F4xx_HAL_Driver/Src/stm32f4xx_hal_cortex.o
                0x080062aa                HAL_SYSTICK_Config
 .text.HAL_DMA_Abort
                0x080062c2       0xe0 ./Drivers/STM32F4xx_HAL_Driver/Src/stm32f4xx_hal_dma.o
                0x080062c2                HAL_DMA_Abort
 .text.HAL_DMA_Abort_IT
                0x080063a2       0x44 ./Drivers/STM32F4xx_HAL_Driver/Src/stm32f4xx_hal_dma.o
                0x080063a2                HAL_DMA_Abort_IT
 *fill*         0x080063e6        0x2 
 .text.HAL_FLASH_IRQHandler
                0x080063e8      0x138 ./Drivers/STM32F4xx_HAL_Driver/Src/stm32f4xx_hal_flash.o
                0x080063e8                HAL_FLASH_IRQHandler
 .text.HAL_FLASH_EndOfOperationCallback
                0x08006520       0x14 ./Drivers/STM32F4xx_HAL_Driver/Src/stm32f4xx_hal_flash.o
                0x08006520                HAL_FLASH_EndOfOperationCallback
 .text.HAL_FLASH_OperationErrorCallback
                0x08006534       0x14 ./Drivers/STM32F4xx_HAL_Driver/Src/stm32f4xx_hal_flash.o
                0x08006534                HAL_FLASH_OperationErrorCallback
 .text.FLASH_SetErrorCode
                0x08006548       0xcc ./Drivers/STM32F4xx_HAL_Driver/Src/stm32f4xx_hal_flash.o
 .text.FLASH_Erase_Sector
                0x08006614       0x90 ./Drivers/STM32F4xx_HAL_Driver/Src/stm32f4xx_hal_flash_ex.o
                0x08006614                FLASH_Erase_Sector
 .text.FLASH_FlushCaches
                0x080066a4       0x8c ./Drivers/STM32F4xx_HAL_Driver/Src/stm32f4xx_hal_flash_ex.o
                0x080066a4                FLASH_FlushCaches
 .text.HAL_GPIO_Init
                0x08006730      0x308 ./Drivers/STM32F4xx_HAL_Driver/Src/stm32f4xx_hal_gpio.o
                0x08006730                HAL_GPIO_Init
 .text.HAL_GPIO_ReadPin
                0x08006a38       0x30 ./Drivers/STM32F4xx_HAL_Driver/Src/stm32f4xx_hal_gpio.o
                0x08006a38                HAL_GPIO_ReadPin
 .text.HAL_GPIO_WritePin
                0x08006a68       0x32 ./Drivers/STM32F4xx_HAL_Driver/Src/stm32f4xx_hal_gpio.o
                0x08006a68                HAL_GPIO_WritePin
 .text.HAL_PCD_Init
                0x08006a9a      0x21e ./Drivers/STM32F4xx_HAL_Driver/Src/stm32f4xx_hal_pcd.o
                0x08006a9a                HAL_PCD_Init
 .text.HAL_PCD_Start
                0x08006cb8       0x6a ./Drivers/STM32F4xx_HAL_Driver/Src/stm32f4xx_hal_pcd.o
                0x08006cb8                HAL_PCD_Start
 .text.HAL_PCD_IRQHandler
                0x08006d22      0x942 ./Drivers/STM32F4xx_HAL_Driver/Src/stm32f4xx_hal_pcd.o
                0x08006d22                HAL_PCD_IRQHandler
 .text.HAL_PCD_SetAddress
                0x08007664       0x48 ./Drivers/STM32F4xx_HAL_Driver/Src/stm32f4xx_hal_pcd.o
                0x08007664                HAL_PCD_SetAddress
 .text.HAL_PCD_EP_Open
                0x080076ac       0xd4 ./Drivers/STM32F4xx_HAL_Driver/Src/stm32f4xx_hal_pcd.o
                0x080076ac                HAL_PCD_EP_Open
 .text.HAL_PCD_EP_Close
                0x08007780       0x94 ./Drivers/STM32F4xx_HAL_Driver/Src/stm32f4xx_hal_pcd.o
                0x08007780                HAL_PCD_EP_Close
 .text.HAL_PCD_EP_Receive
                0x08007814       0x76 ./Drivers/STM32F4xx_HAL_Driver/Src/stm32f4xx_hal_pcd.o
                0x08007814                HAL_PCD_EP_Receive
 .text.HAL_PCD_EP_GetRxCount
                0x0800788a       0x30 ./Drivers/STM32F4xx_HAL_Driver/Src/stm32f4xx_hal_pcd.o
                0x0800788a                HAL_PCD_EP_GetRxCount
 .text.HAL_PCD_EP_Transmit
                0x080078ba       0x74 ./Drivers/STM32F4xx_HAL_Driver/Src/stm32f4xx_hal_pcd.o
                0x080078ba                HAL_PCD_EP_Transmit
 .text.HAL_PCD_EP_SetStall
                0x0800792e       0xc6 ./Drivers/STM32F4xx_HAL_Driver/Src/stm32f4xx_hal_pcd.o
                0x0800792e                HAL_PCD_EP_SetStall
 .text.HAL_PCD_EP_ClrStall
                0x080079f4       0xac ./Drivers/STM32F4xx_HAL_Driver/Src/stm32f4xx_hal_pcd.o
                0x080079f4                HAL_PCD_EP_ClrStall
 .text.HAL_PCD_EP_Abort
                0x08007aa0       0x62 ./Drivers/STM32F4xx_HAL_Driver/Src/stm32f4xx_hal_pcd.o
                0x08007aa0                HAL_PCD_EP_Abort
 .text.PCD_WriteEmptyTxFifo
                0x08007b02      0x118 ./Drivers/STM32F4xx_HAL_Driver/Src/stm32f4xx_hal_pcd.o
 *fill*         0x08007c1a        0x2 
 .text.PCD_EP_OutXfrComplete_int
                0x08007c1c      0x1d0 ./Drivers/STM32F4xx_HAL_Driver/Src/stm32f4xx_hal_pcd.o
 .text.PCD_EP_OutSetupPacket_int
                0x08007dec       0x8c ./Drivers/STM32F4xx_HAL_Driver/Src/stm32f4xx_hal_pcd.o
 .text.HAL_PCDEx_SetTxFiFo
                0x08007e78       0x8e ./Drivers/STM32F4xx_HAL_Driver/Src/stm32f4xx_hal_pcd_ex.o
                0x08007e78                HAL_PCDEx_SetTxFiFo
 .text.HAL_PCDEx_SetRxFiFo
                0x08007f06       0x22 ./Drivers/STM32F4xx_HAL_Driver/Src/stm32f4xx_hal_pcd_ex.o
                0x08007f06                HAL_PCDEx_SetRxFiFo
 .text.HAL_PCDEx_LPM_Callback
                0x08007f28       0x18 ./Drivers/STM32F4xx_HAL_Driver/Src/stm32f4xx_hal_pcd_ex.o
                0x08007f28                HAL_PCDEx_LPM_Callback
 .text.HAL_PWR_PVD_IRQHandler
                0x08007f40       0x24 ./Drivers/STM32F4xx_HAL_Driver/Src/stm32f4xx_hal_pwr.o
                0x08007f40                HAL_PWR_PVD_IRQHandler
 .text.HAL_PWR_PVDCallback
                0x08007f64        0xe ./Drivers/STM32F4xx_HAL_Driver/Src/stm32f4xx_hal_pwr.o
                0x08007f64                HAL_PWR_PVDCallback
 *fill*         0x08007f72        0x2 
 .text.HAL_RCC_OscConfig
                0x08007f74      0x4f0 ./Drivers/STM32F4xx_HAL_Driver/Src/stm32f4xx_hal_rcc.o
                0x08007f74                HAL_RCC_OscConfig
 .text.HAL_RCC_ClockConfig
                0x08008464      0x1cc ./Drivers/STM32F4xx_HAL_Driver/Src/stm32f4xx_hal_rcc.o
                0x08008464                HAL_RCC_ClockConfig
 .text.HAL_RCC_GetSysClockFreq
                0x08008630      0x18c ./Drivers/STM32F4xx_HAL_Driver/Src/stm32f4xx_hal_rcc.o
                0x08008630                HAL_RCC_GetSysClockFreq
 .text.HAL_RCC_GetHCLKFreq
                0x080087bc       0x18 ./Drivers/STM32F4xx_HAL_Driver/Src/stm32f4xx_hal_rcc.o
                0x080087bc                HAL_RCC_GetHCLKFreq
 .text.HAL_RCC_GetPCLK1Freq
                0x080087d4       0x28 ./Drivers/STM32F4xx_HAL_Driver/Src/stm32f4xx_hal_rcc.o
                0x080087d4                HAL_RCC_GetPCLK1Freq
 .text.HAL_RCC_GetPCLK2Freq
                0x080087fc       0x28 ./Drivers/STM32F4xx_HAL_Driver/Src/stm32f4xx_hal_rcc.o
                0x080087fc                HAL_RCC_GetPCLK2Freq
 .text.HAL_TIM_Base_Init
                0x08008824       0x9e ./Drivers/STM32F4xx_HAL_Driver/Src/stm32f4xx_hal_tim.o
                0x08008824                HAL_TIM_Base_Init
 *fill*         0x080088c2        0x2 
 .text.HAL_TIM_Base_Start_IT
                0x080088c4       0xc4 ./Drivers/STM32F4xx_HAL_Driver/Src/stm32f4xx_hal_tim.o
                0x080088c4                HAL_TIM_Base_Start_IT
 .text.HAL_TIM_Base_Stop_IT
                0x08008988       0x5e ./Drivers/STM32F4xx_HAL_Driver/Src/stm32f4xx_hal_tim.o
                0x08008988                HAL_TIM_Base_Stop_IT
 .text.HAL_TIM_IRQHandler
                0x080089e6      0x1e0 ./Drivers/STM32F4xx_HAL_Driver/Src/stm32f4xx_hal_tim.o
                0x080089e6                HAL_TIM_IRQHandler
 .text.HAL_TIM_ConfigClockSource
                0x08008bc6      0x18e ./Drivers/STM32F4xx_HAL_Driver/Src/stm32f4xx_hal_tim.o
                0x08008bc6                HAL_TIM_ConfigClockSource
 .text.HAL_TIM_OC_DelayElapsedCallback
                0x08008d54       0x14 ./Drivers/STM32F4xx_HAL_Driver/Src/stm32f4xx_hal_tim.o
                0x08008d54                HAL_TIM_OC_DelayElapsedCallback
 .text.HAL_TIM_IC_CaptureCallback
                0x08008d68       0x14 ./Drivers/STM32F4xx_HAL_Driver/Src/stm32f4xx_hal_tim.o
                0x08008d68                HAL_TIM_IC_CaptureCallback
 .text.HAL_TIM_PWM_PulseFinishedCallback
                0x08008d7c       0x14 ./Drivers/STM32F4xx_HAL_Driver/Src/stm32f4xx_hal_tim.o
                0x08008d7c                HAL_TIM_PWM_PulseFinishedCallback
 .text.HAL_TIM_TriggerCallback
                0x08008d90       0x14 ./Drivers/STM32F4xx_HAL_Driver/Src/stm32f4xx_hal_tim.o
                0x08008d90                HAL_TIM_TriggerCallback
 .text.TIM_Base_SetConfig
                0x08008da4      0x10c ./Drivers/STM32F4xx_HAL_Driver/Src/stm32f4xx_hal_tim.o
                0x08008da4                TIM_Base_SetConfig
 .text.TIM_TI1_ConfigInputStage
                0x08008eb0       0x5e ./Drivers/STM32F4xx_HAL_Driver/Src/stm32f4xx_hal_tim.o
 .text.TIM_TI2_ConfigInputStage
                0x08008f0e       0x60 ./Drivers/STM32F4xx_HAL_Driver/Src/stm32f4xx_hal_tim.o
 .text.TIM_ITRx_SetConfig
                0x08008f6e       0x36 ./Drivers/STM32F4xx_HAL_Driver/Src/stm32f4xx_hal_tim.o
 .text.TIM_ETR_SetConfig
                0x08008fa4       0x40 ./Drivers/STM32F4xx_HAL_Driver/Src/stm32f4xx_hal_tim.o
                0x08008fa4                TIM_ETR_SetConfig
 .text.HAL_TIMEx_MasterConfigSynchronization
                0x08008fe4       0xdc ./Drivers/STM32F4xx_HAL_Driver/Src/stm32f4xx_hal_tim_ex.o
                0x08008fe4                HAL_TIMEx_MasterConfigSynchronization
 .text.HAL_TIMEx_CommutCallback
                0x080090c0       0x14 ./Drivers/STM32F4xx_HAL_Driver/Src/stm32f4xx_hal_tim_ex.o
                0x080090c0                HAL_TIMEx_CommutCallback
 .text.HAL_TIMEx_BreakCallback
                0x080090d4       0x14 ./Drivers/STM32F4xx_HAL_Driver/Src/stm32f4xx_hal_tim_ex.o
                0x080090d4                HAL_TIMEx_BreakCallback
 .text.HAL_UART_Init
                0x080090e8       0xa0 ./Drivers/STM32F4xx_HAL_Driver/Src/stm32f4xx_hal_uart.o
                0x080090e8                HAL_UART_Init
 .text.HAL_UART_Transmit_IT
                0x08009188       0x6c ./Drivers/STM32F4xx_HAL_Driver/Src/stm32f4xx_hal_uart.o
                0x08009188                HAL_UART_Transmit_IT
 .text.HAL_UART_IRQHandler
                0x080091f4      0x554 ./Drivers/STM32F4xx_HAL_Driver/Src/stm32f4xx_hal_uart.o
                0x080091f4                HAL_UART_IRQHandler
 .text.HAL_UART_RxCpltCallback
                0x08009748       0x14 ./Drivers/STM32F4xx_HAL_Driver/Src/stm32f4xx_hal_uart.o
                0x08009748                HAL_UART_RxCpltCallback
 .text.HAL_UARTEx_RxEventCallback
                0x0800975c       0x18 ./Drivers/STM32F4xx_HAL_Driver/Src/stm32f4xx_hal_uart.o
                0x0800975c                HAL_UARTEx_RxEventCallback
 .text.UART_EndRxTransfer
                0x08009774       0xc6 ./Drivers/STM32F4xx_HAL_Driver/Src/stm32f4xx_hal_uart.o
 .text.UART_DMAAbortOnError
                0x0800983a       0x22 ./Drivers/STM32F4xx_HAL_Driver/Src/stm32f4xx_hal_uart.o
 .text.UART_Transmit_IT
                0x0800985c       0xa0 ./Drivers/STM32F4xx_HAL_Driver/Src/stm32f4xx_hal_uart.o
 .text.UART_EndTransmit_IT
                0x080098fc       0x30 ./Drivers/STM32F4xx_HAL_Driver/Src/stm32f4xx_hal_uart.o
 .text.UART_Receive_IT
                0x0800992c      0x17c ./Drivers/STM32F4xx_HAL_Driver/Src/stm32f4xx_hal_uart.o
 .text.UART_SetConfig
                0x08009aa8      0x4e8 ./Drivers/STM32F4xx_HAL_Driver/Src/stm32f4xx_hal_uart.o
 .text.USB_CoreInit
                0x08009f90       0xc8 ./Drivers/STM32F4xx_HAL_Driver/Src/stm32f4xx_ll_usb.o
                0x08009f90                USB_CoreInit
 .text.USB_SetTurnaroundTime
                0x0800a058      0x144 ./Drivers/STM32F4xx_HAL_Driver/Src/stm32f4xx_ll_usb.o
                0x0800a058                USB_SetTurnaroundTime
 .text.USB_EnableGlobalInt
                0x0800a19c       0x22 ./Drivers/STM32F4xx_HAL_Driver/Src/stm32f4xx_ll_usb.o
                0x0800a19c                USB_EnableGlobalInt
 .text.USB_DisableGlobalInt
                0x0800a1be       0x22 ./Drivers/STM32F4xx_HAL_Driver/Src/stm32f4xx_ll_usb.o
                0x0800a1be                USB_DisableGlobalInt
 .text.USB_SetCurrentMode
                0x0800a1e0       0x98 ./Drivers/STM32F4xx_HAL_Driver/Src/stm32f4xx_ll_usb.o
                0x0800a1e0                USB_SetCurrentMode
 .text.USB_DevInit
                0x0800a278      0x2c8 ./Drivers/STM32F4xx_HAL_Driver/Src/stm32f4xx_ll_usb.o
                0x0800a278                USB_DevInit
 .text.USB_FlushTxFifo
                0x0800a540       0x64 ./Drivers/STM32F4xx_HAL_Driver/Src/stm32f4xx_ll_usb.o
                0x0800a540                USB_FlushTxFifo
 .text.USB_FlushRxFifo
                0x0800a5a4       0x5c ./Drivers/STM32F4xx_HAL_Driver/Src/stm32f4xx_ll_usb.o
                0x0800a5a4                USB_FlushRxFifo
 .text.USB_SetDevSpeed
                0x0800a600       0x32 ./Drivers/STM32F4xx_HAL_Driver/Src/stm32f4xx_ll_usb.o
                0x0800a600                USB_SetDevSpeed
 .text.USB_GetDevSpeed
                0x0800a632       0x4a ./Drivers/STM32F4xx_HAL_Driver/Src/stm32f4xx_ll_usb.o
                0x0800a632                USB_GetDevSpeed
 .text.USB_ActivateEndpoint
                0x0800a67c      0x10e ./Drivers/STM32F4xx_HAL_Driver/Src/stm32f4xx_ll_usb.o
                0x0800a67c                USB_ActivateEndpoint
 *fill*         0x0800a78a        0x2 
 .text.USB_DeactivateEndpoint
                0x0800a78c      0x1b8 ./Drivers/STM32F4xx_HAL_Driver/Src/stm32f4xx_ll_usb.o
                0x0800a78c                USB_DeactivateEndpoint
 .text.USB_EPStartXfer
                0x0800a944      0x53c ./Drivers/STM32F4xx_HAL_Driver/Src/stm32f4xx_ll_usb.o
                0x0800a944                USB_EPStartXfer
 .text.USB_EPStopXfer
                0x0800ae80      0x154 ./Drivers/STM32F4xx_HAL_Driver/Src/stm32f4xx_ll_usb.o
                0x0800ae80                USB_EPStopXfer
 .text.USB_WritePacket
                0x0800afd4       0x7c ./Drivers/STM32F4xx_HAL_Driver/Src/stm32f4xx_ll_usb.o
                0x0800afd4                USB_WritePacket
 .text.USB_ReadPacket
                0x0800b050       0xb0 ./Drivers/STM32F4xx_HAL_Driver/Src/stm32f4xx_ll_usb.o
                0x0800b050                USB_ReadPacket
 .text.USB_EPSetStall
                0x0800b100       0xdc ./Drivers/STM32F4xx_HAL_Driver/Src/stm32f4xx_ll_usb.o
                0x0800b100                USB_EPSetStall
 .text.USB_EPClearStall
                0x0800b1dc       0xcc ./Drivers/STM32F4xx_HAL_Driver/Src/stm32f4xx_ll_usb.o
                0x0800b1dc                USB_EPClearStall
 .text.USB_SetDevAddress
                0x0800b2a8       0x4c ./Drivers/STM32F4xx_HAL_Driver/Src/stm32f4xx_ll_usb.o
                0x0800b2a8                USB_SetDevAddress
 .text.USB_DevConnect
                0x0800b2f4       0x42 ./Drivers/STM32F4xx_HAL_Driver/Src/stm32f4xx_ll_usb.o
                0x0800b2f4                USB_DevConnect
 .text.USB_DevDisconnect
                0x0800b336       0x42 ./Drivers/STM32F4xx_HAL_Driver/Src/stm32f4xx_ll_usb.o
                0x0800b336                USB_DevDisconnect
 .text.USB_ReadInterrupts
                0x0800b378       0x26 ./Drivers/STM32F4xx_HAL_Driver/Src/stm32f4xx_ll_usb.o
                0x0800b378                USB_ReadInterrupts
 .text.USB_ReadDevAllOutEpInterrupt
                0x0800b39e       0x34 ./Drivers/STM32F4xx_HAL_Driver/Src/stm32f4xx_ll_usb.o
                0x0800b39e                USB_ReadDevAllOutEpInterrupt
 .text.USB_ReadDevAllInEpInterrupt
                0x0800b3d2       0x34 ./Drivers/STM32F4xx_HAL_Driver/Src/stm32f4xx_ll_usb.o
                0x0800b3d2                USB_ReadDevAllInEpInterrupt
 .text.USB_ReadDevOutEPInterrupt
                0x0800b406       0x3c ./Drivers/STM32F4xx_HAL_Driver/Src/stm32f4xx_ll_usb.o
                0x0800b406                USB_ReadDevOutEPInterrupt
 .text.USB_ReadDevInEPInterrupt
                0x0800b442       0x5c ./Drivers/STM32F4xx_HAL_Driver/Src/stm32f4xx_ll_usb.o
                0x0800b442                USB_ReadDevInEPInterrupt
 .text.USB_GetMode
                0x0800b49e       0x1c ./Drivers/STM32F4xx_HAL_Driver/Src/stm32f4xx_ll_usb.o
                0x0800b49e                USB_GetMode
 .text.USB_ActivateSetup
                0x0800b4ba       0x46 ./Drivers/STM32F4xx_HAL_Driver/Src/stm32f4xx_ll_usb.o
                0x0800b4ba                USB_ActivateSetup
 .text.USB_EP0_OutStart
                0x0800b500       0xbc ./Drivers/STM32F4xx_HAL_Driver/Src/stm32f4xx_ll_usb.o
                0x0800b500                USB_EP0_OutStart
 .text.USB_CoreReset
                0x0800b5bc       0x70 ./Drivers/STM32F4xx_HAL_Driver/Src/stm32f4xx_ll_usb.o
 .text.USBD_CDC_Init
                0x0800b62c      0x1f0 ./Middlewares/ST/STM32_USB_Device_Library/Class/CDC/Src/usbd_cdc.o
 .text.USBD_CDC_DeInit
                0x0800b81c      0x104 ./Middlewares/ST/STM32_USB_Device_Library/Class/CDC/Src/usbd_cdc.o
 .text.USBD_CDC_Setup
                0x0800b920      0x1b8 ./Middlewares/ST/STM32_USB_Device_Library/Class/CDC/Src/usbd_cdc.o
 .text.USBD_CDC_DataIn
                0x0800bad8       0xfe ./Middlewares/ST/STM32_USB_Device_Library/Class/CDC/Src/usbd_cdc.o
 .text.USBD_CDC_DataOut
                0x0800bbd6       0x70 ./Middlewares/ST/STM32_USB_Device_Library/Class/CDC/Src/usbd_cdc.o
 .text.USBD_CDC_EP0_RxReady
                0x0800bc46       0x74 ./Middlewares/ST/STM32_USB_Device_Library/Class/CDC/Src/usbd_cdc.o
 *fill*         0x0800bcba        0x2 
 .text.USBD_CDC_GetFSCfgDesc
                0x0800bcbc       0x70 ./Middlewares/ST/STM32_USB_Device_Library/Class/CDC/Src/usbd_cdc.o
 .text.USBD_CDC_GetHSCfgDesc
                0x0800bd2c       0x70 ./Middlewares/ST/STM32_USB_Device_Library/Class/CDC/Src/usbd_cdc.o
 .text.USBD_CDC_GetOtherSpeedCfgDesc
                0x0800bd9c       0x70 ./Middlewares/ST/STM32_USB_Device_Library/Class/CDC/Src/usbd_cdc.o
 .text.USBD_CDC_GetDeviceQualifierDescriptor
                0x0800be0c       0x20 ./Middlewares/ST/STM32_USB_Device_Library/Class/CDC/Src/usbd_cdc.o
                0x0800be0c                USBD_CDC_GetDeviceQualifierDescriptor
 .text.USBD_CDC_RegisterInterface
                0x0800be2c       0x34 ./Middlewares/ST/STM32_USB_Device_Library/Class/CDC/Src/usbd_cdc.o
                0x0800be2c                USBD_CDC_RegisterInterface
 .text.USBD_CDC_SetTxBuffer
                0x0800be60       0x44 ./Middlewares/ST/STM32_USB_Device_Library/Class/CDC/Src/usbd_cdc.o
                0x0800be60                USBD_CDC_SetTxBuffer
 .text.USBD_CDC_SetRxBuffer
                0x0800bea4       0x3a ./Middlewares/ST/STM32_USB_Device_Library/Class/CDC/Src/usbd_cdc.o
                0x0800bea4                USBD_CDC_SetRxBuffer
 *fill*         0x0800bede        0x2 
 .text.USBD_CDC_TransmitPacket
                0x0800bee0       0x80 ./Middlewares/ST/STM32_USB_Device_Library/Class/CDC/Src/usbd_cdc.o
                0x0800bee0                USBD_CDC_TransmitPacket
 .text.USBD_CDC_ReceivePacket
                0x0800bf60       0x6c ./Middlewares/ST/STM32_USB_Device_Library/Class/CDC/Src/usbd_cdc.o
                0x0800bf60                USBD_CDC_ReceivePacket
 .text.USBD_Init
                0x0800bfcc       0x60 ./Middlewares/ST/STM32_USB_Device_Library/Core/Src/usbd_core.o
                0x0800bfcc                USBD_Init
 .text.USBD_RegisterClass
                0x0800c02c       0x6c ./Middlewares/ST/STM32_USB_Device_Library/Core/Src/usbd_core.o
                0x0800c02c                USBD_RegisterClass
 .text.USBD_Start
                0x0800c098       0x18 ./Middlewares/ST/STM32_USB_Device_Library/Core/Src/usbd_core.o
                0x0800c098                USBD_Start
 .text.USBD_RunTestMode
                0x0800c0b0       0x16 ./Middlewares/ST/STM32_USB_Device_Library/Core/Src/usbd_core.o
                0x0800c0b0                USBD_RunTestMode
 .text.USBD_SetClassConfig
                0x0800c0c6       0x38 ./Middlewares/ST/STM32_USB_Device_Library/Core/Src/usbd_core.o
                0x0800c0c6                USBD_SetClassConfig
 .text.USBD_ClrClassConfig
                0x0800c0fe       0x34 ./Middlewares/ST/STM32_USB_Device_Library/Core/Src/usbd_core.o
                0x0800c0fe                USBD_ClrClassConfig
 .text.USBD_LL_SetupStage
                0x0800c132       0xaa ./Middlewares/ST/STM32_USB_Device_Library/Core/Src/usbd_core.o
                0x0800c132                USBD_LL_SetupStage
 .text.USBD_LL_DataOutStage
                0x0800c1dc      0x178 ./Middlewares/ST/STM32_USB_Device_Library/Core/Src/usbd_core.o
                0x0800c1dc                USBD_LL_DataOutStage
 .text.USBD_LL_DataInStage
                0x0800c354      0x176 ./Middlewares/ST/STM32_USB_Device_Library/Core/Src/usbd_core.o
                0x0800c354                USBD_LL_DataInStage
 .text.USBD_LL_Reset
                0x0800c4ca       0xa6 ./Middlewares/ST/STM32_USB_Device_Library/Core/Src/usbd_core.o
                0x0800c4ca                USBD_LL_Reset
 .text.USBD_LL_SetSpeed
                0x0800c570       0x20 ./Middlewares/ST/STM32_USB_Device_Library/Core/Src/usbd_core.o
                0x0800c570                USBD_LL_SetSpeed
 .text.USBD_LL_Suspend
                0x0800c590       0x38 ./Middlewares/ST/STM32_USB_Device_Library/Core/Src/usbd_core.o
                0x0800c590                USBD_LL_Suspend
 .text.USBD_LL_Resume
                0x0800c5c8       0x30 ./Middlewares/ST/STM32_USB_Device_Library/Core/Src/usbd_core.o
                0x0800c5c8                USBD_LL_Resume
 .text.USBD_LL_SOF
                0x0800c5f8       0x40 ./Middlewares/ST/STM32_USB_Device_Library/Core/Src/usbd_core.o
                0x0800c5f8                USBD_LL_SOF
 .text.USBD_LL_IsoINIncomplete
                0x0800c638       0x64 ./Middlewares/ST/STM32_USB_Device_Library/Core/Src/usbd_core.o
                0x0800c638                USBD_LL_IsoINIncomplete
 .text.USBD_LL_IsoOUTIncomplete
                0x0800c69c       0x64 ./Middlewares/ST/STM32_USB_Device_Library/Core/Src/usbd_core.o
                0x0800c69c                USBD_LL_IsoOUTIncomplete
 .text.USBD_LL_DevConnected
                0x0800c700       0x16 ./Middlewares/ST/STM32_USB_Device_Library/Core/Src/usbd_core.o
                0x0800c700                USBD_LL_DevConnected
 .text.USBD_LL_DevDisconnected
                0x0800c716       0x46 ./Middlewares/ST/STM32_USB_Device_Library/Core/Src/usbd_core.o
                0x0800c716                USBD_LL_DevDisconnected
 .text.USBD_CoreFindIF
                0x0800c75c       0x1a ./Middlewares/ST/STM32_USB_Device_Library/Core/Src/usbd_core.o
                0x0800c75c                USBD_CoreFindIF
 .text.USBD_CoreFindEP
                0x0800c776       0x1a ./Middlewares/ST/STM32_USB_Device_Library/Core/Src/usbd_core.o
                0x0800c776                USBD_CoreFindEP
 .text.USBD_GetEpDesc
                0x0800c790       0x70 ./Middlewares/ST/STM32_USB_Device_Library/Core/Src/usbd_core.o
                0x0800c790                USBD_GetEpDesc
 .text.USBD_GetNextDesc
                0x0800c800       0x38 ./Middlewares/ST/STM32_USB_Device_Library/Core/Src/usbd_core.o
                0x0800c800                USBD_GetNextDesc
 .text.SWAPBYTE
                0x0800c838       0x3e ./Middlewares/ST/STM32_USB_Device_Library/Core/Src/usbd_ctlreq.o
 *fill*         0x0800c876        0x2 
 .text.USBD_StdDevReq
                0x0800c878       0xe4 ./Middlewares/ST/STM32_USB_Device_Library/Core/Src/usbd_ctlreq.o
                0x0800c878                USBD_StdDevReq
 .text.USBD_StdItfReq
                0x0800c95c       0xd8 ./Middlewares/ST/STM32_USB_Device_Library/Core/Src/usbd_ctlreq.o
                0x0800c95c                USBD_StdItfReq
 .text.USBD_StdEPReq
                0x0800ca34      0x33e ./Middlewares/ST/STM32_USB_Device_Library/Core/Src/usbd_ctlreq.o
                0x0800ca34                USBD_StdEPReq
 *fill*         0x0800cd72        0x2 
 .text.USBD_GetDescriptor
                0x0800cd74      0x2d4 ./Middlewares/ST/STM32_USB_Device_Library/Core/Src/usbd_ctlreq.o
 .text.USBD_SetAddress
                0x0800d048       0x88 ./Middlewares/ST/STM32_USB_Device_Library/Core/Src/usbd_ctlreq.o
 .text.USBD_SetConfig
                0x0800d0d0      0x154 ./Middlewares/ST/STM32_USB_Device_Library/Core/Src/usbd_ctlreq.o
 .text.USBD_GetConfig
                0x0800d224       0x6c ./Middlewares/ST/STM32_USB_Device_Library/Core/Src/usbd_ctlreq.o
 .text.USBD_GetStatus
                0x0800d290       0x68 ./Middlewares/ST/STM32_USB_Device_Library/Core/Src/usbd_ctlreq.o
 .text.USBD_SetFeature
                0x0800d2f8       0x52 ./Middlewares/ST/STM32_USB_Device_Library/Core/Src/usbd_ctlreq.o
 .text.USBD_ClrFeature
                0x0800d34a       0x44 ./Middlewares/ST/STM32_USB_Device_Library/Core/Src/usbd_ctlreq.o
 .text.USBD_ParseSetupRequest
                0x0800d38e       0x74 ./Middlewares/ST/STM32_USB_Device_Library/Core/Src/usbd_ctlreq.o
                0x0800d38e                USBD_ParseSetupRequest
 .text.USBD_CtlError
                0x0800d402       0x22 ./Middlewares/ST/STM32_USB_Device_Library/Core/Src/usbd_ctlreq.o
                0x0800d402                USBD_CtlError
 .text.USBD_GetString
                0x0800d424       0xa4 ./Middlewares/ST/STM32_USB_Device_Library/Core/Src/usbd_ctlreq.o
                0x0800d424                USBD_GetString
 .text.USBD_GetLen
                0x0800d4c8       0x34 ./Middlewares/ST/STM32_USB_Device_Library/Core/Src/usbd_ctlreq.o
 .text.USBD_CtlSendData
                0x0800d4fc       0x3c ./Middlewares/ST/STM32_USB_Device_Library/Core/Src/usbd_ioreq.o
                0x0800d4fc                USBD_CtlSendData
 .text.USBD_CtlContinueSendData
                0x0800d538       0x22 ./Middlewares/ST/STM32_USB_Device_Library/Core/Src/usbd_ioreq.o
                0x0800d538                USBD_CtlContinueSendData
 .text.USBD_CtlPrepareRx
                0x0800d55a       0x42 ./Middlewares/ST/STM32_USB_Device_Library/Core/Src/usbd_ioreq.o
                0x0800d55a                USBD_CtlPrepareRx
 .text.USBD_CtlContinueRx
                0x0800d59c       0x22 ./Middlewares/ST/STM32_USB_Device_Library/Core/Src/usbd_ioreq.o
                0x0800d59c                USBD_CtlContinueRx
 .text.USBD_CtlSendStatus
                0x0800d5be       0x26 ./Middlewares/ST/STM32_USB_Device_Library/Core/Src/usbd_ioreq.o
                0x0800d5be                USBD_CtlSendStatus
 .text.USBD_CtlReceiveStatus
                0x0800d5e4       0x26 ./Middlewares/ST/STM32_USB_Device_Library/Core/Src/usbd_ioreq.o
                0x0800d5e4                USBD_CtlReceiveStatus
 *fill*         0x0800d60a        0x2 
 .text.MX_USB_DEVICE_Init
                0x0800d60c       0x60 ./USB_DEVICE/App/usb_device.o
                0x0800d60c                MX_USB_DEVICE_Init
 .text.CDC_Init_FS
                0x0800d66c       0x28 ./USB_DEVICE/App/usbd_cdc_if.o
 .text.CDC_DeInit_FS
                0x0800d694       0x10 ./USB_DEVICE/App/usbd_cdc_if.o
 .text.CDC_Control_FS
                0x0800d6a4      0x15c ./USB_DEVICE/App/usbd_cdc_if.o
 .text.CDC_Receive_FS
                0x0800d800       0xf4 ./USB_DEVICE/App/usbd_cdc_if.o
 .text.CDC_Transmit_FS
                0x0800d8f4       0x4c ./USB_DEVICE/App/usbd_cdc_if.o
                0x0800d8f4                CDC_Transmit_FS
 .text.CDC_TransmitCplt_FS
                0x0800d940       0x22 ./USB_DEVICE/App/usbd_cdc_if.o
 *fill*         0x0800d962        0x2 
 .text.USBD_CDC_GetLine
                0x0800d964       0x88 ./USB_DEVICE/App/usbd_cdc_if.o
                0x0800d964                USBD_CDC_GetLine
 .text.USBD_FS_DeviceDescriptor
                0x0800d9ec       0x24 ./USB_DEVICE/App/usbd_desc.o
                0x0800d9ec                USBD_FS_DeviceDescriptor
 .text.USBD_FS_LangIDStrDescriptor
                0x0800da10       0x24 ./USB_DEVICE/App/usbd_desc.o
                0x0800da10                USBD_FS_LangIDStrDescriptor
 .text.USBD_FS_ProductStrDescriptor
                0x0800da34       0x3c ./USB_DEVICE/App/usbd_desc.o
                0x0800da34                USBD_FS_ProductStrDescriptor
 .text.USBD_FS_ManufacturerStrDescriptor
                0x0800da70       0x28 ./USB_DEVICE/App/usbd_desc.o
                0x0800da70                USBD_FS_ManufacturerStrDescriptor
 .text.USBD_FS_SerialStrDescriptor
                0x0800da98       0x24 ./USB_DEVICE/App/usbd_desc.o
                0x0800da98                USBD_FS_SerialStrDescriptor
 .text.USBD_FS_ConfigStrDescriptor
                0x0800dabc       0x3c ./USB_DEVICE/App/usbd_desc.o
                0x0800dabc                USBD_FS_ConfigStrDescriptor
 .text.USBD_FS_InterfaceStrDescriptor
                0x0800daf8       0x3c ./USB_DEVICE/App/usbd_desc.o
                0x0800daf8                USBD_FS_InterfaceStrDescriptor
 .text.Get_SerialNum
                0x0800db34       0x58 ./USB_DEVICE/App/usbd_desc.o
 .text.IntToUnicode
                0x0800db8c       0x7e ./USB_DEVICE/App/usbd_desc.o
 *fill*         0x0800dc0a        0x2 
 .text.HAL_PCD_MspInit
                0x0800dc0c       0xa8 ./USB_DEVICE/Target/usbd_conf.o
                0x0800dc0c                HAL_PCD_MspInit
 .text.HAL_PCD_SetupStageCallback
                0x0800dcb4       0x24 ./USB_DEVICE/Target/usbd_conf.o
                0x0800dcb4                HAL_PCD_SetupStageCallback
 .text.HAL_PCD_DataOutStageCallback
                0x0800dcd8       0x36 ./USB_DEVICE/Target/usbd_conf.o
                0x0800dcd8                HAL_PCD_DataOutStageCallback
 .text.HAL_PCD_DataInStageCallback
                0x0800dd0e       0x34 ./USB_DEVICE/Target/usbd_conf.o
                0x0800dd0e                HAL_PCD_DataInStageCallback
 .text.HAL_PCD_SOFCallback
                0x0800dd42       0x1c ./USB_DEVICE/Target/usbd_conf.o
                0x0800dd42                HAL_PCD_SOFCallback
 .text.HAL_PCD_ResetCallback
                0x0800dd5e       0x3c ./USB_DEVICE/Target/usbd_conf.o
                0x0800dd5e                HAL_PCD_ResetCallback
 *fill*         0x0800dd9a        0x2 
 .text.HAL_PCD_SuspendCallback
                0x0800dd9c       0x4c ./USB_DEVICE/Target/usbd_conf.o
                0x0800dd9c                HAL_PCD_SuspendCallback
 .text.HAL_PCD_ResumeCallback
                0x0800dde8       0x1c ./USB_DEVICE/Target/usbd_conf.o
                0x0800dde8                HAL_PCD_ResumeCallback
 .text.HAL_PCD_ISOOUTIncompleteCallback
                0x0800de04       0x24 ./USB_DEVICE/Target/usbd_conf.o
                0x0800de04                HAL_PCD_ISOOUTIncompleteCallback
 .text.HAL_PCD_ISOINIncompleteCallback
                0x0800de28       0x24 ./USB_DEVICE/Target/usbd_conf.o
                0x0800de28                HAL_PCD_ISOINIncompleteCallback
 .text.HAL_PCD_ConnectCallback
                0x0800de4c       0x1c ./USB_DEVICE/Target/usbd_conf.o
                0x0800de4c                HAL_PCD_ConnectCallback
 .text.HAL_PCD_DisconnectCallback
                0x0800de68       0x1c ./USB_DEVICE/Target/usbd_conf.o
                0x0800de68                HAL_PCD_DisconnectCallback
 .text.USBD_LL_Init
                0x0800de84       0x98 ./USB_DEVICE/Target/usbd_conf.o
                0x0800de84                USBD_LL_Init
 .text.USBD_LL_Start
                0x0800df1c       0x36 ./USB_DEVICE/Target/usbd_conf.o
                0x0800df1c                USBD_LL_Start
 .text.USBD_LL_OpenEP
                0x0800df52       0x4c ./USB_DEVICE/Target/usbd_conf.o
                0x0800df52                USBD_LL_OpenEP
 .text.USBD_LL_CloseEP
                0x0800df9e       0x3e ./USB_DEVICE/Target/usbd_conf.o
                0x0800df9e                USBD_LL_CloseEP
 .text.USBD_LL_StallEP
                0x0800dfdc       0x3e ./USB_DEVICE/Target/usbd_conf.o
                0x0800dfdc                USBD_LL_StallEP
 .text.USBD_LL_ClearStallEP
                0x0800e01a       0x3e ./USB_DEVICE/Target/usbd_conf.o
                0x0800e01a                USBD_LL_ClearStallEP
 .text.USBD_LL_IsStallEP
                0x0800e058       0x58 ./USB_DEVICE/Target/usbd_conf.o
                0x0800e058                USBD_LL_IsStallEP
 .text.USBD_LL_SetUSBAddress
                0x0800e0b0       0x3e ./USB_DEVICE/Target/usbd_conf.o
                0x0800e0b0                USBD_LL_SetUSBAddress
 .text.USBD_LL_Transmit
                0x0800e0ee       0x42 ./USB_DEVICE/Target/usbd_conf.o
                0x0800e0ee                USBD_LL_Transmit
 .text.USBD_LL_PrepareReceive
                0x0800e130       0x42 ./USB_DEVICE/Target/usbd_conf.o
                0x0800e130                USBD_LL_PrepareReceive
 .text.USBD_LL_GetRxDataSize
                0x0800e172       0x26 ./USB_DEVICE/Target/usbd_conf.o
                0x0800e172                USBD_LL_GetRxDataSize
 .text.USBD_static_malloc
                0x0800e198       0x1c ./USB_DEVICE/Target/usbd_conf.o
                0x0800e198                USBD_static_malloc
 .text.USBD_static_free
                0x0800e1b4       0x14 ./USB_DEVICE/Target/usbd_conf.o
                0x0800e1b4                USBD_static_free
 .text.USBD_Get_USB_Status
                0x0800e1c8       0x58 ./USB_DEVICE/Target/usbd_conf.o
                0x0800e1c8                USBD_Get_USB_Status
 .text._strtoul_l.isra.0
                0x0800e220       0xdc C:/ST/STM32CubeIDE_1.18.0/STM32CubeIDE/plugins/com.st.stm32cube.ide.mcu.externaltools.gnu-tools-for-stm32.13.3.rel1.win32_1.0.0.202411081344/tools/bin/../lib/gcc/arm-none-eabi/13.3.1/../../../../arm-none-eabi/lib/thumb/v7e-m+fp/hard\libc_nano.a(libc_a-strtoul.o)
 .text.strtoul  0x0800e2fc       0x14 C:/ST/STM32CubeIDE_1.18.0/STM32CubeIDE/plugins/com.st.stm32cube.ide.mcu.externaltools.gnu-tools-for-stm32.13.3.rel1.win32_1.0.0.202411081344/tools/bin/../lib/gcc/arm-none-eabi/13.3.1/../../../../arm-none-eabi/lib/thumb/v7e-m+fp/hard\libc_nano.a(libc_a-strtoul.o)
                0x0800e2fc                strtoul
 .text.std      0x0800e310       0x6c C:/ST/STM32CubeIDE_1.18.0/STM32CubeIDE/plugins/com.st.stm32cube.ide.mcu.externaltools.gnu-tools-for-stm32.13.3.rel1.win32_1.0.0.202411081344/tools/bin/../lib/gcc/arm-none-eabi/13.3.1/../../../../arm-none-eabi/lib/thumb/v7e-m+fp/hard\libc_nano.a(libc_a-findfp.o)
 .text.stdio_exit_handler
                0x0800e37c       0x18 C:/ST/STM32CubeIDE_1.18.0/STM32CubeIDE/plugins/com.st.stm32cube.ide.mcu.externaltools.gnu-tools-for-stm32.13.3.rel1.win32_1.0.0.202411081344/tools/bin/../lib/gcc/arm-none-eabi/13.3.1/../../../../arm-none-eabi/lib/thumb/v7e-m+fp/hard\libc_nano.a(libc_a-findfp.o)
 .text.cleanup_stdio
                0x0800e394       0x40 C:/ST/STM32CubeIDE_1.18.0/STM32CubeIDE/plugins/com.st.stm32cube.ide.mcu.externaltools.gnu-tools-for-stm32.13.3.rel1.win32_1.0.0.202411081344/tools/bin/../lib/gcc/arm-none-eabi/13.3.1/../../../../arm-none-eabi/lib/thumb/v7e-m+fp/hard\libc_nano.a(libc_a-findfp.o)
 .text.global_stdio_init.part.0
                0x0800e3d4       0x3c C:/ST/STM32CubeIDE_1.18.0/STM32CubeIDE/plugins/com.st.stm32cube.ide.mcu.externaltools.gnu-tools-for-stm32.13.3.rel1.win32_1.0.0.202411081344/tools/bin/../lib/gcc/arm-none-eabi/13.3.1/../../../../arm-none-eabi/lib/thumb/v7e-m+fp/hard\libc_nano.a(libc_a-findfp.o)
 .text.__sfp_lock_acquire
                0x0800e410        0xc C:/ST/STM32CubeIDE_1.18.0/STM32CubeIDE/plugins/com.st.stm32cube.ide.mcu.externaltools.gnu-tools-for-stm32.13.3.rel1.win32_1.0.0.202411081344/tools/bin/../lib/gcc/arm-none-eabi/13.3.1/../../../../arm-none-eabi/lib/thumb/v7e-m+fp/hard\libc_nano.a(libc_a-findfp.o)
                0x0800e410                __sfp_lock_acquire
 .text.__sfp_lock_release
                0x0800e41c        0xc C:/ST/STM32CubeIDE_1.18.0/STM32CubeIDE/plugins/com.st.stm32cube.ide.mcu.externaltools.gnu-tools-for-stm32.13.3.rel1.win32_1.0.0.202411081344/tools/bin/../lib/gcc/arm-none-eabi/13.3.1/../../../../arm-none-eabi/lib/thumb/v7e-m+fp/hard\libc_nano.a(libc_a-findfp.o)
                0x0800e41c                __sfp_lock_release
 .text.__sinit  0x0800e428       0x30 C:/ST/STM32CubeIDE_1.18.0/STM32CubeIDE/plugins/com.st.stm32cube.ide.mcu.externaltools.gnu-tools-for-stm32.13.3.rel1.win32_1.0.0.202411081344/tools/bin/../lib/gcc/arm-none-eabi/13.3.1/../../../../arm-none-eabi/lib/thumb/v7e-m+fp/hard\libc_nano.a(libc_a-findfp.o)
                0x0800e428                __sinit
 .text._fwalk_sglue
                0x0800e458       0x3c C:/ST/STM32CubeIDE_1.18.0/STM32CubeIDE/plugins/com.st.stm32cube.ide.mcu.externaltools.gnu-tools-for-stm32.13.3.rel1.win32_1.0.0.202411081344/tools/bin/../lib/gcc/arm-none-eabi/13.3.1/../../../../arm-none-eabi/lib/thumb/v7e-m+fp/hard\libc_nano.a(libc_a-fwalk.o)
                0x0800e458                _fwalk_sglue
 .text.snprintf
                0x0800e494       0x6c C:/ST/STM32CubeIDE_1.18.0/STM32CubeIDE/plugins/com.st.stm32cube.ide.mcu.externaltools.gnu-tools-for-stm32.13.3.rel1.win32_1.0.0.202411081344/tools/bin/../lib/gcc/arm-none-eabi/13.3.1/../../../../arm-none-eabi/lib/thumb/v7e-m+fp/hard\libc_nano.a(libc_a-snprintf.o)
                0x0800e494                sniprintf
                0x0800e494                snprintf
 .text.__sread  0x0800e500       0x22 C:/ST/STM32CubeIDE_1.18.0/STM32CubeIDE/plugins/com.st.stm32cube.ide.mcu.externaltools.gnu-tools-for-stm32.13.3.rel1.win32_1.0.0.202411081344/tools/bin/../lib/gcc/arm-none-eabi/13.3.1/../../../../arm-none-eabi/lib/thumb/v7e-m+fp/hard\libc_nano.a(libc_a-stdio.o)
                0x0800e500                __sread
 .text.__swrite
                0x0800e522       0x38 C:/ST/STM32CubeIDE_1.18.0/STM32CubeIDE/plugins/com.st.stm32cube.ide.mcu.externaltools.gnu-tools-for-stm32.13.3.rel1.win32_1.0.0.202411081344/tools/bin/../lib/gcc/arm-none-eabi/13.3.1/../../../../arm-none-eabi/lib/thumb/v7e-m+fp/hard\libc_nano.a(libc_a-stdio.o)
                0x0800e522                __swrite
 .text.__sseek  0x0800e55a       0x24 C:/ST/STM32CubeIDE_1.18.0/STM32CubeIDE/plugins/com.st.stm32cube.ide.mcu.externaltools.gnu-tools-for-stm32.13.3.rel1.win32_1.0.0.202411081344/tools/bin/../lib/gcc/arm-none-eabi/13.3.1/../../../../arm-none-eabi/lib/thumb/v7e-m+fp/hard\libc_nano.a(libc_a-stdio.o)
                0x0800e55a                __sseek
 .text.__sclose
                0x0800e57e        0x8 C:/ST/STM32CubeIDE_1.18.0/STM32CubeIDE/plugins/com.st.stm32cube.ide.mcu.externaltools.gnu-tools-for-stm32.13.3.rel1.win32_1.0.0.202411081344/tools/bin/../lib/gcc/arm-none-eabi/13.3.1/../../../../arm-none-eabi/lib/thumb/v7e-m+fp/hard\libc_nano.a(libc_a-stdio.o)
                0x0800e57e                __sclose
 .text._vsnprintf_r
                0x0800e586       0x5c C:/ST/STM32CubeIDE_1.18.0/STM32CubeIDE/plugins/com.st.stm32cube.ide.mcu.externaltools.gnu-tools-for-stm32.13.3.rel1.win32_1.0.0.202411081344/tools/bin/../lib/gcc/arm-none-eabi/13.3.1/../../../../arm-none-eabi/lib/thumb/v7e-m+fp/hard\libc_nano.a(libc_a-vsnprintf.o)
                0x0800e586                _vsniprintf_r
                0x0800e586                _vsnprintf_r
 *fill*         0x0800e5e2        0x2 
 .text.vsnprintf
                0x0800e5e4       0x1c C:/ST/STM32CubeIDE_1.18.0/STM32CubeIDE/plugins/com.st.stm32cube.ide.mcu.externaltools.gnu-tools-for-stm32.13.3.rel1.win32_1.0.0.202411081344/tools/bin/../lib/gcc/arm-none-eabi/13.3.1/../../../../arm-none-eabi/lib/thumb/v7e-m+fp/hard\libc_nano.a(libc_a-vsnprintf.o)
                0x0800e5e4                vsniprintf
                0x0800e5e4                vsnprintf
 .text.memcmp   0x0800e600       0x20 C:/ST/STM32CubeIDE_1.18.0/STM32CubeIDE/plugins/com.st.stm32cube.ide.mcu.externaltools.gnu-tools-for-stm32.13.3.rel1.win32_1.0.0.202411081344/tools/bin/../lib/gcc/arm-none-eabi/13.3.1/../../../../arm-none-eabi/lib/thumb/v7e-m+fp/hard\libc_nano.a(libc_a-memcmp.o)
                0x0800e600                memcmp
 .text.memset   0x0800e620       0x10 C:/ST/STM32CubeIDE_1.18.0/STM32CubeIDE/plugins/com.st.stm32cube.ide.mcu.externaltools.gnu-tools-for-stm32.13.3.rel1.win32_1.0.0.202411081344/tools/bin/../lib/gcc/arm-none-eabi/13.3.1/../../../../arm-none-eabi/lib/thumb/v7e-m+fp/hard\libc_nano.a(libc_a-memset.o)
                0x0800e620                memset
 .text.strncpy  0x0800e630       0x26 C:/ST/STM32CubeIDE_1.18.0/STM32CubeIDE/plugins/com.st.stm32cube.ide.mcu.externaltools.gnu-tools-for-stm32.13.3.rel1.win32_1.0.0.202411081344/tools/bin/../lib/gcc/arm-none-eabi/13.3.1/../../../../arm-none-eabi/lib/thumb/v7e-m+fp/hard\libc_nano.a(libc_a-strncpy.o)
                0x0800e630                strncpy
 *fill*         0x0800e656        0x2 
 .text.strtok   0x0800e658       0x68 C:/ST/STM32CubeIDE_1.18.0/STM32CubeIDE/plugins/com.st.stm32cube.ide.mcu.externaltools.gnu-tools-for-stm32.13.3.rel1.win32_1.0.0.202411081344/tools/bin/../lib/gcc/arm-none-eabi/13.3.1/../../../../arm-none-eabi/lib/thumb/v7e-m+fp/hard\libc_nano.a(libc_a-strtok.o)
                0x0800e658                strtok
 .text.__strtok_r
                0x0800e6c0       0x50 C:/ST/STM32CubeIDE_1.18.0/STM32CubeIDE/plugins/com.st.stm32cube.ide.mcu.externaltools.gnu-tools-for-stm32.13.3.rel1.win32_1.0.0.202411081344/tools/bin/../lib/gcc/arm-none-eabi/13.3.1/../../../../arm-none-eabi/lib/thumb/v7e-m+fp/hard\libc_nano.a(libc_a-strtok_r.o)
                0x0800e6c0                __strtok_r
 .text._close_r
                0x0800e710       0x20 C:/ST/STM32CubeIDE_1.18.0/STM32CubeIDE/plugins/com.st.stm32cube.ide.mcu.externaltools.gnu-tools-for-stm32.13.3.rel1.win32_1.0.0.202411081344/tools/bin/../lib/gcc/arm-none-eabi/13.3.1/../../../../arm-none-eabi/lib/thumb/v7e-m+fp/hard\libc_nano.a(libc_a-closer.o)
                0x0800e710                _close_r
 .text._lseek_r
                0x0800e730       0x24 C:/ST/STM32CubeIDE_1.18.0/STM32CubeIDE/plugins/com.st.stm32cube.ide.mcu.externaltools.gnu-tools-for-stm32.13.3.rel1.win32_1.0.0.202411081344/tools/bin/../lib/gcc/arm-none-eabi/13.3.1/../../../../arm-none-eabi/lib/thumb/v7e-m+fp/hard\libc_nano.a(libc_a-lseekr.o)
                0x0800e730                _lseek_r
 .text._read_r  0x0800e754       0x24 C:/ST/STM32CubeIDE_1.18.0/STM32CubeIDE/plugins/com.st.stm32cube.ide.mcu.externaltools.gnu-tools-for-stm32.13.3.rel1.win32_1.0.0.202411081344/tools/bin/../lib/gcc/arm-none-eabi/13.3.1/../../../../arm-none-eabi/lib/thumb/v7e-m+fp/hard\libc_nano.a(libc_a-readr.o)
                0x0800e754                _read_r
 .text._write_r
                0x0800e778       0x24 C:/ST/STM32CubeIDE_1.18.0/STM32CubeIDE/plugins/com.st.stm32cube.ide.mcu.externaltools.gnu-tools-for-stm32.13.3.rel1.win32_1.0.0.202411081344/tools/bin/../lib/gcc/arm-none-eabi/13.3.1/../../../../arm-none-eabi/lib/thumb/v7e-m+fp/hard\libc_nano.a(libc_a-writer.o)
                0x0800e778                _write_r
 .text.__errno  0x0800e79c        0xc C:/ST/STM32CubeIDE_1.18.0/STM32CubeIDE/plugins/com.st.stm32cube.ide.mcu.externaltools.gnu-tools-for-stm32.13.3.rel1.win32_1.0.0.202411081344/tools/bin/../lib/gcc/arm-none-eabi/13.3.1/../../../../arm-none-eabi/lib/thumb/v7e-m+fp/hard\libc_nano.a(libc_a-errno.o)
                0x0800e79c                __errno
 .text.__libc_init_array
                0x0800e7a8       0x48 C:/ST/STM32CubeIDE_1.18.0/STM32CubeIDE/plugins/com.st.stm32cube.ide.mcu.externaltools.gnu-tools-for-stm32.13.3.rel1.win32_1.0.0.202411081344/tools/bin/../lib/gcc/arm-none-eabi/13.3.1/../../../../arm-none-eabi/lib/thumb/v7e-m+fp/hard\libc_nano.a(libc_a-init.o)
                0x0800e7a8                __libc_init_array
 .text.__retarget_lock_init_recursive
                0x0800e7f0        0x2 C:/ST/STM32CubeIDE_1.18.0/STM32CubeIDE/plugins/com.st.stm32cube.ide.mcu.externaltools.gnu-tools-for-stm32.13.3.rel1.win32_1.0.0.202411081344/tools/bin/../lib/gcc/arm-none-eabi/13.3.1/../../../../arm-none-eabi/lib/thumb/v7e-m+fp/hard\libc_nano.a(libc_a-lock.o)
                0x0800e7f0                __retarget_lock_init_recursive
 .text.__retarget_lock_acquire_recursive
                0x0800e7f2        0x2 C:/ST/STM32CubeIDE_1.18.0/STM32CubeIDE/plugins/com.st.stm32cube.ide.mcu.externaltools.gnu-tools-for-stm32.13.3.rel1.win32_1.0.0.202411081344/tools/bin/../lib/gcc/arm-none-eabi/13.3.1/../../../../arm-none-eabi/lib/thumb/v7e-m+fp/hard\libc_nano.a(libc_a-lock.o)
                0x0800e7f2                __retarget_lock_acquire_recursive
 .text.__retarget_lock_release_recursive
                0x0800e7f4        0x2 C:/ST/STM32CubeIDE_1.18.0/STM32CubeIDE/plugins/com.st.stm32cube.ide.mcu.externaltools.gnu-tools-for-stm32.13.3.rel1.win32_1.0.0.202411081344/tools/bin/../lib/gcc/arm-none-eabi/13.3.1/../../../../arm-none-eabi/lib/thumb/v7e-m+fp/hard\libc_nano.a(libc_a-lock.o)
                0x0800e7f4                __retarget_lock_release_recursive
 .text.strcpy   0x0800e7f6       0x10 C:/ST/STM32CubeIDE_1.18.0/STM32CubeIDE/plugins/com.st.stm32cube.ide.mcu.externaltools.gnu-tools-for-stm32.13.3.rel1.win32_1.0.0.202411081344/tools/bin/../lib/gcc/arm-none-eabi/13.3.1/../../../../arm-none-eabi/lib/thumb/v7e-m+fp/hard\libc_nano.a(libc_a-strcpy.o)
                0x0800e7f6                strcpy
 .text.memcpy   0x0800e806       0x1c C:/ST/STM32CubeIDE_1.18.0/STM32CubeIDE/plugins/com.st.stm32cube.ide.mcu.externaltools.gnu-tools-for-stm32.13.3.rel1.win32_1.0.0.202411081344/tools/bin/../lib/gcc/arm-none-eabi/13.3.1/../../../../arm-none-eabi/lib/thumb/v7e-m+fp/hard\libc_nano.a(libc_a-memcpy-stub.o)
                0x0800e806                memcpy
 *fill*         0x0800e822        0x2 
 .text.__assert_func
                0x0800e824       0x3c C:/ST/STM32CubeIDE_1.18.0/STM32CubeIDE/plugins/com.st.stm32cube.ide.mcu.externaltools.gnu-tools-for-stm32.13.3.rel1.win32_1.0.0.202411081344/tools/bin/../lib/gcc/arm-none-eabi/13.3.1/../../../../arm-none-eabi/lib/thumb/v7e-m+fp/hard\libc_nano.a(libc_a-assert.o)
                0x0800e824                __assert_func
 .text._free_r  0x0800e860       0x94 C:/ST/STM32CubeIDE_1.18.0/STM32CubeIDE/plugins/com.st.stm32cube.ide.mcu.externaltools.gnu-tools-for-stm32.13.3.rel1.win32_1.0.0.202411081344/tools/bin/../lib/gcc/arm-none-eabi/13.3.1/../../../../arm-none-eabi/lib/thumb/v7e-m+fp/hard\libc_nano.a(libc_a-freer.o)
                0x0800e860                _free_r
 .text.malloc   0x0800e8f4       0x10 C:/ST/STM32CubeIDE_1.18.0/STM32CubeIDE/plugins/com.st.stm32cube.ide.mcu.externaltools.gnu-tools-for-stm32.13.3.rel1.win32_1.0.0.202411081344/tools/bin/../lib/gcc/arm-none-eabi/13.3.1/../../../../arm-none-eabi/lib/thumb/v7e-m+fp/hard\libc_nano.a(libc_a-malloc.o)
                0x0800e8f4                malloc
 .text.sbrk_aligned
                0x0800e904       0x44 C:/ST/STM32CubeIDE_1.18.0/STM32CubeIDE/plugins/com.st.stm32cube.ide.mcu.externaltools.gnu-tools-for-stm32.13.3.rel1.win32_1.0.0.202411081344/tools/bin/../lib/gcc/arm-none-eabi/13.3.1/../../../../arm-none-eabi/lib/thumb/v7e-m+fp/hard\libc_nano.a(libc_a-mallocr.o)
 .text._malloc_r
                0x0800e948      0x100 C:/ST/STM32CubeIDE_1.18.0/STM32CubeIDE/plugins/com.st.stm32cube.ide.mcu.externaltools.gnu-tools-for-stm32.13.3.rel1.win32_1.0.0.202411081344/tools/bin/../lib/gcc/arm-none-eabi/13.3.1/../../../../arm-none-eabi/lib/thumb/v7e-m+fp/hard\libc_nano.a(libc_a-mallocr.o)
                0x0800e948                _malloc_r
 .text.__malloc_lock
                0x0800ea48        0xc C:/ST/STM32CubeIDE_1.18.0/STM32CubeIDE/plugins/com.st.stm32cube.ide.mcu.externaltools.gnu-tools-for-stm32.13.3.rel1.win32_1.0.0.202411081344/tools/bin/../lib/gcc/arm-none-eabi/13.3.1/../../../../arm-none-eabi/lib/thumb/v7e-m+fp/hard\libc_nano.a(libc_a-mlock.o)
                0x0800ea48                __malloc_lock
 .text.__malloc_unlock
                0x0800ea54        0xc C:/ST/STM32CubeIDE_1.18.0/STM32CubeIDE/plugins/com.st.stm32cube.ide.mcu.externaltools.gnu-tools-for-stm32.13.3.rel1.win32_1.0.0.202411081344/tools/bin/../lib/gcc/arm-none-eabi/13.3.1/../../../../arm-none-eabi/lib/thumb/v7e-m+fp/hard\libc_nano.a(libc_a-mlock.o)
                0x0800ea54                __malloc_unlock
 .text.__ssputs_r
                0x0800ea60       0xb6 C:/ST/STM32CubeIDE_1.18.0/STM32CubeIDE/plugins/com.st.stm32cube.ide.mcu.externaltools.gnu-tools-for-stm32.13.3.rel1.win32_1.0.0.202411081344/tools/bin/../lib/gcc/arm-none-eabi/13.3.1/../../../../arm-none-eabi/lib/thumb/v7e-m+fp/hard\libc_nano.a(libc_a-nano-svfprintf.o)
                0x0800ea60                __ssputs_r
 *fill*         0x0800eb16        0x2 
 .text._svfprintf_r
                0x0800eb18      0x1f8 C:/ST/STM32CubeIDE_1.18.0/STM32CubeIDE/plugins/com.st.stm32cube.ide.mcu.externaltools.gnu-tools-for-stm32.13.3.rel1.win32_1.0.0.202411081344/tools/bin/../lib/gcc/arm-none-eabi/13.3.1/../../../../arm-none-eabi/lib/thumb/v7e-m+fp/hard\libc_nano.a(libc_a-nano-svfprintf.o)
                0x0800eb18                _svfiprintf_r
                0x0800eb18                _svfprintf_r
 .text._printf_common
                0x0800ed10       0xda C:/ST/STM32CubeIDE_1.18.0/STM32CubeIDE/plugins/com.st.stm32cube.ide.mcu.externaltools.gnu-tools-for-stm32.13.3.rel1.win32_1.0.0.202411081344/tools/bin/../lib/gcc/arm-none-eabi/13.3.1/../../../../arm-none-eabi/lib/thumb/v7e-m+fp/hard\libc_nano.a(libc_a-nano-vfprintf_i.o)
                0x0800ed10                _printf_common
 *fill*         0x0800edea        0x2 
 .text._printf_i
                0x0800edec      0x23c C:/ST/STM32CubeIDE_1.18.0/STM32CubeIDE/plugins/com.st.stm32cube.ide.mcu.externaltools.gnu-tools-for-stm32.13.3.rel1.win32_1.0.0.202411081344/tools/bin/../lib/gcc/arm-none-eabi/13.3.1/../../../../arm-none-eabi/lib/thumb/v7e-m+fp/hard\libc_nano.a(libc_a-nano-vfprintf_i.o)
                0x0800edec                _printf_i
 .text.__sflush_r
                0x0800f028      0x108 C:/ST/STM32CubeIDE_1.18.0/STM32CubeIDE/plugins/com.st.stm32cube.ide.mcu.externaltools.gnu-tools-for-stm32.13.3.rel1.win32_1.0.0.202411081344/tools/bin/../lib/gcc/arm-none-eabi/13.3.1/../../../../arm-none-eabi/lib/thumb/v7e-m+fp/hard\libc_nano.a(libc_a-fflush.o)
                0x0800f028                __sflush_r
 .text._fflush_r
                0x0800f130       0x50 C:/ST/STM32CubeIDE_1.18.0/STM32CubeIDE/plugins/com.st.stm32cube.ide.mcu.externaltools.gnu-tools-for-stm32.13.3.rel1.win32_1.0.0.202411081344/tools/bin/../lib/gcc/arm-none-eabi/13.3.1/../../../../arm-none-eabi/lib/thumb/v7e-m+fp/hard\libc_nano.a(libc_a-fflush.o)
                0x0800f130                _fflush_r
 .text.fprintf  0x0800f180       0x24 C:/ST/STM32CubeIDE_1.18.0/STM32CubeIDE/plugins/com.st.stm32cube.ide.mcu.externaltools.gnu-tools-for-stm32.13.3.rel1.win32_1.0.0.202411081344/tools/bin/../lib/gcc/arm-none-eabi/13.3.1/../../../../arm-none-eabi/lib/thumb/v7e-m+fp/hard\libc_nano.a(libc_a-fprintf.o)
                0x0800f180                fiprintf
                0x0800f180                fprintf
 .text.memmove  0x0800f1a4       0x34 C:/ST/STM32CubeIDE_1.18.0/STM32CubeIDE/plugins/com.st.stm32cube.ide.mcu.externaltools.gnu-tools-for-stm32.13.3.rel1.win32_1.0.0.202411081344/tools/bin/../lib/gcc/arm-none-eabi/13.3.1/../../../../arm-none-eabi/lib/thumb/v7e-m+fp/hard\libc_nano.a(libc_a-memmove.o)
                0x0800f1a4                memmove
 .text._sbrk_r  0x0800f1d8       0x20 C:/ST/STM32CubeIDE_1.18.0/STM32CubeIDE/plugins/com.st.stm32cube.ide.mcu.externaltools.gnu-tools-for-stm32.13.3.rel1.win32_1.0.0.202411081344/tools/bin/../lib/gcc/arm-none-eabi/13.3.1/../../../../arm-none-eabi/lib/thumb/v7e-m+fp/hard\libc_nano.a(libc_a-sbrkr.o)
                0x0800f1d8                _sbrk_r
 .text.abort    0x0800f1f8        0xe C:/ST/STM32CubeIDE_1.18.0/STM32CubeIDE/plugins/com.st.stm32cube.ide.mcu.externaltools.gnu-tools-for-stm32.13.3.rel1.win32_1.0.0.202411081344/tools/bin/../lib/gcc/arm-none-eabi/13.3.1/../../../../arm-none-eabi/lib/thumb/v7e-m+fp/hard\libc_nano.a(libc_a-abort.o)
                0x0800f1f8                abort
 .text._realloc_r
                0x0800f206       0x5c C:/ST/STM32CubeIDE_1.18.0/STM32CubeIDE/plugins/com.st.stm32cube.ide.mcu.externaltools.gnu-tools-for-stm32.13.3.rel1.win32_1.0.0.202411081344/tools/bin/../lib/gcc/arm-none-eabi/13.3.1/../../../../arm-none-eabi/lib/thumb/v7e-m+fp/hard\libc_nano.a(libc_a-reallocr.o)
                0x0800f206                _realloc_r
 .text.__sfputc_r
                0x0800f262       0x2e C:/ST/STM32CubeIDE_1.18.0/STM32CubeIDE/plugins/com.st.stm32cube.ide.mcu.externaltools.gnu-tools-for-stm32.13.3.rel1.win32_1.0.0.202411081344/tools/bin/../lib/gcc/arm-none-eabi/13.3.1/../../../../arm-none-eabi/lib/thumb/v7e-m+fp/hard\libc_nano.a(libc_a-nano-vfprintf.o)
 .text.__sfputs_r
                0x0800f290       0x24 C:/ST/STM32CubeIDE_1.18.0/STM32CubeIDE/plugins/com.st.stm32cube.ide.mcu.externaltools.gnu-tools-for-stm32.13.3.rel1.win32_1.0.0.202411081344/tools/bin/../lib/gcc/arm-none-eabi/13.3.1/../../../../arm-none-eabi/lib/thumb/v7e-m+fp/hard\libc_nano.a(libc_a-nano-vfprintf.o)
                0x0800f290                __sfputs_r
 .text._vfprintf_r
                0x0800f2b4      0x230 C:/ST/STM32CubeIDE_1.18.0/STM32CubeIDE/plugins/com.st.stm32cube.ide.mcu.externaltools.gnu-tools-for-stm32.13.3.rel1.win32_1.0.0.202411081344/tools/bin/../lib/gcc/arm-none-eabi/13.3.1/../../../../arm-none-eabi/lib/thumb/v7e-m+fp/hard\libc_nano.a(libc_a-nano-vfprintf.o)
                0x0800f2b4                _vfprintf_r
                0x0800f2b4                _vfiprintf_r
 .text.__swbuf_r
                0x0800f4e4       0x7c C:/ST/STM32CubeIDE_1.18.0/STM32CubeIDE/plugins/com.st.stm32cube.ide.mcu.externaltools.gnu-tools-for-stm32.13.3.rel1.win32_1.0.0.202411081344/tools/bin/../lib/gcc/arm-none-eabi/13.3.1/../../../../arm-none-eabi/lib/thumb/v7e-m+fp/hard\libc_nano.a(libc_a-wbuf.o)
                0x0800f4e4                __swbuf_r
 .text.__swsetup_r
                0x0800f560       0xac C:/ST/STM32CubeIDE_1.18.0/STM32CubeIDE/plugins/com.st.stm32cube.ide.mcu.externaltools.gnu-tools-for-stm32.13.3.rel1.win32_1.0.0.202411081344/tools/bin/../lib/gcc/arm-none-eabi/13.3.1/../../../../arm-none-eabi/lib/thumb/v7e-m+fp/hard\libc_nano.a(libc_a-wsetup.o)
                0x0800f560                __swsetup_r
 .text._raise_r
                0x0800f60c       0x50 C:/ST/STM32CubeIDE_1.18.0/STM32CubeIDE/plugins/com.st.stm32cube.ide.mcu.externaltools.gnu-tools-for-stm32.13.3.rel1.win32_1.0.0.202411081344/tools/bin/../lib/gcc/arm-none-eabi/13.3.1/../../../../arm-none-eabi/lib/thumb/v7e-m+fp/hard\libc_nano.a(libc_a-signal.o)
                0x0800f60c                _raise_r
 .text.raise    0x0800f65c       0x10 C:/ST/STM32CubeIDE_1.18.0/STM32CubeIDE/plugins/com.st.stm32cube.ide.mcu.externaltools.gnu-tools-for-stm32.13.3.rel1.win32_1.0.0.202411081344/tools/bin/../lib/gcc/arm-none-eabi/13.3.1/../../../../arm-none-eabi/lib/thumb/v7e-m+fp/hard\libc_nano.a(libc_a-signal.o)
                0x0800f65c                raise
 .text._kill_r  0x0800f66c       0x24 C:/ST/STM32CubeIDE_1.18.0/STM32CubeIDE/plugins/com.st.stm32cube.ide.mcu.externaltools.gnu-tools-for-stm32.13.3.rel1.win32_1.0.0.202411081344/tools/bin/../lib/gcc/arm-none-eabi/13.3.1/../../../../arm-none-eabi/lib/thumb/v7e-m+fp/hard\libc_nano.a(libc_a-signalr.o)
                0x0800f66c                _kill_r
 .text._getpid_r
                0x0800f690        0x4 C:/ST/STM32CubeIDE_1.18.0/STM32CubeIDE/plugins/com.st.stm32cube.ide.mcu.externaltools.gnu-tools-for-stm32.13.3.rel1.win32_1.0.0.202411081344/tools/bin/../lib/gcc/arm-none-eabi/13.3.1/../../../../arm-none-eabi/lib/thumb/v7e-m+fp/hard\libc_nano.a(libc_a-signalr.o)
                0x0800f690                _getpid_r
 .text._malloc_usable_size_r
                0x0800f694       0x10 C:/ST/STM32CubeIDE_1.18.0/STM32CubeIDE/plugins/com.st.stm32cube.ide.mcu.externaltools.gnu-tools-for-stm32.13.3.rel1.win32_1.0.0.202411081344/tools/bin/../lib/gcc/arm-none-eabi/13.3.1/../../../../arm-none-eabi/lib/thumb/v7e-m+fp/hard\libc_nano.a(libc_a-msizer.o)
                0x0800f694                _malloc_usable_size_r
 .text.__swhatbuf_r
                0x0800f6a4       0x4c C:/ST/STM32CubeIDE_1.18.0/STM32CubeIDE/plugins/com.st.stm32cube.ide.mcu.externaltools.gnu-tools-for-stm32.13.3.rel1.win32_1.0.0.202411081344/tools/bin/../lib/gcc/arm-none-eabi/13.3.1/../../../../arm-none-eabi/lib/thumb/v7e-m+fp/hard\libc_nano.a(libc_a-makebuf.o)
                0x0800f6a4                __swhatbuf_r
 .text.__smakebuf_r
                0x0800f6f0       0x78 C:/ST/STM32CubeIDE_1.18.0/STM32CubeIDE/plugins/com.st.stm32cube.ide.mcu.externaltools.gnu-tools-for-stm32.13.3.rel1.win32_1.0.0.202411081344/tools/bin/../lib/gcc/arm-none-eabi/13.3.1/../../../../arm-none-eabi/lib/thumb/v7e-m+fp/hard\libc_nano.a(libc_a-makebuf.o)
                0x0800f6f0                __smakebuf_r
 .text._fstat_r
                0x0800f768       0x24 C:/ST/STM32CubeIDE_1.18.0/STM32CubeIDE/plugins/com.st.stm32cube.ide.mcu.externaltools.gnu-tools-for-stm32.13.3.rel1.win32_1.0.0.202411081344/tools/bin/../lib/gcc/arm-none-eabi/13.3.1/../../../../arm-none-eabi/lib/thumb/v7e-m+fp/hard\libc_nano.a(libc_a-fstatr.o)
                0x0800f768                _fstat_r
 .text._isatty_r
                0x0800f78c       0x20 C:/ST/STM32CubeIDE_1.18.0/STM32CubeIDE/plugins/com.st.stm32cube.ide.mcu.externaltools.gnu-tools-for-stm32.13.3.rel1.win32_1.0.0.202411081344/tools/bin/../lib/gcc/arm-none-eabi/13.3.1/../../../../arm-none-eabi/lib/thumb/v7e-m+fp/hard\libc_nano.a(libc_a-isattyr.o)
                0x0800f78c                _isatty_r
 *(.glue_7)
 .glue_7        0x0800f7ac        0x0 linker stubs
 *(.glue_7t)
 .glue_7t       0x0800f7ac        0x0 linker stubs
 *(.eh_frame)
 .eh_frame      0x0800f7ac        0x0 C:/ST/STM32CubeIDE_1.18.0/STM32CubeIDE/plugins/com.st.stm32cube.ide.mcu.externaltools.gnu-tools-for-stm32.13.3.rel1.win32_1.0.0.202411081344/tools/bin/../lib/gcc/arm-none-eabi/13.3.1/thumb/v7e-m+fp/hard/crtbegin.o
 *(.init)
 .init          0x0800f7ac        0x4 C:/ST/STM32CubeIDE_1.18.0/STM32CubeIDE/plugins/com.st.stm32cube.ide.mcu.externaltools.gnu-tools-for-stm32.13.3.rel1.win32_1.0.0.202411081344/tools/bin/../lib/gcc/arm-none-eabi/13.3.1/thumb/v7e-m+fp/hard/crti.o
                0x0800f7ac                _init
 .init          0x0800f7b0        0x8 C:/ST/STM32CubeIDE_1.18.0/STM32CubeIDE/plugins/com.st.stm32cube.ide.mcu.externaltools.gnu-tools-for-stm32.13.3.rel1.win32_1.0.0.202411081344/tools/bin/../lib/gcc/arm-none-eabi/13.3.1/thumb/v7e-m+fp/hard/crtn.o
 *(.fini)
 .fini          0x0800f7b8        0x4 C:/ST/STM32CubeIDE_1.18.0/STM32CubeIDE/plugins/com.st.stm32cube.ide.mcu.externaltools.gnu-tools-for-stm32.13.3.rel1.win32_1.0.0.202411081344/tools/bin/../lib/gcc/arm-none-eabi/13.3.1/thumb/v7e-m+fp/hard/crti.o
                0x0800f7b8                _fini
 .fini          0x0800f7bc        0x8 C:/ST/STM32CubeIDE_1.18.0/STM32CubeIDE/plugins/com.st.stm32cube.ide.mcu.externaltools.gnu-tools-for-stm32.13.3.rel1.win32_1.0.0.202411081344/tools/bin/../lib/gcc/arm-none-eabi/13.3.1/thumb/v7e-m+fp/hard/crtn.o
                0x0800f7c4                        . = ALIGN (0x4)
                0x0800f7c4                        _etext = .

.vfp11_veneer   0x0800f7c4        0x0
 .vfp11_veneer  0x0800f7c4        0x0 linker stubs

.v4_bx          0x0800f7c4        0x0
 .v4_bx         0x0800f7c4        0x0 linker stubs

.iplt           0x0800f7c4        0x0
 .iplt          0x0800f7c4        0x0 C:/ST/STM32CubeIDE_1.18.0/STM32CubeIDE/plugins/com.st.stm32cube.ide.mcu.externaltools.gnu-tools-for-stm32.13.3.rel1.win32_1.0.0.202411081344/tools/bin/../lib/gcc/arm-none-eabi/13.3.1/thumb/v7e-m+fp/hard/crtbegin.o

.rodata         0x0800f7c4     0x1000
                0x0800f7c4                        . = ALIGN (0x4)
 *(.rodata)
 .rodata        0x0800f7c4      0xa8d ./Core/Src/comport.o
 *fill*         0x08010251        0x3 
 .rodata        0x08010254      0x2c4 ./Core/Src/main.o
 .rodata        0x08010518       0x68 ./Core/Src/ppe3323.o
 .rodata        0x08010580       0x46 ./USB_DEVICE/App/usbd_desc.o
 *(.rodata*)
 *fill*         0x080105c6        0x2 
 .rodata.AHBPrescTable
                0x080105c8       0x10 ./Core/Src/system_stm32f4xx.o
                0x080105c8                AHBPrescTable
 .rodata.APBPrescTable