../Core/Src/main.c:73:6:HAL_TIM_PeriodElapsedCallback	16	static
../Core/Src/main.c:78:6:HAL_UART_TxCpltCallback	16	static
../Core/Src/main.c:85:6:HAL_UART_ErrorCallback	16	static
../Core/Src/main.c:92:13:process_ppe_command	16	static
../Core/Src/main.c:173:5:main	40	static
../Core/Src/main.c:484:6:SystemClock_Config	88	static
../Core/Src/main.c:532:13:MX_TIM2_Init	32	static
../Core/Src/main.c:577:13:MX_USART1_UART_Init	8	static
../Core/Src/main.c:610:13:MX_GPIO_Init	48	static
../Core/Src/main.c:666:6:Error_Handler	4	static,ignoring_inline_asm
