../Core/Src/main.c:143:6:start_timer	8	static
../Core/Src/main.c:148:6:stop_timer	8	static
../Core/Src/main.c:153:13:rom_cmd_has_address	16	static
../Core/Src/main.c:158:13:start_power_phase	16	static
../Core/Src/main.c:168:9:crc5	32	static
../Core/Src/main.c:180:6:start_segment	16	static
../Core/Src/main.c:195:13:on_segment_done	16	static
../Core/Src/main.c:247:6:HAL_TIM_PeriodElapsedCallback	24	static
../Core/Src/main.c:320:13:next_step	24	static
../Core/Src/main.c:398:6:send_pack_async	16	static
../Core/Src/main.c:424:6:protocol_init	8	static
../Core/Src/main.c:434:5:main	24	static
../Core/Src/main.c:530:6:SystemClock_Config	88	static
../Core/Src/main.c:572:13:MX_TIM2_Init	32	static
../Core/Src/main.c:617:13:MX_GPIO_Init	48	static
../Core/Src/main.c:663:6:Error_Handler	4	static,ignoring_inline_asm
